<?xml version="1.0" encoding="ISO-8859-1" ?>
<link_info>
   <banner>TI ARM Linker PC v18.1.3.LTS</banner>
   <copyright>Copyright (c) 1996-2017 Texas Instruments Incorporated</copyright>
   <link_time>0x5cc7d937</link_time>
   <link_errors>0x0</link_errors>
   <output_file>Project_2_client.out</output_file>
   <entry_point>
      <name>_c_int00_noargs</name>
      <address>0x6d3d</address>
   </entry_point>
   <input_file_list>
      <input_file id="fl-2">
         <path>.\</path>
         <kind>object</kind>
         <file>actuator.obj</file>
         <name>actuator.obj</name>
      </input_file>
      <input_file id="fl-3">
         <path>.\</path>
         <kind>object</kind>
         <file>button.obj</file>
         <name>button.obj</name>
      </input_file>
      <input_file id="fl-4">
         <path>.\</path>
         <kind>object</kind>
         <file>gps_driver.obj</file>
         <name>gps_driver.obj</name>
      </input_file>
      <input_file id="fl-5">
         <path>.\</path>
         <kind>object</kind>
         <file>i2c_driver.obj</file>
         <name>i2c_driver.obj</name>
      </input_file>
      <input_file id="fl-6">
         <path>.\</path>
         <kind>object</kind>
         <file>lcd_driver.obj</file>
         <name>lcd_driver.obj</name>
      </input_file>
      <input_file id="fl-7">
         <path>.\</path>
         <kind>object</kind>
         <file>main.obj</file>
         <name>main.obj</name>
      </input_file>
      <input_file id="fl-8">
         <path>.\</path>
         <kind>object</kind>
         <file>mpu6050.obj</file>
         <name>mpu6050.obj</name>
      </input_file>
      <input_file id="fl-9">
         <path>.\</path>
         <kind>object</kind>
         <file>nrf24l01.obj</file>
         <name>nrf24l01.obj</name>
      </input_file>
      <input_file id="fl-a">
         <path>.\</path>
         <kind>object</kind>
         <file>rf_comm.obj</file>
         <name>rf_comm.obj</name>
      </input_file>
      <input_file id="fl-b">
         <path>.\</path>
         <kind>object</kind>
         <file>sensor.obj</file>
         <name>sensor.obj</name>
      </input_file>
      <input_file id="fl-c">
         <path>.\</path>
         <kind>object</kind>
         <file>spi_driver.obj</file>
         <name>spi_driver.obj</name>
      </input_file>
      <input_file id="fl-d">
         <path>.\</path>
         <kind>object</kind>
         <file>startup_ccs.obj</file>
         <name>startup_ccs.obj</name>
      </input_file>
      <input_file id="fl-e">
         <path>.\</path>
         <kind>object</kind>
         <file>uart_driver.obj</file>
         <name>uart_driver.obj</name>
      </input_file>
      <input_file id="fl-f">
         <path>.\drivers\</path>
         <kind>object</kind>
         <file>buttons.obj</file>
         <name>buttons.obj</name>
      </input_file>
      <input_file id="fl-10">
         <path>.\drivers\</path>
         <kind>object</kind>
         <file>eth_client_lwip.obj</file>
         <name>eth_client_lwip.obj</name>
      </input_file>
      <input_file id="fl-11">
         <path>.\drivers\</path>
         <kind>object</kind>
         <file>exosite_hal_lwip.obj</file>
         <name>exosite_hal_lwip.obj</name>
      </input_file>
      <input_file id="fl-12">
         <path>.\drivers\</path>
         <kind>object</kind>
         <file>http.obj</file>
         <name>http.obj</name>
      </input_file>
      <input_file id="fl-13">
         <path>.\drivers\</path>
         <kind>object</kind>
         <file>pinout.obj</file>
         <name>pinout.obj</name>
      </input_file>
      <input_file id="fl-14">
         <path>.\third_party\FreeRTOS\Source\</path>
         <kind>object</kind>
         <file>list.obj</file>
         <name>list.obj</name>
      </input_file>
      <input_file id="fl-15">
         <path>.\third_party\FreeRTOS\Source\</path>
         <kind>object</kind>
         <file>queue.obj</file>
         <name>queue.obj</name>
      </input_file>
      <input_file id="fl-16">
         <path>.\third_party\FreeRTOS\Source\</path>
         <kind>object</kind>
         <file>tasks.obj</file>
         <name>tasks.obj</name>
      </input_file>
      <input_file id="fl-17">
         <path>.\third_party\FreeRTOS\Source\</path>
         <kind>object</kind>
         <file>timers.obj</file>
         <name>timers.obj</name>
      </input_file>
      <input_file id="fl-18">
         <path>.\third_party\FreeRTOS\Source\portable\CCS\ARM_CM4F\</path>
         <kind>object</kind>
         <file>port.obj</file>
         <name>port.obj</name>
      </input_file>
      <input_file id="fl-19">
         <path>.\third_party\FreeRTOS\Source\portable\CCS\ARM_CM4F\</path>
         <kind>object</kind>
         <file>portasm.obj</file>
         <name>portasm.obj</name>
      </input_file>
      <input_file id="fl-1a">
         <path>.\third_party\FreeRTOS\Source\portable\MemMang\</path>
         <kind>object</kind>
         <file>heap_1.obj</file>
         <name>heap_1.obj</name>
      </input_file>
      <input_file id="fl-1b">
         <path>.\third_party\exosite\</path>
         <kind>object</kind>
         <file>exosite.obj</file>
         <name>exosite.obj</name>
      </input_file>
      <input_file id="fl-1c">
         <path>.\third_party\exosite\</path>
         <kind>object</kind>
         <file>exosite_meta.obj</file>
         <name>exosite_meta.obj</name>
      </input_file>
      <input_file id="fl-1d">
         <path>.\utils\</path>
         <kind>object</kind>
         <file>cmdline.obj</file>
         <name>cmdline.obj</name>
      </input_file>
      <input_file id="fl-1e">
         <path>.\utils\</path>
         <kind>object</kind>
         <file>flash_pb.obj</file>
         <name>flash_pb.obj</name>
      </input_file>
      <input_file id="fl-1f">
         <path>.\utils\</path>
         <kind>object</kind>
         <file>locator.obj</file>
         <name>locator.obj</name>
      </input_file>
      <input_file id="fl-20">
         <path>.\utils\</path>
         <kind>object</kind>
         <file>lwiplib.obj</file>
         <name>lwiplib.obj</name>
      </input_file>
      <input_file id="fl-21">
         <path>.\utils\</path>
         <kind>object</kind>
         <file>ringbuf.obj</file>
         <name>ringbuf.obj</name>
      </input_file>
      <input_file id="fl-22">
         <path>.\utils\</path>
         <kind>object</kind>
         <file>uartstdio.obj</file>
         <name>uartstdio.obj</name>
      </input_file>
      <input_file id="fl-23">
         <path>.\utils\</path>
         <kind>object</kind>
         <file>ustdlib.obj</file>
         <name>ustdlib.obj</name>
      </input_file>
      <input_file id="fl-29">
         <kind>object</kind>
         <file>&lt;internal&gt;</file>
         <name>&lt;internal&gt;</name>
      </input_file>
      <input_file id="fl-df">
         <path>C:\ti\ccsv8\tools\compiler\ti-cgt-arm_18.1.3.LTS\lib\</path>
         <kind>archive</kind>
         <file>rtsv7M4_T_le_v4SPD16_eabi.lib</file>
         <name>e_atan2.c.obj</name>
      </input_file>
      <input_file id="fl-e0">
         <path>C:\ti\ccsv8\tools\compiler\ti-cgt-arm_18.1.3.LTS\lib\</path>
         <kind>archive</kind>
         <file>rtsv7M4_T_le_v4SPD16_eabi.lib</file>
         <name>s_atan.c.obj</name>
      </input_file>
      <input_file id="fl-e1">
         <path>C:\ti\ccsv8\tools\compiler\ti-cgt-arm_18.1.3.LTS\lib\</path>
         <kind>archive</kind>
         <file>rtsv7M4_T_le_v4SPD16_eabi.lib</file>
         <name>s_cos.c.obj</name>
      </input_file>
      <input_file id="fl-e2">
         <path>C:\ti\ccsv8\tools\compiler\ti-cgt-arm_18.1.3.LTS\lib\</path>
         <kind>archive</kind>
         <file>rtsv7M4_T_le_v4SPD16_eabi.lib</file>
         <name>s_sin.c.obj</name>
      </input_file>
      <input_file id="fl-e3">
         <path>C:\ti\ccsv8\tools\compiler\ti-cgt-arm_18.1.3.LTS\lib\</path>
         <kind>archive</kind>
         <file>rtsv7M4_T_le_v4SPD16_eabi.lib</file>
         <name>memset_t2.asm.obj</name>
      </input_file>
      <input_file id="fl-e4">
         <path>C:\ti\ccsv8\tools\compiler\ti-cgt-arm_18.1.3.LTS\lib\</path>
         <kind>archive</kind>
         <file>rtsv7M4_T_le_v4SPD16_eabi.lib</file>
         <name>u_divt2.asm.obj</name>
      </input_file>
      <input_file id="fl-e5">
         <path>C:\ti\ccsv8\tools\compiler\ti-cgt-arm_18.1.3.LTS\lib\</path>
         <kind>archive</kind>
         <file>rtsv7M4_T_le_v4SPD16_eabi.lib</file>
         <name>fd_add_t2.asm.obj</name>
      </input_file>
      <input_file id="fl-e6">
         <path>C:\ti\ccsv8\tools\compiler\ti-cgt-arm_18.1.3.LTS\lib\</path>
         <kind>archive</kind>
         <file>rtsv7M4_T_le_v4SPD16_eabi.lib</file>
         <name>fd_cmp_t2.asm.obj</name>
      </input_file>
      <input_file id="fl-e7">
         <path>C:\ti\ccsv8\tools\compiler\ti-cgt-arm_18.1.3.LTS\lib\</path>
         <kind>archive</kind>
         <file>rtsv7M4_T_le_v4SPD16_eabi.lib</file>
         <name>fd_div_t2.asm.obj</name>
      </input_file>
      <input_file id="fl-e8">
         <path>C:\ti\ccsv8\tools\compiler\ti-cgt-arm_18.1.3.LTS\lib\</path>
         <kind>archive</kind>
         <file>rtsv7M4_T_le_v4SPD16_eabi.lib</file>
         <name>fd_mul_t2.asm.obj</name>
      </input_file>
      <input_file id="fl-e9">
         <path>C:\ti\ccsv8\tools\compiler\ti-cgt-arm_18.1.3.LTS\lib\</path>
         <kind>archive</kind>
         <file>rtsv7M4_T_le_v4SPD16_eabi.lib</file>
         <name>fd_toi_t2.asm.obj</name>
      </input_file>
      <input_file id="fl-ea">
         <path>C:\ti\ccsv8\tools\compiler\ti-cgt-arm_18.1.3.LTS\lib\</path>
         <kind>archive</kind>
         <file>rtsv7M4_T_le_v4SPD16_eabi.lib</file>
         <name>fd_tos_t2.asm.obj</name>
      </input_file>
      <input_file id="fl-eb">
         <path>C:\ti\ccsv8\tools\compiler\ti-cgt-arm_18.1.3.LTS\lib\</path>
         <kind>archive</kind>
         <file>rtsv7M4_T_le_v4SPD16_eabi.lib</file>
         <name>fs_tod_t2.asm.obj</name>
      </input_file>
      <input_file id="fl-ec">
         <path>C:\ti\ccsv8\tools\compiler\ti-cgt-arm_18.1.3.LTS\lib\</path>
         <kind>archive</kind>
         <file>rtsv7M4_T_le_v4SPD16_eabi.lib</file>
         <name>i_tofd_t2.asm.obj</name>
      </input_file>
      <input_file id="fl-ed">
         <path>C:\ti\ccsv8\tools\compiler\ti-cgt-arm_18.1.3.LTS\lib\</path>
         <kind>archive</kind>
         <file>rtsv7M4_T_le_v4SPD16_eabi.lib</file>
         <name>memcpy_t2.asm.obj</name>
      </input_file>
      <input_file id="fl-ee">
         <path>C:\ti\ccsv8\tools\compiler\ti-cgt-arm_18.1.3.LTS\lib\</path>
         <kind>archive</kind>
         <file>rtsv7M4_T_le_v4SPD16_eabi.lib</file>
         <name>u_tofd_t2.asm.obj</name>
      </input_file>
      <input_file id="fl-ef">
         <path>C:\ti\ccsv8\tools\compiler\ti-cgt-arm_18.1.3.LTS\lib\</path>
         <kind>archive</kind>
         <file>rtsv7M4_T_le_v4SPD16_eabi.lib</file>
         <name>copy_zero_init.c.obj</name>
      </input_file>
      <input_file id="fl-f0">
         <path>C:\ti\ccsv8\tools\compiler\ti-cgt-arm_18.1.3.LTS\lib\</path>
         <kind>archive</kind>
         <file>rtsv7M4_T_le_v4SPD16_eabi.lib</file>
         <name>copy_decompress_none.c.obj</name>
      </input_file>
      <input_file id="fl-f1">
         <path>C:\ti\ccsv8\tools\compiler\ti-cgt-arm_18.1.3.LTS\lib\</path>
         <kind>archive</kind>
         <file>rtsv7M4_T_le_v4SPD16_eabi.lib</file>
         <name>copy_decompress_lzss.c.obj</name>
      </input_file>
      <input_file id="fl-f2">
         <path>C:\ti\ccsv8\tools\compiler\ti-cgt-arm_18.1.3.LTS\lib\</path>
         <kind>archive</kind>
         <file>rtsv7M4_T_le_v4SPD16_eabi.lib</file>
         <name>atoi.c.obj</name>
      </input_file>
      <input_file id="fl-f3">
         <path>C:\ti\ccsv8\tools\compiler\ti-cgt-arm_18.1.3.LTS\lib\</path>
         <kind>archive</kind>
         <file>rtsv7M4_T_le_v4SPD16_eabi.lib</file>
         <name>clock.c.obj</name>
      </input_file>
      <input_file id="fl-f4">
         <path>C:\ti\ccsv8\tools\compiler\ti-cgt-arm_18.1.3.LTS\lib\</path>
         <kind>archive</kind>
         <file>rtsv7M4_T_le_v4SPD16_eabi.lib</file>
         <name>ctype.c.obj</name>
      </input_file>
      <input_file id="fl-f5">
         <path>C:\ti\ccsv8\tools\compiler\ti-cgt-arm_18.1.3.LTS\lib\</path>
         <kind>archive</kind>
         <file>rtsv7M4_T_le_v4SPD16_eabi.lib</file>
         <name>memcmp.c.obj</name>
      </input_file>
      <input_file id="fl-f6">
         <path>C:\ti\ccsv8\tools\compiler\ti-cgt-arm_18.1.3.LTS\lib\</path>
         <kind>archive</kind>
         <file>rtsv7M4_T_le_v4SPD16_eabi.lib</file>
         <name>strcat.c.obj</name>
      </input_file>
      <input_file id="fl-f7">
         <path>C:\ti\ccsv8\tools\compiler\ti-cgt-arm_18.1.3.LTS\lib\</path>
         <kind>archive</kind>
         <file>rtsv7M4_T_le_v4SPD16_eabi.lib</file>
         <name>strcmp.c.obj</name>
      </input_file>
      <input_file id="fl-f8">
         <path>C:\ti\ccsv8\tools\compiler\ti-cgt-arm_18.1.3.LTS\lib\</path>
         <kind>archive</kind>
         <file>rtsv7M4_T_le_v4SPD16_eabi.lib</file>
         <name>strlen.c.obj</name>
      </input_file>
      <input_file id="fl-f9">
         <path>C:\ti\ccsv8\tools\compiler\ti-cgt-arm_18.1.3.LTS\lib\</path>
         <kind>archive</kind>
         <file>rtsv7M4_T_le_v4SPD16_eabi.lib</file>
         <name>strncmp.c.obj</name>
      </input_file>
      <input_file id="fl-fa">
         <path>C:\ti\ccsv8\tools\compiler\ti-cgt-arm_18.1.3.LTS\lib\</path>
         <kind>archive</kind>
         <file>rtsv7M4_T_le_v4SPD16_eabi.lib</file>
         <name>strncpy.c.obj</name>
      </input_file>
      <input_file id="fl-fb">
         <path>C:\ti\ccsv8\tools\compiler\ti-cgt-arm_18.1.3.LTS\lib\</path>
         <kind>archive</kind>
         <file>rtsv7M4_T_le_v4SPD16_eabi.lib</file>
         <name>hostclock.c.obj</name>
      </input_file>
      <input_file id="fl-fc">
         <path>C:\ti\ccsv8\tools\compiler\ti-cgt-arm_18.1.3.LTS\lib\</path>
         <kind>archive</kind>
         <file>rtsv7M4_T_le_v4SPD16_eabi.lib</file>
         <name>hostopen.c.obj</name>
      </input_file>
      <input_file id="fl-fd">
         <path>C:\ti\ccsv8\tools\compiler\ti-cgt-arm_18.1.3.LTS\lib\</path>
         <kind>archive</kind>
         <file>rtsv7M4_T_le_v4SPD16_eabi.lib</file>
         <name>trgmsg.c.obj</name>
      </input_file>
      <input_file id="fl-fe">
         <path>C:\ti\ccsv8\tools\compiler\ti-cgt-arm_18.1.3.LTS\lib\</path>
         <kind>archive</kind>
         <file>rtsv7M4_T_le_v4SPD16_eabi.lib</file>
         <name>boot_cortex_m.c.obj</name>
      </input_file>
      <input_file id="fl-ff">
         <path>C:\ti\ccsv8\tools\compiler\ti-cgt-arm_18.1.3.LTS\lib\</path>
         <kind>archive</kind>
         <file>rtsv7M4_T_le_v4SPD16_eabi.lib</file>
         <name>k_rem_pio2.c.obj</name>
      </input_file>
      <input_file id="fl-100">
         <path>C:\ti\ccsv8\tools\compiler\ti-cgt-arm_18.1.3.LTS\lib\</path>
         <kind>archive</kind>
         <file>rtsv7M4_T_le_v4SPD16_eabi.lib</file>
         <name>k_cos.c.obj</name>
      </input_file>
      <input_file id="fl-101">
         <path>C:\ti\ccsv8\tools\compiler\ti-cgt-arm_18.1.3.LTS\lib\</path>
         <kind>archive</kind>
         <file>rtsv7M4_T_le_v4SPD16_eabi.lib</file>
         <name>k_sin.c.obj</name>
      </input_file>
      <input_file id="fl-102">
         <path>C:\ti\ccsv8\tools\compiler\ti-cgt-arm_18.1.3.LTS\lib\</path>
         <kind>archive</kind>
         <file>rtsv7M4_T_le_v4SPD16_eabi.lib</file>
         <name>s_floor.c.obj</name>
      </input_file>
      <input_file id="fl-103">
         <path>C:\ti\ccsv8\tools\compiler\ti-cgt-arm_18.1.3.LTS\lib\</path>
         <kind>archive</kind>
         <file>rtsv7M4_T_le_v4SPD16_eabi.lib</file>
         <name>s_scalbn.c.obj</name>
      </input_file>
      <input_file id="fl-104">
         <path>C:\ti\ccsv8\tools\compiler\ti-cgt-arm_18.1.3.LTS\lib\</path>
         <kind>archive</kind>
         <file>rtsv7M4_T_le_v4SPD16_eabi.lib</file>
         <name>s_copysign.c.obj</name>
      </input_file>
      <input_file id="fl-105">
         <path>C:\ti\ccsv8\tools\compiler\ti-cgt-arm_18.1.3.LTS\lib\</path>
         <kind>archive</kind>
         <file>rtsv7M4_T_le_v4SPD16_eabi.lib</file>
         <name>div0.asm.obj</name>
      </input_file>
      <input_file id="fl-106">
         <path>C:\ti\ccsv8\tools\compiler\ti-cgt-arm_18.1.3.LTS\lib\</path>
         <kind>archive</kind>
         <file>rtsv7M4_T_le_v4SPD16_eabi.lib</file>
         <name>autoinit.c.obj</name>
      </input_file>
      <input_file id="fl-107">
         <path>C:\ti\ccsv8\tools\compiler\ti-cgt-arm_18.1.3.LTS\lib\</path>
         <kind>archive</kind>
         <file>rtsv7M4_T_le_v4SPD16_eabi.lib</file>
         <name>pre_init.c.obj</name>
      </input_file>
      <input_file id="fl-108">
         <path>C:\ti\ccsv8\tools\compiler\ti-cgt-arm_18.1.3.LTS\lib\</path>
         <kind>archive</kind>
         <file>rtsv7M4_T_le_v4SPD16_eabi.lib</file>
         <name>cpy_tbl.c.obj</name>
      </input_file>
      <input_file id="fl-109">
         <path>C:\ti\ccsv8\tools\compiler\ti-cgt-arm_18.1.3.LTS\lib\</path>
         <kind>archive</kind>
         <file>rtsv7M4_T_le_v4SPD16_eabi.lib</file>
         <name>exit.c.obj</name>
      </input_file>
      <input_file id="fl-10a">
         <path>C:\ti\ccsv8\tools\compiler\ti-cgt-arm_18.1.3.LTS\lib\</path>
         <kind>archive</kind>
         <file>rtsv7M4_T_le_v4SPD16_eabi.lib</file>
         <name>_lock.c.obj</name>
      </input_file>
      <input_file id="fl-10b">
         <path>C:\ti\ccsv8\tools\compiler\ti-cgt-arm_18.1.3.LTS\lib\</path>
         <kind>archive</kind>
         <file>rtsv7M4_T_le_v4SPD16_eabi.lib</file>
         <name>args_main.c.obj</name>
      </input_file>
      <input_file id="fl-10c">
         <path>C:\ti\ccsv8\tools\compiler\ti-cgt-arm_18.1.3.LTS\lib\</path>
         <kind>archive</kind>
         <file>rtsv7M4_T_le_v4SPD16_eabi.lib</file>
         <name>errno.c.obj</name>
      </input_file>
      <input_file id="fl-10d">
         <path>C:\ti\TivaWare_C_Series-2.1.4.178\driverlib\ccs\Debug\</path>
         <kind>archive</kind>
         <file>driverlib.lib</file>
         <name>eeprom.obj</name>
      </input_file>
      <input_file id="fl-10e">
         <path>C:\ti\TivaWare_C_Series-2.1.4.178\driverlib\ccs\Debug\</path>
         <kind>archive</kind>
         <file>driverlib.lib</file>
         <name>emac.obj</name>
      </input_file>
      <input_file id="fl-10f">
         <path>C:\ti\TivaWare_C_Series-2.1.4.178\driverlib\ccs\Debug\</path>
         <kind>archive</kind>
         <file>driverlib.lib</file>
         <name>flash.obj</name>
      </input_file>
      <input_file id="fl-110">
         <path>C:\ti\TivaWare_C_Series-2.1.4.178\driverlib\ccs\Debug\</path>
         <kind>archive</kind>
         <file>driverlib.lib</file>
         <name>gpio.obj</name>
      </input_file>
      <input_file id="fl-111">
         <path>C:\ti\TivaWare_C_Series-2.1.4.178\driverlib\ccs\Debug\</path>
         <kind>archive</kind>
         <file>driverlib.lib</file>
         <name>i2c.obj</name>
      </input_file>
      <input_file id="fl-112">
         <path>C:\ti\TivaWare_C_Series-2.1.4.178\driverlib\ccs\Debug\</path>
         <kind>archive</kind>
         <file>driverlib.lib</file>
         <name>interrupt.obj</name>
      </input_file>
      <input_file id="fl-113">
         <path>C:\ti\TivaWare_C_Series-2.1.4.178\driverlib\ccs\Debug\</path>
         <kind>archive</kind>
         <file>driverlib.lib</file>
         <name>ssi.obj</name>
      </input_file>
      <input_file id="fl-114">
         <path>C:\ti\TivaWare_C_Series-2.1.4.178\driverlib\ccs\Debug\</path>
         <kind>archive</kind>
         <file>driverlib.lib</file>
         <name>sw_crc.obj</name>
      </input_file>
      <input_file id="fl-115">
         <path>C:\ti\TivaWare_C_Series-2.1.4.178\driverlib\ccs\Debug\</path>
         <kind>archive</kind>
         <file>driverlib.lib</file>
         <name>sysctl.obj</name>
      </input_file>
      <input_file id="fl-116">
         <path>C:\ti\TivaWare_C_Series-2.1.4.178\driverlib\ccs\Debug\</path>
         <kind>archive</kind>
         <file>driverlib.lib</file>
         <name>uart.obj</name>
      </input_file>
      <input_file id="fl-117">
         <path>C:\ti\TivaWare_C_Series-2.1.4.178\driverlib\ccs\Debug\</path>
         <kind>archive</kind>
         <file>driverlib.lib</file>
         <name>cpu.obj</name>
      </input_file>
   </input_file_list>
   <object_component_list>
      <object_component id="oc-f">
         <name>.intvecs</name>
         <load_address>0x0</load_address>
         <run_address>0x0</run_address>
         <size>0x200</size>
         <input_file_ref idref="fl-d"/>
      </object_component>
      <object_component id="oc-7b3">
         <name>.text:__kernel_rem_pio2</name>
         <load_address>0x200</load_address>
         <run_address>0x200</run_address>
         <size>0x738</size>
         <input_file_ref idref="fl-ff"/>
      </object_component>
      <object_component id="oc-640">
         <name>.text:cos</name>
         <load_address>0x938</load_address>
         <run_address>0x938</run_address>
         <size>0x5dc</size>
         <input_file_ref idref="fl-e1"/>
      </object_component>
      <object_component id="oc-63a">
         <name>.text:sin</name>
         <load_address>0xf14</load_address>
         <run_address>0xf14</run_address>
         <size>0x5c4</size>
         <input_file_ref idref="fl-e2"/>
      </object_component>
      <object_component id="oc-358">
         <name>.text:UARTvprintf</name>
         <load_address>0x14d8</load_address>
         <run_address>0x14d8</run_address>
         <size>0x30c</size>
         <input_file_ref idref="fl-22"/>
      </object_component>
      <object_component id="oc-7c9">
         <name>.text:atan</name>
         <load_address>0x17e4</load_address>
         <run_address>0x17e4</run_address>
         <size>0x2ec</size>
         <input_file_ref idref="fl-e0"/>
      </object_component>
      <object_component id="oc-5f2">
         <name>.text:gps_term_complete</name>
         <load_address>0x1ad0</load_address>
         <run_address>0x1ad0</run_address>
         <size>0x2e0</size>
         <input_file_ref idref="fl-4"/>
      </object_component>
      <object_component id="oc-37a">
         <name>.text:Actuator_fn</name>
         <load_address>0x1db0</load_address>
         <run_address>0x1db0</run_address>
         <size>0x298</size>
         <input_file_ref idref="fl-2"/>
      </object_component>
      <object_component id="oc-21c">
         <name>.text:SysCtlClockFreqSet</name>
         <load_address>0x2048</load_address>
         <run_address>0x2048</run_address>
         <size>0x200</size>
         <input_file_ref idref="fl-115"/>
      </object_component>
      <object_component id="oc-64b">
         <name>.text:atan2</name>
         <load_address>0x2248</load_address>
         <run_address>0x2248</run_address>
         <size>0x1ec</size>
         <input_file_ref idref="fl-df"/>
      </object_component>
      <object_component id="oc-5d0">
         <name>.text</name>
         <load_address>0x2434</load_address>
         <run_address>0x2434</run_address>
         <size>0x1b6</size>
         <input_file_ref idref="fl-e5"/>
      </object_component>
      <object_component id="oc-30">
         <name>.text:FaultISR</name>
         <load_address>0x25ea</load_address>
         <run_address>0x25ea</run_address>
         <size>0x2</size>
         <input_file_ref idref="fl-d"/>
      </object_component>
      <object_component id="oc-47">
         <name>.text:UARTStdioIntHandler</name>
         <load_address>0x25ec</load_address>
         <run_address>0x25ec</run_address>
         <size>0x188</size>
         <input_file_ref idref="fl-22"/>
      </object_component>
      <object_component id="oc-4b7">
         <name>.text:gps_course_to</name>
         <load_address>0x2774</load_address>
         <run_address>0x2774</run_address>
         <size>0x188</size>
         <input_file_ref idref="fl-4"/>
      </object_component>
      <object_component id="oc-7a8">
         <name>.text:__kernel_sin</name>
         <load_address>0x28fc</load_address>
         <run_address>0x28fc</run_address>
         <size>0x174</size>
         <input_file_ref idref="fl-101"/>
      </object_component>
      <object_component id="oc-7b9">
         <name>.text:__kernel_cos</name>
         <load_address>0x2a70</load_address>
         <run_address>0x2a70</run_address>
         <size>0x16c</size>
         <input_file_ref idref="fl-100"/>
      </object_component>
      <object_component id="oc-443">
         <name>.text:xQueueGenericReceive</name>
         <load_address>0x2bdc</load_address>
         <run_address>0x2bdc</run_address>
         <size>0x16c</size>
         <input_file_ref idref="fl-15"/>
      </object_component>
      <object_component id="oc-464">
         <name>.text:ConfigureMPU</name>
         <load_address>0x2d48</load_address>
         <run_address>0x2d48</run_address>
         <size>0x168</size>
         <input_file_ref idref="fl-8"/>
      </object_component>
      <object_component id="oc-128">
         <name>.text:main</name>
         <load_address>0x2eb0</load_address>
         <run_address>0x2eb0</run_address>
         <size>0x154</size>
         <input_file_ref idref="fl-7"/>
      </object_component>
      <object_component id="oc-373">
         <name>.text:Sensor_fn</name>
         <load_address>0x3004</load_address>
         <run_address>0x3004</run_address>
         <size>0x14c</size>
         <input_file_ref idref="fl-b"/>
      </object_component>
      <object_component id="oc-364">
         <name>.text:xTaskGenericCreate</name>
         <load_address>0x3150</load_address>
         <run_address>0x3150</run_address>
         <size>0x138</size>
         <input_file_ref idref="fl-16"/>
      </object_component>
      <object_component id="oc-608">
         <name>.text</name>
         <load_address>0x3288</load_address>
         <run_address>0x3288</run_address>
         <size>0x136</size>
         <input_file_ref idref="fl-e7"/>
      </object_component>
      <object_component id="oc-36">
         <name>.text:IntDefaultHandler</name>
         <load_address>0x33be</load_address>
         <run_address>0x33be</run_address>
         <size>0x2</size>
         <input_file_ref idref="fl-d"/>
      </object_component>
      <object_component id="oc-aa">
         <name>.text:xTaskIncrementTick</name>
         <load_address>0x33c0</load_address>
         <run_address>0x33c0</run_address>
         <size>0x134</size>
         <input_file_ref idref="fl-16"/>
      </object_component>
      <object_component id="oc-571">
         <name>.text:GPIOPadConfigSet</name>
         <load_address>0x34f4</load_address>
         <run_address>0x34f4</run_address>
         <size>0x132</size>
         <input_file_ref idref="fl-110"/>
      </object_component>
      <object_component id="oc-2a">
         <name>.text:NmiSR</name>
         <load_address>0x3626</load_address>
         <run_address>0x3626</run_address>
         <size>0x2</size>
         <input_file_ref idref="fl-d"/>
      </object_component>
      <object_component id="oc-476">
         <name>.text:get_time</name>
         <load_address>0x3628</load_address>
         <run_address>0x3628</run_address>
         <size>0x130</size>
         <input_file_ref idref="fl-b"/>
      </object_component>
      <object_component id="oc-dd">
         <name>.text:xQueueGenericSend</name>
         <load_address>0x3758</load_address>
         <run_address>0x3758</run_address>
         <size>0x128</size>
         <input_file_ref idref="fl-15"/>
      </object_component>
      <object_component id="oc-71c">
         <name>.text:SysCtlClockGet</name>
         <load_address>0x3880</load_address>
         <run_address>0x3880</run_address>
         <size>0x110</size>
         <input_file_ref idref="fl-115"/>
      </object_component>
      <object_component id="oc-84d">
         <name>.text:scalbn</name>
         <load_address>0x3990</load_address>
         <run_address>0x3990</run_address>
         <size>0x110</size>
         <input_file_ref idref="fl-103"/>
      </object_component>
      <object_component id="oc-43d">
         <name>.text:ConfigureNRF</name>
         <load_address>0x3aa0</load_address>
         <run_address>0x3aa0</run_address>
         <size>0x10c</size>
         <input_file_ref idref="fl-9"/>
      </object_component>
      <object_component id="oc-36b">
         <name>.text:Comm_fn</name>
         <load_address>0x3bac</load_address>
         <run_address>0x3bac</run_address>
         <size>0x104</size>
         <input_file_ref idref="fl-a"/>
      </object_component>
      <object_component id="oc-646">
         <name>.text</name>
         <load_address>0x3cb0</load_address>
         <run_address>0x3cb0</run_address>
         <size>0xfc</size>
         <input_file_ref idref="fl-e8"/>
      </object_component>
      <object_component id="oc-1b8">
         <name>.text:xTaskResumeAll</name>
         <load_address>0x3dac</load_address>
         <run_address>0x3dac</run_address>
         <size>0xfc</size>
         <input_file_ref idref="fl-16"/>
      </object_component>
      <object_component id="oc-853">
         <name>.text:floor</name>
         <load_address>0x3ea8</load_address>
         <run_address>0x3ea8</run_address>
         <size>0xf8</size>
         <input_file_ref idref="fl-102"/>
      </object_component>
      <object_component id="oc-488">
         <name>.text:gps_encode</name>
         <load_address>0x3fa0</load_address>
         <run_address>0x3fa0</run_address>
         <size>0xf4</size>
         <input_file_ref idref="fl-4"/>
      </object_component>
      <object_component id="oc-a3">
         <name>.text:vTaskSwitchContext</name>
         <load_address>0x4094</load_address>
         <run_address>0x4094</run_address>
         <size>0xf4</size>
         <input_file_ref idref="fl-16"/>
      </object_component>
      <object_component id="oc-5c5">
         <name>.text:I2Creceive</name>
         <load_address>0x4188</load_address>
         <run_address>0x4188</run_address>
         <size>0xec</size>
         <input_file_ref idref="fl-5"/>
      </object_component>
      <object_component id="oc-683">
         <name>.text:prvProcessReceivedCommands</name>
         <load_address>0x4274</load_address>
         <run_address>0x4274</run_address>
         <size>0xe8</size>
         <input_file_ref idref="fl-17"/>
      </object_component>
      <object_component id="oc-344">
         <name>.text:UARTStdioConfig</name>
         <load_address>0x435c</load_address>
         <run_address>0x435c</run_address>
         <size>0xd8</size>
         <input_file_ref idref="fl-22"/>
      </object_component>
      <object_component id="oc-3c">
         <name>.text</name>
         <load_address>0x4434</load_address>
         <run_address>0x4434</run_address>
         <size>0xd2</size>
         <input_file_ref idref="fl-19"/>
      </object_component>
      <object_component id="oc-4fb">
         <name>.text:_nop</name>
         <load_address>0x4506</load_address>
         <run_address>0x4506</run_address>
         <size>0x2</size>
         <input_file_ref idref="fl-10a"/>
      </object_component>
      <object_component id="oc-589">
         <name>.text:NRF_ISR</name>
         <load_address>0x4508</load_address>
         <run_address>0x4508</run_address>
         <size>0xc8</size>
         <input_file_ref idref="fl-a"/>
      </object_component>
      <object_component id="oc-4bd">
         <name>.text:lcdputfloat</name>
         <load_address>0x45d0</load_address>
         <run_address>0x45d0</run_address>
         <size>0xc8</size>
         <input_file_ref idref="fl-6"/>
      </object_component>
      <object_component id="oc-5a2">
         <name>.text:vTaskPriorityInherit</name>
         <load_address>0x4698</load_address>
         <run_address>0x4698</run_address>
         <size>0xc8</size>
         <input_file_ref idref="fl-16"/>
      </object_component>
      <object_component id="oc-bd">
         <name>.text:UARTwrite</name>
         <load_address>0x4760</load_address>
         <run_address>0x4760</run_address>
         <size>0xbc</size>
         <input_file_ref idref="fl-22"/>
      </object_component>
      <object_component id="oc-182">
         <name>.text:prvCopyDataToQueue</name>
         <load_address>0x481c</load_address>
         <run_address>0x481c</run_address>
         <size>0xbc</size>
         <input_file_ref idref="fl-15"/>
      </object_component>
      <object_component id="oc-4c3">
         <name>.text:vTaskDelete</name>
         <load_address>0x48d8</load_address>
         <run_address>0x48d8</run_address>
         <size>0xbc</size>
         <input_file_ref idref="fl-16"/>
      </object_component>
      <object_component id="oc-5bf">
         <name>.text:I2Csend</name>
         <load_address>0x4994</load_address>
         <run_address>0x4994</run_address>
         <size>0xb4</size>
         <input_file_ref idref="fl-5"/>
      </object_component>
      <object_component id="oc-4b1">
         <name>.text:lcdputstr</name>
         <load_address>0x4a48</load_address>
         <run_address>0x4a48</run_address>
         <size>0xb4</size>
         <input_file_ref idref="fl-6"/>
      </object_component>
      <object_component id="oc-2b4">
         <name>.text:xTaskPriorityDisinherit</name>
         <load_address>0x4afc</load_address>
         <run_address>0x4afc</run_address>
         <size>0xa8</size>
         <input_file_ref idref="fl-16"/>
      </object_component>
      <object_component id="oc-87a">
         <name>.text:prvSwitchTimerLists</name>
         <load_address>0x4ba4</load_address>
         <run_address>0x4ba4</run_address>
         <size>0xa4</size>
         <input_file_ref idref="fl-17"/>
      </object_component>
      <object_component id="oc-234">
         <name>.text:Comm_task</name>
         <load_address>0x4c48</load_address>
         <run_address>0x4c48</run_address>
         <size>0xa0</size>
         <input_file_ref idref="fl-a"/>
      </object_component>
      <object_component id="oc-424">
         <name>.text:prvInitialiseTCBVariables</name>
         <load_address>0x4ce8</load_address>
         <run_address>0x4ce8</run_address>
         <size>0xa0</size>
         <input_file_ref idref="fl-16"/>
      </object_component>
      <object_component id="oc-351">
         <name>.text:xQueueGenericReset</name>
         <load_address>0x4d88</load_address>
         <run_address>0x4d88</run_address>
         <size>0xa0</size>
         <input_file_ref idref="fl-15"/>
      </object_component>
      <object_component id="oc-67">
         <name>.text</name>
         <load_address>0x4e28</load_address>
         <run_address>0x4e28</run_address>
         <size>0x9c</size>
         <input_file_ref idref="fl-ed"/>
      </object_component>
      <object_component id="oc-b1">
         <name>.text:UARTPrimeTransmit</name>
         <load_address>0x4ec4</load_address>
         <run_address>0x4ec4</run_address>
         <size>0x94</size>
         <input_file_ref idref="fl-22"/>
      </object_component>
      <object_component id="oc-75b">
         <name>.text:gps_parse_decimal</name>
         <load_address>0x4f58</load_address>
         <run_address>0x4f58</run_address>
         <size>0x94</size>
         <input_file_ref idref="fl-4"/>
      </object_component>
      <object_component id="oc-767">
         <name>.text:gps_parse_degrees</name>
         <load_address>0x4fec</load_address>
         <run_address>0x4fec</run_address>
         <size>0x94</size>
         <input_file_ref idref="fl-4"/>
      </object_component>
      <object_component id="oc-240">
         <name>.text:Actuator_task</name>
         <load_address>0x5080</load_address>
         <run_address>0x5080</run_address>
         <size>0x90</size>
         <input_file_ref idref="fl-2"/>
      </object_component>
      <object_component id="oc-1e3">
         <name>.text:NRF_write</name>
         <load_address>0x5110</load_address>
         <run_address>0x5110</run_address>
         <size>0x90</size>
         <input_file_ref idref="fl-9"/>
      </object_component>
      <object_component id="oc-188">
         <name>.text:xTaskRemoveFromEventList</name>
         <load_address>0x51a0</load_address>
         <run_address>0x51a0</run_address>
         <size>0x90</size>
         <input_file_ref idref="fl-16"/>
      </object_component>
      <object_component id="oc-23a">
         <name>.text:Sensor_task</name>
         <load_address>0x5230</load_address>
         <run_address>0x5230</run_address>
         <size>0x8c</size>
         <input_file_ref idref="fl-b"/>
      </object_component>
      <object_component id="oc-88f">
         <name>.text:xQueueGenericSendFromISR</name>
         <load_address>0x52bc</load_address>
         <run_address>0x52bc</run_address>
         <size>0x8c</size>
         <input_file_ref idref="fl-15"/>
      </object_component>
      <object_component id="oc-246">
         <name>.text:vTaskStartScheduler</name>
         <load_address>0x5348</load_address>
         <run_address>0x5348</run_address>
         <size>0x88</size>
         <input_file_ref idref="fl-16"/>
      </object_component>
      <object_component id="oc-7ae">
         <name>.text:__aeabi_cdcmple</name>
         <load_address>0x53d0</load_address>
         <run_address>0x53d0</run_address>
         <size>0x86</size>
         <input_file_ref idref="fl-e6"/>
      </object_component>
      <object_component id="oc-859">
         <name>.text:__aeabi_cdrcmple</name>
         <load_address>0x5456</load_address>
         <run_address>0x5456</run_address>
         <size>0x86</size>
         <input_file_ref idref="fl-e6"/>
      </object_component>
      <object_component id="oc-45e">
         <name>.text:ConfigureUART_4_GPS</name>
         <load_address>0x54dc</load_address>
         <run_address>0x54dc</run_address>
         <size>0x84</size>
         <input_file_ref idref="fl-e"/>
      </object_component>
      <object_component id="oc-53">
         <name>.text:Timer1IntHandler</name>
         <load_address>0x5560</load_address>
         <run_address>0x5560</run_address>
         <size>0x84</size>
         <input_file_ref idref="fl-a"/>
      </object_component>
      <object_component id="oc-48e">
         <name>.text:gps_f_get_position</name>
         <load_address>0x55e4</load_address>
         <run_address>0x55e4</run_address>
         <size>0x84</size>
         <input_file_ref idref="fl-4"/>
      </object_component>
      <object_component id="oc-67d">
         <name>.text:prvProcessTimerOrBlockTask</name>
         <load_address>0x5668</load_address>
         <run_address>0x5668</run_address>
         <size>0x84</size>
         <input_file_ref idref="fl-17"/>
      </object_component>
      <object_component id="oc-1a0">
         <name>.text:xTaskCheckForTimeOut</name>
         <load_address>0x56ec</load_address>
         <run_address>0x56ec</run_address>
         <size>0x84</size>
         <input_file_ref idref="fl-16"/>
      </object_component>
      <object_component id="oc-1b2">
         <name>.text:prvUnlockQueue</name>
         <load_address>0x5770</load_address>
         <run_address>0x5770</run_address>
         <size>0x82</size>
         <input_file_ref idref="fl-15"/>
      </object_component>
      <object_component id="oc-530">
         <name>.text</name>
         <load_address>0x57f2</load_address>
         <run_address>0x57f2</run_address>
         <size>0x2</size>
         <input_file_ref idref="fl-105"/>
      </object_component>
      <object_component id="oc-559">
         <name>.text:ConfigureSPI2</name>
         <load_address>0x57f4</load_address>
         <run_address>0x57f4</run_address>
         <size>0x80</size>
         <input_file_ref idref="fl-c"/>
      </object_component>
      <object_component id="oc-34b">
         <name>.text:pvPortMalloc</name>
         <load_address>0x5874</load_address>
         <run_address>0x5874</run_address>
         <size>0x7c</size>
         <input_file_ref idref="fl-1a"/>
      </object_component>
      <object_component id="oc-11c">
         <name>.text</name>
         <load_address>0x58f0</load_address>
         <run_address>0x58f0</run_address>
         <size>0x7a</size>
         <input_file_ref idref="fl-e3"/>
      </object_component>
      <object_component id="oc-7f2">
         <name>.text:prvInsertTimerInActiveList</name>
         <load_address>0x596c</load_address>
         <run_address>0x596c</run_address>
         <size>0x78</size>
         <input_file_ref idref="fl-17"/>
      </object_component>
      <object_component id="oc-4a5">
         <name>.text:ConfigureLCD</name>
         <load_address>0x59e4</load_address>
         <run_address>0x59e4</run_address>
         <size>0x74</size>
         <input_file_ref idref="fl-6"/>
      </object_component>
      <object_component id="oc-470">
         <name>.text:ConfigureTIMER</name>
         <load_address>0x5a58</load_address>
         <run_address>0x5a58</run_address>
         <size>0x74</size>
         <input_file_ref idref="fl-b"/>
      </object_component>
      <object_component id="oc-222">
         <name>.text:ConfigureUART</name>
         <load_address>0x5acc</load_address>
         <run_address>0x5acc</run_address>
         <size>0x74</size>
         <input_file_ref idref="fl-e"/>
      </object_component>
      <object_component id="oc-4cf">
         <name>.text:lcdputint</name>
         <load_address>0x5b40</load_address>
         <run_address>0x5b40</run_address>
         <size>0x74</size>
         <input_file_ref idref="fl-6"/>
      </object_component>
      <object_component id="oc-430">
         <name>.text:prvInitialiseTaskLists</name>
         <load_address>0x5bb4</load_address>
         <run_address>0x5bb4</run_address>
         <size>0x74</size>
         <input_file_ref idref="fl-16"/>
      </object_component>
      <object_component id="oc-881">
         <name>.text:vTaskPlaceOnEventListRestricted</name>
         <load_address>0x5c28</load_address>
         <run_address>0x5c28</run_address>
         <size>0x70</size>
         <input_file_ref idref="fl-16"/>
      </object_component>
      <object_component id="oc-228">
         <name>.text:xQueueGenericCreate</name>
         <load_address>0x5c98</load_address>
         <run_address>0x5c98</run_address>
         <size>0x70</size>
         <input_file_ref idref="fl-15"/>
      </object_component>
      <object_component id="oc-7f8">
         <name>.text:xTimerGenericCommand</name>
         <load_address>0x5d08</load_address>
         <run_address>0x5d08</run_address>
         <size>0x70</size>
         <input_file_ref idref="fl-17"/>
      </object_component>
      <object_component id="oc-5d5">
         <name>.text</name>
         <load_address>0x5d78</load_address>
         <run_address>0x5d78</run_address>
         <size>0x6e</size>
         <input_file_ref idref="fl-ea"/>
      </object_component>
      <object_component id="oc-5e0">
         <name>.text:MPU_ISR</name>
         <load_address>0x5de8</load_address>
         <run_address>0x5de8</run_address>
         <size>0x6c</size>
         <input_file_ref idref="fl-8"/>
      </object_component>
      <object_component id="oc-455">
         <name>.text:NRF_read</name>
         <load_address>0x5e54</load_address>
         <run_address>0x5e54</run_address>
         <size>0x6a</size>
         <input_file_ref idref="fl-9"/>
      </object_component>
      <object_component id="oc-6dc">
         <name>.text:IntEnable</name>
         <load_address>0x5ec0</load_address>
         <run_address>0x5ec0</run_address>
         <size>0x68</size>
         <input_file_ref idref="fl-112"/>
      </object_component>
      <object_component id="oc-611">
         <name>.text:WR_CMD</name>
         <load_address>0x5f28</load_address>
         <run_address>0x5f28</run_address>
         <size>0x68</size>
         <input_file_ref idref="fl-6"/>
      </object_component>
      <object_component id="oc-65a">
         <name>.text:WR_DATA</name>
         <load_address>0x5f90</load_address>
         <run_address>0x5f90</run_address>
         <size>0x68</size>
         <input_file_ref idref="fl-6"/>
      </object_component>
      <object_component id="oc-12">
         <name>.text:decompress:lzss:__TI_decompress_lzss</name>
         <load_address>0x5ff8</load_address>
         <run_address>0x5ff8</run_address>
         <size>0x68</size>
         <input_file_ref idref="fl-f1"/>
      </object_component>
      <object_component id="oc-4d8">
         <name>.text:prvCheckForValidListAndQueue</name>
         <load_address>0x6060</load_address>
         <run_address>0x6060</run_address>
         <size>0x68</size>
         <input_file_ref idref="fl-17"/>
      </object_component>
      <object_component id="oc-4f2">
         <name>.text:prvCheckTasksWaitingTermination</name>
         <load_address>0x60c8</load_address>
         <run_address>0x60c8</run_address>
         <size>0x68</size>
         <input_file_ref idref="fl-16"/>
      </object_component>
      <object_component id="oc-1ac">
         <name>.text:vTaskPlaceOnEventList</name>
         <load_address>0x6130</load_address>
         <run_address>0x6130</run_address>
         <size>0x68</size>
         <input_file_ref idref="fl-16"/>
      </object_component>
      <object_component id="oc-2c4">
         <name>.text:vListInsert</name>
         <load_address>0x6198</load_address>
         <run_address>0x6198</run_address>
         <size>0x66</size>
         <input_file_ref idref="fl-14"/>
      </object_component>
      <object_component id="oc-7e5">
         <name>.text:prvProcessExpiredTimer</name>
         <load_address>0x6200</load_address>
         <run_address>0x6200</run_address>
         <size>0x60</size>
         <input_file_ref idref="fl-17"/>
      </object_component>
      <object_component id="oc-41e">
         <name>.text:prvAllocateTCBAndStack</name>
         <load_address>0x6260</load_address>
         <run_address>0x6260</run_address>
         <size>0x5e</size>
         <input_file_ref idref="fl-16"/>
      </object_component>
      <object_component id="oc-5e7">
         <name>.text:Button_ISR</name>
         <load_address>0x62c0</load_address>
         <run_address>0x62c0</run_address>
         <size>0x5c</size>
         <input_file_ref idref="fl-3"/>
      </object_component>
      <object_component id="oc-2ca">
         <name>.text:prvAddCurrentTaskToDelayedList</name>
         <load_address>0x631c</load_address>
         <run_address>0x631c</run_address>
         <size>0x5c</size>
         <input_file_ref idref="fl-16"/>
      </object_component>
      <object_component id="oc-42a">
         <name>.text:pxPortInitialiseStack</name>
         <load_address>0x6378</load_address>
         <run_address>0x6378</run_address>
         <size>0x5c</size>
         <input_file_ref idref="fl-18"/>
      </object_component>
      <object_component id="oc-5b9">
         <name>.text:ConfigureI2C2</name>
         <load_address>0x63d4</load_address>
         <run_address>0x63d4</run_address>
         <size>0x58</size>
         <input_file_ref idref="fl-5"/>
      </object_component>
      <object_component id="oc-57d">
         <name>.text:GPIOIntTypeSet</name>
         <load_address>0x642c</load_address>
         <run_address>0x642c</run_address>
         <size>0x56</size>
         <input_file_ref idref="fl-110"/>
      </object_component>
      <object_component id="oc-625">
         <name>.text:RD_CMD</name>
         <load_address>0x6484</load_address>
         <run_address>0x6484</run_address>
         <size>0x54</size>
         <input_file_ref idref="fl-6"/>
      </object_component>
      <object_component id="oc-7eb">
         <name>.text:vQueueWaitForMessageRestricted</name>
         <load_address>0x64d8</load_address>
         <run_address>0x64d8</run_address>
         <size>0x54</size>
         <input_file_ref idref="fl-15"/>
      </object_component>
      <object_component id="oc-70a">
         <name>.text:SysCtlPeripheralReset</name>
         <load_address>0x652c</load_address>
         <run_address>0x652c</run_address>
         <size>0x50</size>
         <input_file_ref idref="fl-115"/>
      </object_component>
      <object_component id="oc-602">
         <name>.text:gps_get_position</name>
         <load_address>0x657c</load_address>
         <run_address>0x657c</run_address>
         <size>0x50</size>
         <input_file_ref idref="fl-4"/>
      </object_component>
      <object_component id="oc-437">
         <name>.text:ConfigureTIMER1</name>
         <load_address>0x65cc</load_address>
         <run_address>0x65cc</run_address>
         <size>0x4c</size>
         <input_file_ref idref="fl-a"/>
      </object_component>
      <object_component id="oc-722">
         <name>.text:I2CMasterInitExpClk</name>
         <load_address>0x6618</load_address>
         <run_address>0x6618</run_address>
         <size>0x4c</size>
         <input_file_ref idref="fl-111"/>
      </object_component>
      <object_component id="oc-3f9">
         <name>.text:UARTFlushTx</name>
         <load_address>0x6664</load_address>
         <run_address>0x6664</run_address>
         <size>0x4c</size>
         <input_file_ref idref="fl-22"/>
      </object_component>
      <object_component id="oc-773">
         <name>.text:atoi</name>
         <load_address>0x66b0</load_address>
         <run_address>0x66b0</run_address>
         <size>0x4c</size>
         <input_file_ref idref="fl-f2"/>
      </object_component>
      <object_component id="oc-662">
         <name>.text:vQueueAddToRegistry</name>
         <load_address>0x66fc</load_address>
         <run_address>0x66fc</run_address>
         <size>0x4c</size>
         <input_file_ref idref="fl-15"/>
      </object_component>
      <object_component id="oc-381">
         <name>.text:xTimerCreateTimerTask</name>
         <load_address>0x6748</load_address>
         <run_address>0x6748</run_address>
         <size>0x4c</size>
         <input_file_ref idref="fl-17"/>
      </object_component>
      <object_component id="oc-6ad">
         <name>.text:GPIOPinConfigure</name>
         <load_address>0x6794</load_address>
         <run_address>0x6794</run_address>
         <size>0x48</size>
         <input_file_ref idref="fl-110"/>
      </object_component>
      <object_component id="oc-837">
         <name>.text:HOSTclock</name>
         <load_address>0x67dc</load_address>
         <run_address>0x67dc</run_address>
         <size>0x48</size>
         <input_file_ref idref="fl-fb"/>
      </object_component>
      <object_component id="oc-32d">
         <name>.text:_SysCtlFrequencyGet</name>
         <load_address>0x6824</load_address>
         <run_address>0x6824</run_address>
         <size>0x48</size>
         <input_file_ref idref="fl-115"/>
      </object_component>
      <object_component id="oc-7a3">
         <name>.text</name>
         <load_address>0x686c</load_address>
         <run_address>0x686c</run_address>
         <size>0x48</size>
         <input_file_ref idref="fl-e9"/>
      </object_component>
      <object_component id="oc-156">
         <name>.text:uxListRemove</name>
         <load_address>0x68b4</load_address>
         <run_address>0x68b4</run_address>
         <size>0x48</size>
         <input_file_ref idref="fl-14"/>
      </object_component>
      <object_component id="oc-5ac">
         <name>.text:UARTConfigSetExpClk</name>
         <load_address>0x68fc</load_address>
         <run_address>0x68fc</run_address>
         <size>0x46</size>
         <input_file_ref idref="fl-116"/>
      </object_component>
      <object_component id="oc-46a">
         <name>.text:ConfigureButton</name>
         <load_address>0x6944</load_address>
         <run_address>0x6944</run_address>
         <size>0x44</size>
         <input_file_ref idref="fl-3"/>
      </object_component>
      <object_component id="oc-2f6">
         <name>.text:SPIreceive</name>
         <load_address>0x6988</load_address>
         <run_address>0x6988</run_address>
         <size>0x44</size>
         <input_file_ref idref="fl-c"/>
      </object_component>
      <object_component id="oc-6d0">
         <name>.text:_GPIOIntNumberGet</name>
         <load_address>0x69cc</load_address>
         <run_address>0x69cc</run_address>
         <size>0x44</size>
         <input_file_ref idref="fl-110"/>
      </object_component>
      <object_component id="oc-25c">
         <name>.text:__TI_auto_init_nobinit_nopinit:__TI_auto_init_nobinit_nopinit</name>
         <load_address>0x6a10</load_address>
         <run_address>0x6a10</run_address>
         <size>0x44</size>
         <input_file_ref idref="fl-106"/>
      </object_component>
      <object_component id="oc-387">
         <name>.text:xPortStartScheduler</name>
         <load_address>0x6a54</load_address>
         <run_address>0x6a54</run_address>
         <size>0x44</size>
         <input_file_ref idref="fl-18"/>
      </object_component>
      <object_component id="oc-74f">
         <name>.text:from_hex</name>
         <load_address>0x6a98</load_address>
         <run_address>0x6a98</run_address>
         <size>0x42</size>
         <input_file_ref idref="fl-4"/>
      </object_component>
      <object_component id="oc-2f0">
         <name>.text:SPIsend</name>
         <load_address>0x6adc</load_address>
         <run_address>0x6adc</run_address>
         <size>0x40</size>
         <input_file_ref idref="fl-c"/>
      </object_component>
      <object_component id="oc-4d">
         <name>.text:Timer0IntHandler</name>
         <load_address>0x6b1c</load_address>
         <run_address>0x6b1c</run_address>
         <size>0x40</size>
         <input_file_ref idref="fl-b"/>
      </object_component>
      <object_component id="oc-415">
         <name>.text</name>
         <load_address>0x6b5c</load_address>
         <run_address>0x6b5c</run_address>
         <size>0x40</size>
         <input_file_ref idref="fl-e4"/>
      </object_component>
      <object_component id="oc-c3">
         <name>.text:IsBufferFull</name>
         <load_address>0x6b9c</load_address>
         <run_address>0x6b9c</run_address>
         <size>0x3c</size>
         <input_file_ref idref="fl-22"/>
      </object_component>
      <object_component id="oc-6b9">
         <name>.text:SSIConfigSetExpClk</name>
         <load_address>0x6bd8</load_address>
         <run_address>0x6bd8</run_address>
         <size>0x3c</size>
         <input_file_ref idref="fl-113"/>
      </object_component>
      <object_component id="oc-590">
         <name>.text:prvCopyDataFromQueue</name>
         <load_address>0x6c14</load_address>
         <run_address>0x6c14</run_address>
         <size>0x3c</size>
         <input_file_ref idref="fl-15"/>
      </object_component>
      <object_component id="oc-150">
         <name>.text:prvResetNextTaskUnblockTime</name>
         <load_address>0x6c50</load_address>
         <run_address>0x6c50</run_address>
         <size>0x3c</size>
         <input_file_ref idref="fl-16"/>
      </object_component>
      <object_component id="oc-f3">
         <name>.text:setTIMER1</name>
         <load_address>0x6c8c</load_address>
         <run_address>0x6c8c</run_address>
         <size>0x3c</size>
         <input_file_ref idref="fl-a"/>
      </object_component>
      <object_component id="oc-15c">
         <name>.text:vListInsertEnd</name>
         <load_address>0x6cc8</load_address>
         <run_address>0x6cc8</run_address>
         <size>0x3c</size>
         <input_file_ref idref="fl-14"/>
      </object_component>
      <object_component id="oc-8a6">
         <name>.text:__TI_writemsg</name>
         <load_address>0x6d04</load_address>
         <run_address>0x6d04</run_address>
         <size>0x38</size>
         <input_file_ref idref="fl-fd"/>
      </object_component>
      <object_component id="oc-85">
         <name>.text:_c_int00_noargs:_c_int00_noargs</name>
         <load_address>0x6d3c</load_address>
         <run_address>0x6d3c</run_address>
         <size>0x38</size>
         <input_file_ref idref="fl-fe"/>
      </object_component>
      <object_component id="oc-677">
         <name>.text:prvGetNextExpireTime</name>
         <load_address>0x6d74</load_address>
         <run_address>0x6d74</run_address>
         <size>0x38</size>
         <input_file_ref idref="fl-17"/>
      </object_component>
      <object_component id="oc-635">
         <name>.text</name>
         <load_address>0x6dac</load_address>
         <run_address>0x6dac</run_address>
         <size>0x38</size>
         <input_file_ref idref="fl-eb"/>
      </object_component>
      <object_component id="oc-6d6">
         <name>.text:IntRegister</name>
         <load_address>0x6de4</load_address>
         <run_address>0x6de4</run_address>
         <size>0x34</size>
         <input_file_ref idref="fl-112"/>
      </object_component>
      <object_component id="oc-55f">
         <name>.text:SysCtlPeripheralEnable</name>
         <load_address>0x6e18</load_address>
         <run_address>0x6e18</run_address>
         <size>0x34</size>
         <input_file_ref idref="fl-115"/>
      </object_component>
      <object_component id="oc-3f3">
         <name>.text:UARTFlushRx</name>
         <load_address>0x6e4c</load_address>
         <run_address>0x6e4c</run_address>
         <size>0x34</size>
         <input_file_ref idref="fl-22"/>
      </object_component>
      <object_component id="oc-8ac">
         <name>.text:__TI_readmsg</name>
         <load_address>0x6e80</load_address>
         <run_address>0x6e80</run_address>
         <size>0x34</size>
         <input_file_ref idref="fl-fd"/>
      </object_component>
      <object_component id="oc-7e3">
         <name>.text:prvSampleTimeNow</name>
         <load_address>0x6eb4</load_address>
         <run_address>0x6eb4</run_address>
         <size>0x34</size>
         <input_file_ref idref="fl-17"/>
      </object_component>
      <object_component id="oc-76d">
         <name>.text:gpsatol</name>
         <load_address>0x6ee8</load_address>
         <run_address>0x6ee8</run_address>
         <size>0x30</size>
         <input_file_ref idref="fl-4"/>
      </object_component>
      <object_component id="oc-755">
         <name>.text:gpsstrcmp</name>
         <load_address>0x6f18</load_address>
         <run_address>0x6f18</run_address>
         <size>0x30</size>
         <input_file_ref idref="fl-4"/>
      </object_component>
      <object_component id="oc-40e">
         <name>.text:vListInitialise</name>
         <load_address>0x6f48</load_address>
         <run_address>0x6f48</run_address>
         <size>0x30</size>
         <input_file_ref idref="fl-14"/>
      </object_component>
      <object_component id="oc-889">
         <name>.text:xTaskGetSchedulerState</name>
         <load_address>0x6f78</load_address>
         <run_address>0x6f78</run_address>
         <size>0x30</size>
         <input_file_ref idref="fl-16"/>
      </object_component>
      <object_component id="oc-5cb">
         <name>.text</name>
         <load_address>0x6fa8</load_address>
         <run_address>0x6fa8</run_address>
         <size>0x2e</size>
         <input_file_ref idref="fl-ec"/>
      </object_component>
      <object_component id="oc-b7">
         <name>.text:IsBufferEmpty</name>
         <load_address>0x6fd6</load_address>
         <run_address>0x6fd6</run_address>
         <size>0x2c</size>
         <input_file_ref idref="fl-22"/>
      </object_component>
      <object_component id="oc-41">
         <name>.text:xPortSysTickHandler</name>
         <load_address>0x7004</load_address>
         <run_address>0x7004</run_address>
         <size>0x2c</size>
         <input_file_ref idref="fl-18"/>
      </object_component>
      <object_component id="oc-5da">
         <name>.text:BIST_mpu</name>
         <load_address>0x7030</load_address>
         <run_address>0x7030</run_address>
         <size>0x2a</size>
         <input_file_ref idref="fl-8"/>
      </object_component>
      <object_component id="oc-6c7">
         <name>.text:GPIODirModeSet</name>
         <load_address>0x705a</load_address>
         <run_address>0x705a</run_address>
         <size>0x2a</size>
         <input_file_ref idref="fl-110"/>
      </object_component>
      <object_component id="oc-651">
         <name>.text:degrees</name>
         <load_address>0x7084</load_address>
         <run_address>0x7084</run_address>
         <size>0x28</size>
         <input_file_ref idref="fl-4"/>
      </object_component>
      <object_component id="oc-62f">
         <name>.text:radians</name>
         <load_address>0x70ac</load_address>
         <run_address>0x70ac</run_address>
         <size>0x28</size>
         <input_file_ref idref="fl-4"/>
      </object_component>
      <object_component id="oc-1a6">
         <name>.text:prvIsQueueFull</name>
         <load_address>0x70d4</load_address>
         <run_address>0x70d4</run_address>
         <size>0x26</size>
         <input_file_ref idref="fl-15"/>
      </object_component>
      <object_component id="oc-49f">
         <name>.text:ConfigureLED</name>
         <load_address>0x70fc</load_address>
         <run_address>0x70fc</run_address>
         <size>0x24</size>
         <input_file_ref idref="fl-2"/>
      </object_component>
      <object_component id="oc-22e">
         <name>.text:UARTprintf</name>
         <load_address>0x7120</load_address>
         <run_address>0x7120</run_address>
         <size>0x24</size>
         <input_file_ref idref="fl-22"/>
      </object_component>
      <object_component id="oc-17c">
         <name>.text:vPortEnterCritical</name>
         <load_address>0x7144</load_address>
         <run_address>0x7144</run_address>
         <size>0x24</size>
         <input_file_ref idref="fl-18"/>
      </object_component>
      <object_component id="oc-194">
         <name>.text:vTaskSetTimeOutState</name>
         <load_address>0x7168</load_address>
         <run_address>0x7168</run_address>
         <size>0x24</size>
         <input_file_ref idref="fl-16"/>
      </object_component>
      <object_component id="oc-702">
         <name>.text:UARTDisable</name>
         <load_address>0x718c</load_address>
         <run_address>0x718c</run_address>
         <size>0x20</size>
         <input_file_ref idref="fl-116"/>
      </object_component>
      <object_component id="oc-327">
         <name>.text:_SysCtlMemTimingGet</name>
         <load_address>0x71ac</load_address>
         <run_address>0x71ac</run_address>
         <size>0x20</size>
         <input_file_ref idref="fl-115"/>
      </object_component>
      <object_component id="oc-830">
         <name>.text:gpsisdigit</name>
         <load_address>0x71cc</load_address>
         <run_address>0x71cc</run_address>
         <size>0x20</size>
         <input_file_ref idref="fl-4"/>
      </object_component>
      <object_component id="oc-617">
         <name>.text:lcdbusywait</name>
         <load_address>0x71ec</load_address>
         <run_address>0x71ec</run_address>
         <size>0x20</size>
         <input_file_ref idref="fl-6"/>
      </object_component>
      <object_component id="oc-59c">
         <name>.text:prvIsQueueEmpty</name>
         <load_address>0x720c</load_address>
         <run_address>0x720c</run_address>
         <size>0x20</size>
         <input_file_ref idref="fl-15"/>
      </object_component>
      <object_component id="oc-449">
         <name>.text:uxQueueSpacesAvailable</name>
         <load_address>0x722c</load_address>
         <run_address>0x722c</run_address>
         <size>0x20</size>
         <input_file_ref idref="fl-15"/>
      </object_component>
      <object_component id="oc-4ab">
         <name>.text:lcdgotoaddr</name>
         <load_address>0x724c</load_address>
         <run_address>0x724c</run_address>
         <size>0x1e</size>
         <input_file_ref idref="fl-6"/>
      </object_component>
      <object_component id="oc-596">
         <name>.text:pvTaskIncrementMutexHeldCount</name>
         <load_address>0x726c</load_address>
         <run_address>0x726c</run_address>
         <size>0x1c</size>
         <input_file_ref idref="fl-16"/>
      </object_component>
      <object_component id="oc-761">
         <name>.text:uptime</name>
         <load_address>0x7288</load_address>
         <run_address>0x7288</run_address>
         <size>0x1c</size>
         <input_file_ref idref="fl-4"/>
      </object_component>
      <object_component id="oc-18e">
         <name>.text:vPortExitCritical</name>
         <load_address>0x72a4</load_address>
         <run_address>0x72a4</run_address>
         <size>0x1c</size>
         <input_file_ref idref="fl-18"/>
      </object_component>
      <object_component id="oc-4eb">
         <name>.text:vPortSetupTimerInterrupt</name>
         <load_address>0x72c0</load_address>
         <run_address>0x72c0</run_address>
         <size>0x1c</size>
         <input_file_ref idref="fl-18"/>
      </object_component>
      <object_component id="oc-4e4">
         <name>.text:prvTimerTask</name>
         <load_address>0x72dc</load_address>
         <run_address>0x72dc</run_address>
         <size>0x1a</size>
         <input_file_ref idref="fl-17"/>
      </object_component>
      <object_component id="oc-577">
         <name>.text:GPIOIntRegister</name>
         <load_address>0x72f6</load_address>
         <run_address>0x72f6</run_address>
         <size>0x18</size>
         <input_file_ref idref="fl-110"/>
      </object_component>
      <object_component id="oc-56b">
         <name>.text:GPIOPinTypeGPIOOutput</name>
         <load_address>0x730e</load_address>
         <run_address>0x730e</run_address>
         <size>0x18</size>
         <input_file_ref idref="fl-110"/>
      </object_component>
      <object_component id="oc-302">
         <name>.text:SPI_rxfifo_flush</name>
         <load_address>0x7328</load_address>
         <run_address>0x7328</run_address>
         <size>0x18</size>
         <input_file_ref idref="fl-c"/>
      </object_component>
      <object_component id="oc-2ea">
         <name>.text:clear_CSN</name>
         <load_address>0x7340</load_address>
         <run_address>0x7340</run_address>
         <size>0x18</size>
         <input_file_ref idref="fl-9"/>
      </object_component>
      <object_component id="oc-5b2">
         <name>.text:UARTEnable</name>
         <load_address>0x7358</load_address>
         <run_address>0x7358</run_address>
         <size>0x14</size>
         <input_file_ref idref="fl-116"/>
      </object_component>
      <object_component id="oc-e7">
         <name>.text:clear_CE</name>
         <load_address>0x736c</load_address>
         <run_address>0x736c</run_address>
         <size>0x14</size>
         <input_file_ref idref="fl-9"/>
      </object_component>
      <object_component id="oc-8cb">
         <name>.text:copysign</name>
         <load_address>0x7380</load_address>
         <run_address>0x7380</run_address>
         <size>0x14</size>
         <input_file_ref idref="fl-104"/>
      </object_component>
      <object_component id="oc-4c9">
         <name>.text:lcdputch</name>
         <load_address>0x7394</load_address>
         <run_address>0x7394</run_address>
         <size>0x14</size>
         <input_file_ref idref="fl-6"/>
      </object_component>
      <object_component id="oc-68b">
         <name>.text:prvDeleteTCB</name>
         <load_address>0x73a8</load_address>
         <run_address>0x73a8</run_address>
         <size>0x14</size>
         <input_file_ref idref="fl-16"/>
      </object_component>
      <object_component id="oc-44f">
         <name>.text:set_CE</name>
         <load_address>0x73bc</load_address>
         <run_address>0x73bc</run_address>
         <size>0x14</size>
         <input_file_ref idref="fl-9"/>
      </object_component>
      <object_component id="oc-2fc">
         <name>.text:set_CSN</name>
         <load_address>0x73d0</load_address>
         <run_address>0x73d0</run_address>
         <size>0x14</size>
         <input_file_ref idref="fl-9"/>
      </object_component>
      <object_component id="oc-6f7">
         <name>.text:set_rxmode</name>
         <load_address>0x73e4</load_address>
         <run_address>0x73e4</run_address>
         <size>0x14</size>
         <input_file_ref idref="fl-9"/>
      </object_component>
      <object_component id="oc-ed">
         <name>.text:set_txmode</name>
         <load_address>0x73f8</load_address>
         <run_address>0x73f8</run_address>
         <size>0x14</size>
         <input_file_ref idref="fl-9"/>
      </object_component>
      <object_component id="oc-47c">
         <name>.text:xTaskGetTickCount</name>
         <load_address>0x740c</load_address>
         <run_address>0x740c</run_address>
         <size>0x14</size>
         <input_file_ref idref="fl-16"/>
      </object_component>
      <object_component id="oc-565">
         <name>.text:GPIOPinTypeGPIOInput</name>
         <load_address>0x7420</load_address>
         <run_address>0x7420</run_address>
         <size>0x12</size>
         <input_file_ref idref="fl-110"/>
      </object_component>
      <object_component id="oc-716">
         <name>.text:GPIOPinTypeI2C</name>
         <load_address>0x7432</load_address>
         <run_address>0x7432</run_address>
         <size>0x12</size>
         <input_file_ref idref="fl-110"/>
      </object_component>
      <object_component id="oc-710">
         <name>.text:GPIOPinTypeI2CSCL</name>
         <load_address>0x7444</load_address>
         <run_address>0x7444</run_address>
         <size>0x12</size>
         <input_file_ref idref="fl-110"/>
      </object_component>
      <object_component id="oc-6b3">
         <name>.text:GPIOPinTypeSSI</name>
         <load_address>0x7456</load_address>
         <run_address>0x7456</run_address>
         <size>0x12</size>
         <input_file_ref idref="fl-110"/>
      </object_component>
      <object_component id="oc-3d8">
         <name>.text:SSIDataGetNonBlocking</name>
         <load_address>0x7468</load_address>
         <run_address>0x7468</run_address>
         <size>0x12</size>
         <input_file_ref idref="fl-113"/>
      </object_component>
      <object_component id="oc-547">
         <name>.text:prvTaskExitError</name>
         <load_address>0x747a</load_address>
         <run_address>0x747a</run_address>
         <size>0x10</size>
         <input_file_ref idref="fl-18"/>
      </object_component>
      <object_component id="oc-540">
         <name>.text:vListInitialiseItem</name>
         <load_address>0x748a</load_address>
         <run_address>0x748a</run_address>
         <size>0x10</size>
         <input_file_ref idref="fl-14"/>
      </object_component>
      <object_component id="oc-19a">
         <name>.text:vTaskSuspendAll</name>
         <load_address>0x749c</load_address>
         <run_address>0x749c</run_address>
         <size>0x10</size>
         <input_file_ref idref="fl-16"/>
      </object_component>
      <object_component id="oc-6e5">
         <name>.text:GPIOIntDisable</name>
         <load_address>0x74ac</load_address>
         <run_address>0x74ac</run_address>
         <size>0xe</size>
         <input_file_ref idref="fl-110"/>
      </object_component>
      <object_component id="oc-6eb">
         <name>.text:GPIOIntStatus</name>
         <load_address>0x74ba</load_address>
         <run_address>0x74ba</run_address>
         <size>0xe</size>
         <input_file_ref idref="fl-110"/>
      </object_component>
      <object_component id="oc-18">
         <name>.text:decompress:none:__TI_decompress_none</name>
         <load_address>0x74c8</load_address>
         <run_address>0x74c8</run_address>
         <size>0xe</size>
         <input_file_ref idref="fl-f0"/>
      </object_component>
      <object_component id="oc-61d">
         <name>.text:lcdclear</name>
         <load_address>0x74d6</load_address>
         <run_address>0x74d6</run_address>
         <size>0xe</size>
         <input_file_ref idref="fl-6"/>
      </object_component>
      <object_component id="oc-583">
         <name>.text:GPIOIntEnable</name>
         <load_address>0x74e4</load_address>
         <run_address>0x74e4</run_address>
         <size>0xc</size>
         <input_file_ref idref="fl-110"/>
      </object_component>
      <object_component id="oc-3d0">
         <name>.text:SSIDataGet</name>
         <load_address>0x74f0</load_address>
         <run_address>0x74f0</run_address>
         <size>0xc</size>
         <input_file_ref idref="fl-113"/>
      </object_component>
      <object_component id="oc-79">
         <name>.text:decompress:ZI:__TI_zero_init</name>
         <load_address>0x74fc</load_address>
         <run_address>0x74fc</run_address>
         <size>0xc</size>
         <input_file_ref idref="fl-ef"/>
      </object_component>
      <object_component id="oc-494">
         <name>.text:gps_satellites</name>
         <load_address>0x7508</load_address>
         <run_address>0x7508</run_address>
         <size>0xc</size>
         <input_file_ref idref="fl-4"/>
      </object_component>
      <object_component id="oc-2d4">
         <name>.text:vTaskMissedYield</name>
         <load_address>0x7514</load_address>
         <run_address>0x7514</run_address>
         <size>0xc</size>
         <input_file_ref idref="fl-16"/>
      </object_component>
      <object_component id="oc-821">
         <name>.text:I2CMasterEnable</name>
         <load_address>0x7520</load_address>
         <run_address>0x7520</run_address>
         <size>0xa</size>
         <input_file_ref idref="fl-111"/>
      </object_component>
      <object_component id="oc-3c3">
         <name>.text:SSIDataPut</name>
         <load_address>0x752a</load_address>
         <run_address>0x752a</run_address>
         <size>0xa</size>
         <input_file_ref idref="fl-113"/>
      </object_component>
      <object_component id="oc-6bf">
         <name>.text:SSIEnable</name>
         <load_address>0x7534</load_address>
         <run_address>0x7534</run_address>
         <size>0xa</size>
         <input_file_ref idref="fl-113"/>
      </object_component>
      <object_component id="oc-482">
         <name>.text:UARTCharGet</name>
         <load_address>0x753e</load_address>
         <run_address>0x753e</run_address>
         <size>0xa</size>
         <input_file_ref idref="fl-116"/>
      </object_component>
      <object_component id="oc-38d">
         <name>.text:prvIdleTask</name>
         <load_address>0x7548</load_address>
         <run_address>0x7548</run_address>
         <size>0xa</size>
         <input_file_ref idref="fl-16"/>
      </object_component>
      <object_component id="oc-145">
         <name>.text:vApplicationStackOverflowHook</name>
         <load_address>0x7552</load_address>
         <run_address>0x7552</run_address>
         <size>0xa</size>
         <input_file_ref idref="fl-7"/>
      </object_component>
      <object_component id="oc-539">
         <name>.text:vPortFree</name>
         <load_address>0x755c</load_address>
         <run_address>0x755c</run_address>
         <size>0xa</size>
         <input_file_ref idref="fl-1a"/>
      </object_component>
      <object_component id="oc-73b">
         <name>.text:I2CMasterBusy</name>
         <load_address>0x7566</load_address>
         <run_address>0x7566</run_address>
         <size>0x8</size>
         <input_file_ref idref="fl-111"/>
      </object_component>
      <object_component id="oc-729">
         <name>.text:I2CMasterSlaveAddrSet</name>
         <load_address>0x756e</load_address>
         <run_address>0x756e</run_address>
         <size>0x8</size>
         <input_file_ref idref="fl-111"/>
      </object_component>
      <object_component id="oc-3c9">
         <name>.text:SSIBusy</name>
         <load_address>0x7576</load_address>
         <run_address>0x7576</run_address>
         <size>0x8</size>
         <input_file_ref idref="fl-113"/>
      </object_component>
      <object_component id="oc-8c5">
         <name>.text:__aeabi_errno_addr</name>
         <load_address>0x7580</load_address>
         <run_address>0x7580</run_address>
         <size>0x8</size>
         <input_file_ref idref="fl-10c"/>
      </object_component>
      <object_component id="oc-6f1">
         <name>.text:GPIOIntClear</name>
         <load_address>0x7588</load_address>
         <run_address>0x7588</run_address>
         <size>0x6</size>
         <input_file_ref idref="fl-110"/>
      </object_component>
      <object_component id="oc-798">
         <name>.text:GPIOPinRead</name>
         <load_address>0x758e</load_address>
         <run_address>0x758e</run_address>
         <size>0x6</size>
         <input_file_ref idref="fl-110"/>
      </object_component>
      <object_component id="oc-1dc">
         <name>.text:GPIOPinWrite</name>
         <load_address>0x7594</load_address>
         <run_address>0x7594</run_address>
         <size>0x6</size>
         <input_file_ref idref="fl-110"/>
      </object_component>
      <object_component id="oc-24">
         <name>.text:ResetISR</name>
         <load_address>0x759a</load_address>
         <run_address>0x759a</run_address>
         <size>0x6</size>
         <input_file_ref idref="fl-d"/>
      </object_component>
      <object_component id="oc-610">
         <name>.text:SysCtlDelay</name>
         <load_address>0x75a0</load_address>
         <run_address>0x75a0</run_address>
         <size>0x6</size>
         <input_file_ref idref="fl-115"/>
      </object_component>
      <object_component id="oc-33e">
         <name>.text:UARTClockSourceSet</name>
         <load_address>0x75a6</load_address>
         <run_address>0x75a6</run_address>
         <size>0x6</size>
         <input_file_ref idref="fl-116"/>
      </object_component>
      <object_component id="oc-735">
         <name>.text:I2CMasterControl</name>
         <load_address>0x75ac</load_address>
         <run_address>0x75ac</run_address>
         <size>0x4</size>
         <input_file_ref idref="fl-111"/>
      </object_component>
      <object_component id="oc-742">
         <name>.text:I2CMasterDataGet</name>
         <load_address>0x75b0</load_address>
         <run_address>0x75b0</run_address>
         <size>0x4</size>
         <input_file_ref idref="fl-111"/>
      </object_component>
      <object_component id="oc-72f">
         <name>.text:I2CMasterDataPut</name>
         <load_address>0x75b4</load_address>
         <run_address>0x75b4</run_address>
         <size>0x4</size>
         <input_file_ref idref="fl-111"/>
      </object_component>
      <object_component id="oc-122">
         <name>.text:_system_pre_init</name>
         <load_address>0x75b8</load_address>
         <run_address>0x75b8</run_address>
         <size>0x4</size>
         <input_file_ref idref="fl-107"/>
      </object_component>
      <object_component id="oc-250">
         <name>.text:abort:abort</name>
         <load_address>0x75bc</load_address>
         <run_address>0x75bc</run_address>
         <size>0x4</size>
         <input_file_ref idref="fl-109"/>
      </object_component>
      <object_component id="oc-336">
         <name>.const:g_pppui32XTALtoVCO</name>
         <load_address>0x75c0</load_address>
         <run_address>0x75c0</run_address>
         <size>0x1b0</size>
         <input_file_ref idref="fl-115"/>
      </object_component>
      <object_component id="oc-85e">
         <name>.const:$O1$$</name>
         <load_address>0x7770</load_address>
[...]
      <symbol id="sm-9a8">
         <name>vPortStartFirstTask</name>
         <value>0x44dd</value>
         <object_component_ref idref="oc-3c"/>
      </symbol>
      <symbol id="sm-9a9">
         <name>ulPortGetIPSR</name>
         <value>0x4445</value>
         <object_component_ref idref="oc-3c"/>
      </symbol>
      <symbol id="sm-9aa">
         <name>vPortEnableVFP</name>
         <value>0x44f9</value>
         <object_component_ref idref="oc-3c"/>
      </symbol>
      <symbol id="sm-9ab">
         <name>xPortPendSVHandler</name>
         <value>0x445d</value>
         <object_component_ref idref="oc-3c"/>
      </symbol>
      <symbol id="sm-9ac">
         <name>vPortSVCHandler</name>
         <value>0x44bd</value>
         <object_component_ref idref="oc-3c"/>
      </symbol>
      <symbol id="sm-9d7">
         <name>pvPortMalloc</name>
         <value>0x5875</value>
         <object_component_ref idref="oc-34b"/>
      </symbol>
      <symbol id="sm-9d8">
         <name>vPortFree</name>
         <value>0x755d</value>
         <object_component_ref idref="oc-539"/>
      </symbol>
      <symbol id="sm-aed">
         <name>UARTFlushRx</name>
         <value>0x6e4d</value>
         <object_component_ref idref="oc-3f3"/>
      </symbol>
      <symbol id="sm-aee">
         <name>UARTFlushTx</name>
         <value>0x6665</value>
         <object_component_ref idref="oc-3f9"/>
      </symbol>
      <symbol id="sm-aef">
         <name>UARTStdioConfig</name>
         <value>0x435d</value>
         <object_component_ref idref="oc-344"/>
      </symbol>
      <symbol id="sm-af0">
         <name>UARTStdioIntHandler</name>
         <value>0x25ed</value>
         <object_component_ref idref="oc-47"/>
      </symbol>
      <symbol id="sm-af1">
         <name>UARTwrite</name>
         <value>0x4761</value>
         <object_component_ref idref="oc-bd"/>
      </symbol>
      <symbol id="sm-af2">
         <name>UARTprintf</name>
         <value>0x7121</value>
         <object_component_ref idref="oc-22e"/>
      </symbol>
      <symbol id="sm-af3">
         <name>UARTvprintf</name>
         <value>0x14d9</value>
         <object_component_ref idref="oc-358"/>
      </symbol>
      <symbol id="sm-b38">
         <name>atan2</name>
         <value>0x2249</value>
         <object_component_ref idref="oc-64b"/>
      </symbol>
      <symbol id="sm-b39">
         <name>atan2l</name>
         <value>0x2249</value>
         <object_component_ref idref="oc-64b"/>
      </symbol>
      <symbol id="sm-b6f">
         <name>atanl</name>
         <value>0x17e5</value>
         <object_component_ref idref="oc-7c9"/>
      </symbol>
      <symbol id="sm-b70">
         <name>atan</name>
         <value>0x17e5</value>
         <object_component_ref idref="oc-7c9"/>
      </symbol>
      <symbol id="sm-bc1">
         <name>cosl</name>
         <value>0x939</value>
         <object_component_ref idref="oc-640"/>
      </symbol>
      <symbol id="sm-bc2">
         <name>cos</name>
         <value>0x939</value>
         <object_component_ref idref="oc-640"/>
      </symbol>
      <symbol id="sm-c0e">
         <name>sin</name>
         <value>0xf15</value>
         <object_component_ref idref="oc-63a"/>
      </symbol>
      <symbol id="sm-c0f">
         <name>sinl</name>
         <value>0xf15</value>
         <object_component_ref idref="oc-63a"/>
      </symbol>
      <symbol id="sm-c1e">
         <name>__aeabi_memset</name>
         <value>0x58f3</value>
         <object_component_ref idref="oc-11c"/>
      </symbol>
      <symbol id="sm-c1f">
         <name>memset</name>
         <value>0x58f9</value>
         <object_component_ref idref="oc-11c"/>
      </symbol>
      <symbol id="sm-c20">
         <name>__aeabi_memset8</name>
         <value>0x58f3</value>
         <object_component_ref idref="oc-11c"/>
      </symbol>
      <symbol id="sm-c21">
         <name>__aeabi_memset4</name>
         <value>0x58f3</value>
         <object_component_ref idref="oc-11c"/>
      </symbol>
      <symbol id="sm-c22">
         <name>__aeabi_memclr8</name>
         <value>0x58f1</value>
         <object_component_ref idref="oc-11c"/>
      </symbol>
      <symbol id="sm-c23">
         <name>__aeabi_memclr4</name>
         <value>0x58f1</value>
         <object_component_ref idref="oc-11c"/>
      </symbol>
      <symbol id="sm-c24">
         <name>__aeabi_memclr</name>
         <value>0x58f1</value>
         <object_component_ref idref="oc-11c"/>
      </symbol>
      <symbol id="sm-c33">
         <name>__aeabi_uidivmod</name>
         <value>0x6b5d</value>
         <object_component_ref idref="oc-415"/>
      </symbol>
      <symbol id="sm-c34">
         <name>__aeabi_uidiv</name>
         <value>0x6b5d</value>
         <object_component_ref idref="oc-415"/>
      </symbol>
      <symbol id="sm-c4b">
         <name>__aeabi_dsub</name>
         <value>0x2435</value>
         <object_component_ref idref="oc-5d0"/>
      </symbol>
      <symbol id="sm-c4c">
         <name>__aeabi_dadd</name>
         <value>0x243f</value>
         <object_component_ref idref="oc-5d0"/>
      </symbol>
      <symbol id="sm-c6e">
         <name>__aeabi_cdcmpeq</name>
         <value>0x53d1</value>
         <object_component_ref idref="oc-7ae"/>
      </symbol>
      <symbol id="sm-c6f">
         <name>__aeabi_cdcmple</name>
         <value>0x53d1</value>
         <object_component_ref idref="oc-7ae"/>
      </symbol>
      <symbol id="sm-c70">
         <name>__aeabi_cdrcmple</name>
         <value>0x5457</value>
         <object_component_ref idref="oc-859"/>
      </symbol>
      <symbol id="sm-c84">
         <name>__aeabi_ddiv</name>
         <value>0x3289</value>
         <object_component_ref idref="oc-608"/>
      </symbol>
      <symbol id="sm-c8f">
         <name>__aeabi_dmul</name>
         <value>0x3cb1</value>
         <object_component_ref idref="oc-646"/>
      </symbol>
      <symbol id="sm-c99">
         <name>__aeabi_d2iz</name>
         <value>0x686d</value>
         <object_component_ref idref="oc-7a3"/>
      </symbol>
      <symbol id="sm-ca5">
         <name>__aeabi_d2f</name>
         <value>0x5d79</value>
         <object_component_ref idref="oc-5d5"/>
      </symbol>
      <symbol id="sm-cb0">
         <name>__aeabi_f2d</name>
         <value>0x6dad</value>
         <object_component_ref idref="oc-635"/>
      </symbol>
      <symbol id="sm-cba">
         <name>__aeabi_i2d</name>
         <value>0x6fa9</value>
         <object_component_ref idref="oc-5cb"/>
      </symbol>
      <symbol id="sm-cd5">
         <name>memcpy</name>
         <value>0x4e29</value>
         <object_component_ref idref="oc-67"/>
      </symbol>
      <symbol id="sm-cd6">
         <name>__aeabi_memcpy</name>
         <value>0x4e29</value>
         <object_component_ref idref="oc-67"/>
      </symbol>
      <symbol id="sm-cd7">
         <name>__aeabi_memcpy8</name>
         <value>0x4e29</value>
         <object_component_ref idref="oc-67"/>
      </symbol>
      <symbol id="sm-cd8">
         <name>__aeabi_memcpy4</name>
         <value>0x4e29</value>
         <object_component_ref idref="oc-67"/>
      </symbol>
      <symbol id="sm-ceb">
         <name>__TI_zero_init</name>
         <value>0x74fd</value>
         <object_component_ref idref="oc-79"/>
      </symbol>
      <symbol id="sm-d02">
         <name>__TI_decompress_none</name>
         <value>0x74c9</value>
         <object_component_ref idref="oc-18"/>
      </symbol>
      <symbol id="sm-d25">
         <name>__TI_decompress_lzss</name>
         <value>0x5ff9</value>
         <object_component_ref idref="oc-12"/>
      </symbol>
      <symbol id="sm-d3b">
         <name>atoi</name>
         <value>0x66b1</value>
         <object_component_ref idref="oc-773"/>
      </symbol>
      <symbol id="sm-d50">
         <name>__aeabi_CLOCKS_PER_SEC</name>
         <value>0x7ddc</value>
         <object_component_ref idref="oc-83d"/>
      </symbol>
      <symbol id="sm-d5b">
         <name>_ctypes_</name>
         <value>0x78c8</value>
         <object_component_ref idref="oc-843"/>
      </symbol>
      <symbol id="sm-d74">
         <name>HOSTclock</name>
         <value>0x67dd</value>
         <object_component_ref idref="oc-837"/>
      </symbol>
      <symbol id="sm-d7a">
         <name>parmbuf</name>
         <value>0x20010a6c</value>
      </symbol>
      <symbol id="sm-d9e">
         <name>__TI_readmsg</name>
         <value>0x6e81</value>
         <object_component_ref idref="oc-8ac"/>
      </symbol>
      <symbol id="sm-d9f">
         <name>C$$IO$$</name>
         <value>0x6d33</value>
         <object_component_ref idref="oc-8a6"/>
      </symbol>
      <symbol id="sm-da0">
         <name>__CIOBUF_</name>
         <value>0x200107ac</value>
         <object_component_ref idref="oc-8e9"/>
      </symbol>
      <symbol id="sm-da1">
         <name>__TI_writemsg</name>
         <value>0x6d05</value>
         <object_component_ref idref="oc-8a6"/>
      </symbol>
      <symbol id="sm-db4">
         <name>__stack</name>
         <value>0x20010b18</value>
         <object_component_ref idref="oc-21"/>
      </symbol>
      <symbol id="sm-db5">
         <name>_c_int00_noargs</name>
         <value>0x6d3d</value>
         <object_component_ref idref="oc-85"/>
      </symbol>
      <symbol id="sm-e26">
         <name>__kernel_rem_pio2</name>
         <value>0x201</value>
         <object_component_ref idref="oc-7b3"/>
      </symbol>
      <symbol id="sm-e3c">
         <name>__kernel_cos</name>
         <value>0x2a71</value>
         <object_component_ref idref="oc-7b9"/>
      </symbol>
      <symbol id="sm-e53">
         <name>__kernel_sin</name>
         <value>0x28fd</value>
         <object_component_ref idref="oc-7a8"/>
      </symbol>
      <symbol id="sm-e70">
         <name>floorl</name>
         <value>0x3ea9</value>
         <object_component_ref idref="oc-853"/>
      </symbol>
      <symbol id="sm-e71">
         <name>floor</name>
         <value>0x3ea9</value>
         <object_component_ref idref="oc-853"/>
      </symbol>
      <symbol id="sm-e8e">
         <name>scalbn</name>
         <value>0x3991</value>
         <object_component_ref idref="oc-84d"/>
      </symbol>
      <symbol id="sm-e8f">
         <name>scalbnl</name>
         <value>0x3991</value>
         <object_component_ref idref="oc-84d"/>
      </symbol>
      <symbol id="sm-e90">
         <name>ldexpl</name>
         <value>0x3991</value>
         <object_component_ref idref="oc-84d"/>
      </symbol>
      <symbol id="sm-e91">
         <name>ldexp</name>
         <value>0x3991</value>
         <object_component_ref idref="oc-84d"/>
      </symbol>
      <symbol id="sm-e9b">
         <name>copysign</name>
         <value>0x7381</value>
         <object_component_ref idref="oc-8cb"/>
      </symbol>
      <symbol id="sm-e9c">
         <name>copysignl</name>
         <value>0x7381</value>
         <object_component_ref idref="oc-8cb"/>
      </symbol>
      <symbol id="sm-ea6">
         <name>__aeabi_idiv0</name>
         <value>0x57f3</value>
         <object_component_ref idref="oc-530"/>
      </symbol>
      <symbol id="sm-ea7">
         <name>__aeabi_ldiv0</name>
         <value>0x57f3</value>
         <object_component_ref idref="oc-530"/>
      </symbol>
      <symbol id="sm-ecf">
         <name>__TI_auto_init_nobinit_nopinit</name>
         <value>0x6a11</value>
         <object_component_ref idref="oc-25c"/>
      </symbol>
      <symbol id="sm-ed9">
         <name>_system_pre_init</name>
         <value>0x75b9</value>
         <object_component_ref idref="oc-122"/>
      </symbol>
      <symbol id="sm-ee5">
         <name>C$$EXIT</name>
         <value>0x75bd</value>
         <object_component_ref idref="oc-250"/>
      </symbol>
      <symbol id="sm-ee6">
         <name>abort</name>
         <value>0x75bd</value>
         <object_component_ref idref="oc-250"/>
      </symbol>
      <symbol id="sm-efb">
         <name>_nop</name>
         <value>0x4507</value>
         <object_component_ref idref="oc-4fb"/>
      </symbol>
      <symbol id="sm-efc">
         <name>_lock</name>
         <value>0x20014b68</value>
         <object_component_ref idref="oc-398"/>
      </symbol>
      <symbol id="sm-efd">
         <name>_unlock</name>
         <value>0x20014b6c</value>
         <object_component_ref idref="oc-398"/>
      </symbol>
      <symbol id="sm-f14">
         <name>__aeabi_errno_addr</name>
         <value>0x7581</value>
         <object_component_ref idref="oc-8c5"/>
      </symbol>
      <symbol id="sm-f15">
         <name>errno</name>
         <value>0x20014b88</value>
         <object_component_ref idref="oc-8ff"/>
      </symbol>
      <symbol id="sm-fce">
         <name>GPIOIntRegister</name>
         <value>0x72f7</value>
         <object_component_ref idref="oc-577"/>
      </symbol>
      <symbol id="sm-fcf">
         <name>GPIOPinConfigure</name>
         <value>0x6795</value>
         <object_component_ref idref="oc-6ad"/>
      </symbol>
      <symbol id="sm-fd0">
         <name>GPIOPinTypeI2CSCL</name>
         <value>0x7445</value>
         <object_component_ref idref="oc-710"/>
      </symbol>
      <symbol id="sm-fd1">
         <name>GPIOIntDisable</name>
         <value>0x74ad</value>
         <object_component_ref idref="oc-6e5"/>
      </symbol>
      <symbol id="sm-fd2">
         <name>GPIOIntEnable</name>
         <value>0x74e5</value>
         <object_component_ref idref="oc-583"/>
      </symbol>
      <symbol id="sm-fd3">
         <name>GPIOPinTypeI2C</name>
         <value>0x7433</value>
         <object_component_ref idref="oc-716"/>
      </symbol>
      <symbol id="sm-fd4">
         <name>GPIOIntTypeSet</name>
         <value>0x642d</value>
         <object_component_ref idref="oc-57d"/>
      </symbol>
      <symbol id="sm-fd5">
         <name>GPIOPinTypeGPIOInput</name>
         <value>0x7421</value>
         <object_component_ref idref="oc-565"/>
      </symbol>
      <symbol id="sm-fd6">
         <name>GPIOIntClear</name>
         <value>0x7589</value>
         <object_component_ref idref="oc-6f1"/>
      </symbol>
      <symbol id="sm-fd7">
         <name>GPIOIntStatus</name>
         <value>0x74bb</value>
         <object_component_ref idref="oc-6eb"/>
      </symbol>
      <symbol id="sm-fd8">
         <name>GPIOPinTypeGPIOOutput</name>
         <value>0x730f</value>
         <object_component_ref idref="oc-56b"/>
      </symbol>
      <symbol id="sm-fd9">
         <name>GPIOPinRead</name>
         <value>0x758f</value>
         <object_component_ref idref="oc-798"/>
      </symbol>
      <symbol id="sm-fda">
         <name>GPIODirModeSet</name>
         <value>0x705b</value>
         <object_component_ref idref="oc-6c7"/>
      </symbol>
      <symbol id="sm-fdb">
         <name>GPIOPinWrite</name>
         <value>0x7595</value>
         <object_component_ref idref="oc-1dc"/>
      </symbol>
      <symbol id="sm-fdc">
         <name>GPIOPadConfigSet</name>
         <value>0x34f5</value>
         <object_component_ref idref="oc-571"/>
      </symbol>
      <symbol id="sm-fdd">
         <name>GPIOPinTypeSSI</name>
         <value>0x7457</value>
         <object_component_ref idref="oc-6b3"/>
      </symbol>
      <symbol id="sm-101e">
         <name>I2CMasterDataPut</name>
         <value>0x75b5</value>
         <object_component_ref idref="oc-72f"/>
      </symbol>
      <symbol id="sm-101f">
         <name>I2CMasterInitExpClk</name>
         <value>0x6619</value>
         <object_component_ref idref="oc-722"/>
      </symbol>
      <symbol id="sm-1020">
         <name>I2CMasterSlaveAddrSet</name>
         <value>0x756f</value>
         <object_component_ref idref="oc-729"/>
      </symbol>
      <symbol id="sm-1021">
         <name>I2CMasterDataGet</name>
         <value>0x75b1</value>
         <object_component_ref idref="oc-742"/>
      </symbol>
      <symbol id="sm-1022">
         <name>I2CMasterControl</name>
         <value>0x75ad</value>
         <object_component_ref idref="oc-735"/>
      </symbol>
      <symbol id="sm-1023">
         <name>I2CMasterBusy</name>
         <value>0x7567</value>
         <object_component_ref idref="oc-73b"/>
      </symbol>
      <symbol id="sm-1024">
         <name>I2CMasterEnable</name>
         <value>0x7521</value>
         <object_component_ref idref="oc-821"/>
      </symbol>
      <symbol id="sm-105d">
         <name>IntEnable</name>
         <value>0x5ec1</value>
         <object_component_ref idref="oc-6dc"/>
      </symbol>
      <symbol id="sm-105e">
         <name>IntRegister</name>
         <value>0x6de5</value>
         <object_component_ref idref="oc-6d6"/>
      </symbol>
      <symbol id="sm-105f">
         <name>g_pfnRAMVectors</name>
         <value>0x20000000</value>
         <object_component_ref idref="oc-80f"/>
      </symbol>
      <symbol id="sm-1098">
         <name>SSIDataPut</name>
         <value>0x752b</value>
         <object_component_ref idref="oc-3c3"/>
      </symbol>
      <symbol id="sm-1099">
         <name>SSIDataGet</name>
         <value>0x74f1</value>
         <object_component_ref idref="oc-3d0"/>
      </symbol>
      <symbol id="sm-109a">
         <name>SSIDataGetNonBlocking</name>
         <value>0x7469</value>
         <object_component_ref idref="oc-3d8"/>
      </symbol>
      <symbol id="sm-109b">
         <name>SSIConfigSetExpClk</name>
         <value>0x6bd9</value>
         <object_component_ref idref="oc-6b9"/>
      </symbol>
      <symbol id="sm-109c">
         <name>SSIEnable</name>
         <value>0x7535</value>
         <object_component_ref idref="oc-6bf"/>
      </symbol>
      <symbol id="sm-109d">
         <name>SSIBusy</name>
         <value>0x7577</value>
         <object_component_ref idref="oc-3c9"/>
      </symbol>
      <symbol id="sm-113a">
         <name>SysCtlDelay</name>
         <value>0x75a1</value>
         <object_component_ref idref="oc-610"/>
      </symbol>
      <symbol id="sm-113b">
         <name>SysCtlPeripheralEnable</name>
         <value>0x6e19</value>
         <object_component_ref idref="oc-55f"/>
      </symbol>
      <symbol id="sm-113c">
         <name>SysCtlClockGet</name>
         <value>0x3881</value>
         <object_component_ref idref="oc-71c"/>
      </symbol>
      <symbol id="sm-113d">
         <name>SysCtlClockFreqSet</name>
         <value>0x2049</value>
         <object_component_ref idref="oc-21c"/>
      </symbol>
      <symbol id="sm-113e">
         <name>SysCtlPeripheralReset</name>
         <value>0x652d</value>
         <object_component_ref idref="oc-70a"/>
      </symbol>
      <symbol id="sm-1170">
         <name>UARTConfigSetExpClk</name>
         <value>0x68fd</value>
         <object_component_ref idref="oc-5ac"/>
      </symbol>
      <symbol id="sm-1171">
         <name>UARTDisable</name>
         <value>0x718d</value>
         <object_component_ref idref="oc-702"/>
      </symbol>
      <symbol id="sm-1172">
         <name>UARTClockSourceSet</name>
         <value>0x75a7</value>
         <object_component_ref idref="oc-33e"/>
      </symbol>
      <symbol id="sm-1173">
         <name>UARTEnable</name>
         <value>0x7359</value>
         <object_component_ref idref="oc-5b2"/>
      </symbol>
      <symbol id="sm-1174">
         <name>UARTCharGet</name>
         <value>0x753f</value>
         <object_component_ref idref="oc-482"/>
      </symbol>
      <symbol id="sm-1176">
         <name>__TI_static_base__</name>
         <value>0x0</value>
      </symbol>
      <symbol id="sm-1179">
         <name>__mpu_init</name>
         <value>0x0</value>
      </symbol>
      <symbol id="sm-117a">
         <name>_system_post_cinit</name>
         <value>0x0</value>
      </symbol>
      <symbol id="sm-117b">
         <name>clock</name>
         <value>0x67dd</value>
      </symbol>
   </symbol_table>
   <title>Link successful</title>
</link_info>
