<?xml version="1.0" encoding="ISO-8859-1" ?>
<link_info>
   <banner>TI ARM Linker PC v18.1.3.LTS</banner>
   <copyright>Copyright (c) 1996-2017 Texas Instruments Incorporated</copyright>
   <link_time>0x5cae9831</link_time>
   <link_errors>0x0</link_errors>
   <output_file>senshub_iot.out</output_file>
   <entry_point>
      <name>_c_int00_noargs</name>
      <address>0x287d</address>
   </entry_point>
   <input_file_list>
      <input_file id="fl-2">
         <path>.\</path>
         <kind>object</kind>
         <file>main.obj</file>
         <name>main.obj</name>
      </input_file>
      <input_file id="fl-3">
         <path>.\</path>
         <kind>object</kind>
         <file>startup_ccs.obj</file>
         <name>startup_ccs.obj</name>
      </input_file>
      <input_file id="fl-4">
         <path>.\drivers\</path>
         <kind>object</kind>
         <file>buttons.obj</file>
         <name>buttons.obj</name>
      </input_file>
      <input_file id="fl-5">
         <path>.\drivers\</path>
         <kind>object</kind>
         <file>eth_client_lwip.obj</file>
         <name>eth_client_lwip.obj</name>
      </input_file>
      <input_file id="fl-6">
         <path>.\drivers\</path>
         <kind>object</kind>
         <file>exosite_hal_lwip.obj</file>
         <name>exosite_hal_lwip.obj</name>
      </input_file>
      <input_file id="fl-7">
         <path>.\drivers\</path>
         <kind>object</kind>
         <file>http.obj</file>
         <name>http.obj</name>
      </input_file>
      <input_file id="fl-8">
         <path>.\drivers\</path>
         <kind>object</kind>
         <file>pinout.obj</file>
         <name>pinout.obj</name>
      </input_file>
      <input_file id="fl-9">
         <path>.\third_party\FreeRTOS\Source\</path>
         <kind>object</kind>
         <file>list.obj</file>
         <name>list.obj</name>
      </input_file>
      <input_file id="fl-a">
         <path>.\third_party\FreeRTOS\Source\</path>
         <kind>object</kind>
         <file>queue.obj</file>
         <name>queue.obj</name>
      </input_file>
      <input_file id="fl-b">
         <path>.\third_party\FreeRTOS\Source\</path>
         <kind>object</kind>
         <file>tasks.obj</file>
         <name>tasks.obj</name>
      </input_file>
      <input_file id="fl-c">
         <path>.\third_party\FreeRTOS\Source\</path>
         <kind>object</kind>
         <file>timers.obj</file>
         <name>timers.obj</name>
      </input_file>
      <input_file id="fl-d">
         <path>.\third_party\FreeRTOS\Source\portable\CCS\ARM_CM4F\</path>
         <kind>object</kind>
         <file>port.obj</file>
         <name>port.obj</name>
      </input_file>
      <input_file id="fl-e">
         <path>.\third_party\FreeRTOS\Source\portable\CCS\ARM_CM4F\</path>
         <kind>object</kind>
         <file>portasm.obj</file>
         <name>portasm.obj</name>
      </input_file>
      <input_file id="fl-f">
         <path>.\third_party\FreeRTOS\Source\portable\MemMang\</path>
         <kind>object</kind>
         <file>heap_1.obj</file>
         <name>heap_1.obj</name>
      </input_file>
      <input_file id="fl-10">
         <path>.\third_party\exosite\</path>
         <kind>object</kind>
         <file>exosite.obj</file>
         <name>exosite.obj</name>
      </input_file>
      <input_file id="fl-11">
         <path>.\third_party\exosite\</path>
         <kind>object</kind>
         <file>exosite_meta.obj</file>
         <name>exosite_meta.obj</name>
      </input_file>
      <input_file id="fl-12">
         <path>.\utils\</path>
         <kind>object</kind>
         <file>cmdline.obj</file>
         <name>cmdline.obj</name>
      </input_file>
      <input_file id="fl-13">
         <path>.\utils\</path>
         <kind>object</kind>
         <file>flash_pb.obj</file>
         <name>flash_pb.obj</name>
      </input_file>
      <input_file id="fl-14">
         <path>.\utils\</path>
         <kind>object</kind>
         <file>locator.obj</file>
         <name>locator.obj</name>
      </input_file>
      <input_file id="fl-15">
         <path>.\utils\</path>
         <kind>object</kind>
         <file>lwiplib.obj</file>
         <name>lwiplib.obj</name>
      </input_file>
      <input_file id="fl-16">
         <path>.\utils\</path>
         <kind>object</kind>
         <file>ringbuf.obj</file>
         <name>ringbuf.obj</name>
      </input_file>
      <input_file id="fl-17">
         <path>.\utils\</path>
         <kind>object</kind>
         <file>uartstdio.obj</file>
         <name>uartstdio.obj</name>
      </input_file>
      <input_file id="fl-18">
         <path>.\utils\</path>
         <kind>object</kind>
         <file>ustdlib.obj</file>
         <name>ustdlib.obj</name>
      </input_file>
      <input_file id="fl-1e">
         <kind>object</kind>
         <file>&lt;internal&gt;</file>
         <name>&lt;internal&gt;</name>
      </input_file>
      <input_file id="fl-d4">
         <path>C:\ti\ccsv8\tools\compiler\ti-cgt-arm_18.1.3.LTS\lib\</path>
         <kind>archive</kind>
         <file>rtsv7M4_T_le_v4SPD16_eabi.lib</file>
         <name>memset_t2.asm.obj</name>
      </input_file>
      <input_file id="fl-d5">
         <path>C:\ti\ccsv8\tools\compiler\ti-cgt-arm_18.1.3.LTS\lib\</path>
         <kind>archive</kind>
         <file>rtsv7M4_T_le_v4SPD16_eabi.lib</file>
         <name>u_divt2.asm.obj</name>
      </input_file>
      <input_file id="fl-d6">
         <path>C:\ti\ccsv8\tools\compiler\ti-cgt-arm_18.1.3.LTS\lib\</path>
         <kind>archive</kind>
         <file>rtsv7M4_T_le_v4SPD16_eabi.lib</file>
         <name>memcpy_t2.asm.obj</name>
      </input_file>
      <input_file id="fl-d7">
         <path>C:\ti\ccsv8\tools\compiler\ti-cgt-arm_18.1.3.LTS\lib\</path>
         <kind>archive</kind>
         <file>rtsv7M4_T_le_v4SPD16_eabi.lib</file>
         <name>copy_zero_init.c.obj</name>
      </input_file>
      <input_file id="fl-d8">
         <path>C:\ti\ccsv8\tools\compiler\ti-cgt-arm_18.1.3.LTS\lib\</path>
         <kind>archive</kind>
         <file>rtsv7M4_T_le_v4SPD16_eabi.lib</file>
         <name>copy_decompress_none.c.obj</name>
      </input_file>
      <input_file id="fl-d9">
         <path>C:\ti\ccsv8\tools\compiler\ti-cgt-arm_18.1.3.LTS\lib\</path>
         <kind>archive</kind>
         <file>rtsv7M4_T_le_v4SPD16_eabi.lib</file>
         <name>copy_decompress_lzss.c.obj</name>
      </input_file>
      <input_file id="fl-da">
         <path>C:\ti\ccsv8\tools\compiler\ti-cgt-arm_18.1.3.LTS\lib\</path>
         <kind>archive</kind>
         <file>rtsv7M4_T_le_v4SPD16_eabi.lib</file>
         <name>memcmp.c.obj</name>
      </input_file>
      <input_file id="fl-db">
         <path>C:\ti\ccsv8\tools\compiler\ti-cgt-arm_18.1.3.LTS\lib\</path>
         <kind>archive</kind>
         <file>rtsv7M4_T_le_v4SPD16_eabi.lib</file>
         <name>strcat.c.obj</name>
      </input_file>
      <input_file id="fl-dc">
         <path>C:\ti\ccsv8\tools\compiler\ti-cgt-arm_18.1.3.LTS\lib\</path>
         <kind>archive</kind>
         <file>rtsv7M4_T_le_v4SPD16_eabi.lib</file>
         <name>strcmp.c.obj</name>
      </input_file>
      <input_file id="fl-dd">
         <path>C:\ti\ccsv8\tools\compiler\ti-cgt-arm_18.1.3.LTS\lib\</path>
         <kind>archive</kind>
         <file>rtsv7M4_T_le_v4SPD16_eabi.lib</file>
         <name>strlen.c.obj</name>
      </input_file>
      <input_file id="fl-de">
         <path>C:\ti\ccsv8\tools\compiler\ti-cgt-arm_18.1.3.LTS\lib\</path>
         <kind>archive</kind>
         <file>rtsv7M4_T_le_v4SPD16_eabi.lib</file>
         <name>strncmp.c.obj</name>
      </input_file>
      <input_file id="fl-df">
         <path>C:\ti\ccsv8\tools\compiler\ti-cgt-arm_18.1.3.LTS\lib\</path>
         <kind>archive</kind>
         <file>rtsv7M4_T_le_v4SPD16_eabi.lib</file>
         <name>strncpy.c.obj</name>
      </input_file>
      <input_file id="fl-e0">
         <path>C:\ti\ccsv8\tools\compiler\ti-cgt-arm_18.1.3.LTS\lib\</path>
         <kind>archive</kind>
         <file>rtsv7M4_T_le_v4SPD16_eabi.lib</file>
         <name>boot_cortex_m.c.obj</name>
      </input_file>
      <input_file id="fl-e1">
         <path>C:\ti\ccsv8\tools\compiler\ti-cgt-arm_18.1.3.LTS\lib\</path>
         <kind>archive</kind>
         <file>rtsv7M4_T_le_v4SPD16_eabi.lib</file>
         <name>div0.asm.obj</name>
      </input_file>
      <input_file id="fl-e2">
         <path>C:\ti\ccsv8\tools\compiler\ti-cgt-arm_18.1.3.LTS\lib\</path>
         <kind>archive</kind>
         <file>rtsv7M4_T_le_v4SPD16_eabi.lib</file>
         <name>autoinit.c.obj</name>
      </input_file>
      <input_file id="fl-e3">
         <path>C:\ti\ccsv8\tools\compiler\ti-cgt-arm_18.1.3.LTS\lib\</path>
         <kind>archive</kind>
         <file>rtsv7M4_T_le_v4SPD16_eabi.lib</file>
         <name>pre_init.c.obj</name>
      </input_file>
      <input_file id="fl-e4">
         <path>C:\ti\ccsv8\tools\compiler\ti-cgt-arm_18.1.3.LTS\lib\</path>
         <kind>archive</kind>
         <file>rtsv7M4_T_le_v4SPD16_eabi.lib</file>
         <name>cpy_tbl.c.obj</name>
      </input_file>
      <input_file id="fl-e5">
         <path>C:\ti\ccsv8\tools\compiler\ti-cgt-arm_18.1.3.LTS\lib\</path>
         <kind>archive</kind>
         <file>rtsv7M4_T_le_v4SPD16_eabi.lib</file>
         <name>exit.c.obj</name>
      </input_file>
      <input_file id="fl-e6">
         <path>C:\ti\ccsv8\tools\compiler\ti-cgt-arm_18.1.3.LTS\lib\</path>
         <kind>archive</kind>
         <file>rtsv7M4_T_le_v4SPD16_eabi.lib</file>
         <name>_lock.c.obj</name>
      </input_file>
      <input_file id="fl-e7">
         <path>C:\ti\ccsv8\tools\compiler\ti-cgt-arm_18.1.3.LTS\lib\</path>
         <kind>archive</kind>
         <file>rtsv7M4_T_le_v4SPD16_eabi.lib</file>
         <name>args_main.c.obj</name>
      </input_file>
      <input_file id="fl-e8">
         <path>C:\ti\TivaWare_C_Series-2.1.4.178\driverlib\ccs\Debug\</path>
         <kind>archive</kind>
         <file>driverlib.lib</file>
         <name>eeprom.obj</name>
      </input_file>
      <input_file id="fl-e9">
         <path>C:\ti\TivaWare_C_Series-2.1.4.178\driverlib\ccs\Debug\</path>
         <kind>archive</kind>
         <file>driverlib.lib</file>
         <name>emac.obj</name>
      </input_file>
      <input_file id="fl-ea">
         <path>C:\ti\TivaWare_C_Series-2.1.4.178\driverlib\ccs\Debug\</path>
         <kind>archive</kind>
         <file>driverlib.lib</file>
         <name>flash.obj</name>
      </input_file>
      <input_file id="fl-eb">
         <path>C:\ti\TivaWare_C_Series-2.1.4.178\driverlib\ccs\Debug\</path>
         <kind>archive</kind>
         <file>driverlib.lib</file>
         <name>gpio.obj</name>
      </input_file>
      <input_file id="fl-ec">
         <path>C:\ti\TivaWare_C_Series-2.1.4.178\driverlib\ccs\Debug\</path>
         <kind>archive</kind>
         <file>driverlib.lib</file>
         <name>i2c.obj</name>
      </input_file>
      <input_file id="fl-ed">
         <path>C:\ti\TivaWare_C_Series-2.1.4.178\driverlib\ccs\Debug\</path>
         <kind>archive</kind>
         <file>driverlib.lib</file>
         <name>interrupt.obj</name>
      </input_file>
      <input_file id="fl-ee">
         <path>C:\ti\TivaWare_C_Series-2.1.4.178\driverlib\ccs\Debug\</path>
         <kind>archive</kind>
         <file>driverlib.lib</file>
         <name>sw_crc.obj</name>
      </input_file>
      <input_file id="fl-ef">
         <path>C:\ti\TivaWare_C_Series-2.1.4.178\driverlib\ccs\Debug\</path>
         <kind>archive</kind>
         <file>driverlib.lib</file>
         <name>sysctl.obj</name>
      </input_file>
      <input_file id="fl-f0">
         <path>C:\ti\TivaWare_C_Series-2.1.4.178\driverlib\ccs\Debug\</path>
         <kind>archive</kind>
         <file>driverlib.lib</file>
         <name>timer.obj</name>
      </input_file>
      <input_file id="fl-f1">
         <path>C:\ti\TivaWare_C_Series-2.1.4.178\driverlib\ccs\Debug\</path>
         <kind>archive</kind>
         <file>driverlib.lib</file>
         <name>uart.obj</name>
      </input_file>
      <input_file id="fl-f2">
         <path>C:\ti\TivaWare_C_Series-2.1.4.178\driverlib\ccs\Debug\</path>
         <kind>archive</kind>
         <file>driverlib.lib</file>
         <name>cpu.obj</name>
      </input_file>
   </input_file_list>
   <object_component_list>
      <object_component id="oc-f">
         <name>.intvecs</name>
         <load_address>0x0</load_address>
         <run_address>0x0</run_address>
         <size>0x200</size>
         <input_file_ref idref="fl-3"/>
      </object_component>
      <object_component id="oc-185">
         <name>.text:SysCtlClockFreqSet</name>
         <load_address>0x200</load_address>
         <run_address>0x200</run_address>
         <size>0x200</size>
         <input_file_ref idref="fl-ef"/>
      </object_component>
      <object_component id="oc-29c">
         <name>.text:UARTvprintf</name>
         <load_address>0x400</load_address>
         <run_address>0x400</run_address>
         <size>0x1ea</size>
         <input_file_ref idref="fl-17"/>
      </object_component>
      <object_component id="oc-30">
         <name>.text:FaultISR</name>
         <load_address>0x5ea</load_address>
         <run_address>0x5ea</run_address>
         <size>0x2</size>
         <input_file_ref idref="fl-3"/>
      </object_component>
      <object_component id="oc-47">
         <name>.text:UARTStdioIntHandler</name>
         <load_address>0x5ec</load_address>
         <run_address>0x5ec</run_address>
         <size>0x160</size>
         <input_file_ref idref="fl-17"/>
      </object_component>
      <object_component id="oc-336">
         <name>.text:GPIOPadConfigSet</name>
         <load_address>0x74c</load_address>
         <run_address>0x74c</run_address>
         <size>0x132</size>
         <input_file_ref idref="fl-eb"/>
      </object_component>
      <object_component id="oc-36">
         <name>.text:IntDefaultHandler</name>
         <load_address>0x87e</load_address>
         <run_address>0x87e</run_address>
         <size>0x2</size>
         <input_file_ref idref="fl-3"/>
      </object_component>
      <object_component id="oc-3b3">
         <name>.text:xQueueGenericReceive</name>
         <load_address>0x880</load_address>
         <run_address>0x880</run_address>
         <size>0x118</size>
         <input_file_ref idref="fl-a"/>
      </object_component>
      <object_component id="oc-280">
         <name>.text:SysCtlClockGet</name>
         <load_address>0x998</load_address>
         <run_address>0x998</run_address>
         <size>0x110</size>
         <input_file_ref idref="fl-ef"/>
      </object_component>
      <object_component id="oc-aa">
         <name>.text:xTaskIncrementTick</name>
         <load_address>0xaa8</load_address>
         <run_address>0xaa8</run_address>
         <size>0x104</size>
         <input_file_ref idref="fl-b"/>
      </object_component>
      <object_component id="oc-3b9">
         <name>.text:log_value</name>
         <load_address>0xbac</load_address>
         <run_address>0xbac</run_address>
         <size>0x100</size>
         <input_file_ref idref="fl-2"/>
      </object_component>
      <object_component id="oc-2a8">
         <name>.text:xTaskGenericCreate</name>
         <load_address>0xcac</load_address>
         <run_address>0xcac</run_address>
         <size>0x100</size>
         <input_file_ref idref="fl-b"/>
      </object_component>
      <object_component id="oc-3a6">
         <name>.text:xQueueGenericSend</name>
         <load_address>0xdac</load_address>
         <run_address>0xdac</run_address>
         <size>0xe8</size>
         <input_file_ref idref="fl-a"/>
      </object_component>
      <object_component id="oc-34d">
         <name>.text:xTaskResumeAll</name>
         <load_address>0xe94</load_address>
         <run_address>0xe94</run_address>
         <size>0xe4</size>
         <input_file_ref idref="fl-b"/>
      </object_component>
      <object_component id="oc-3c">
         <name>.text</name>
         <load_address>0xf78</load_address>
         <run_address>0xf78</run_address>
         <size>0xd2</size>
         <input_file_ref idref="fl-e"/>
      </object_component>
      <object_component id="oc-2a">
         <name>.text:NmiSR</name>
         <load_address>0x104a</load_address>
         <run_address>0x104a</run_address>
         <size>0x2</size>
         <input_file_ref idref="fl-3"/>
      </object_component>
      <object_component id="oc-2bc">
         <name>.text:temp_fn</name>
         <load_address>0x104c</load_address>
         <run_address>0x104c</run_address>
         <size>0xc8</size>
         <input_file_ref idref="fl-2"/>
      </object_component>
      <object_component id="oc-10b">
         <name>.text:main</name>
         <load_address>0x1114</load_address>
         <run_address>0x1114</run_address>
         <size>0xc0</size>
         <input_file_ref idref="fl-2"/>
      </object_component>
      <object_component id="oc-2ae">
         <name>.text:led_fn</name>
         <load_address>0x11d4</load_address>
         <run_address>0x11d4</run_address>
         <size>0xb4</size>
         <input_file_ref idref="fl-2"/>
      </object_component>
      <object_component id="oc-a3">
         <name>.text:vTaskSwitchContext</name>
         <load_address>0x1288</load_address>
         <run_address>0x1288</run_address>
         <size>0xb4</size>
         <input_file_ref idref="fl-b"/>
      </object_component>
      <object_component id="oc-254">
         <name>.text:UARTStdioConfig</name>
         <load_address>0x133c</load_address>
         <run_address>0x133c</run_address>
         <size>0xb0</size>
         <input_file_ref idref="fl-17"/>
      </object_component>
      <object_component id="oc-197">
         <name>.text:ConfigureTimer</name>
         <load_address>0x13ec</load_address>
         <run_address>0x13ec</run_address>
         <size>0xac</size>
         <input_file_ref idref="fl-2"/>
      </object_component>
      <object_component id="oc-3c6">
         <name>.text:xTaskGenericNotify</name>
         <load_address>0x1498</load_address>
         <run_address>0x1498</run_address>
         <size>0xac</size>
         <input_file_ref idref="fl-b"/>
      </object_component>
      <object_component id="oc-bd">
         <name>.text:UARTwrite</name>
         <load_address>0x1544</load_address>
         <run_address>0x1544</run_address>
         <size>0xa8</size>
         <input_file_ref idref="fl-17"/>
      </object_component>
      <object_component id="oc-4e9">
         <name>.text:prvProcessReceivedCommands</name>
         <load_address>0x15ec</load_address>
         <run_address>0x15ec</run_address>
         <size>0xa4</size>
         <input_file_ref idref="fl-c"/>
      </object_component>
      <object_component id="oc-3cd">
         <name>.text:ulTaskNotifyTake</name>
         <load_address>0x1690</load_address>
         <run_address>0x1690</run_address>
         <size>0xa4</size>
         <input_file_ref idref="fl-b"/>
      </object_component>
      <object_component id="oc-67">
         <name>.text</name>
         <load_address>0x1734</load_address>
         <run_address>0x1734</run_address>
         <size>0x9c</size>
         <input_file_ref idref="fl-d6"/>
      </object_component>
      <object_component id="oc-3c0">
         <name>.text:I2Creceive</name>
         <load_address>0x17d0</load_address>
         <run_address>0x17d0</run_address>
         <size>0x90</size>
         <input_file_ref idref="fl-2"/>
      </object_component>
      <object_component id="oc-492">
         <name>.text:vTaskPriorityInherit</name>
         <load_address>0x1860</load_address>
         <run_address>0x1860</run_address>
         <size>0x90</size>
         <input_file_ref idref="fl-b"/>
      </object_component>
      <object_component id="oc-b1">
         <name>.text:UARTPrimeTransmit</name>
         <load_address>0x18f0</load_address>
         <run_address>0x18f0</run_address>
         <size>0x8c</size>
         <input_file_ref idref="fl-17"/>
      </object_component>
      <object_component id="oc-1c1">
         <name>.text:alert_task</name>
         <load_address>0x197c</load_address>
         <run_address>0x197c</run_address>
         <size>0x84</size>
         <input_file_ref idref="fl-2"/>
      </object_component>
      <object_component id="oc-293">
         <name>.text:xQueueGenericReset</name>
         <load_address>0x1a00</load_address>
         <run_address>0x1a00</run_address>
         <size>0x84</size>
         <input_file_ref idref="fl-a"/>
      </object_component>
      <object_component id="oc-1bb">
         <name>.text:temp_task</name>
         <load_address>0x1a84</load_address>
         <run_address>0x1a84</run_address>
         <size>0x80</size>
         <input_file_ref idref="fl-2"/>
      </object_component>
      <object_component id="oc-ff">
         <name>.text</name>
         <load_address>0x1b04</load_address>
         <run_address>0x1b04</run_address>
         <size>0x7a</size>
         <input_file_ref idref="fl-d4"/>
      </object_component>
      <object_component id="oc-43d">
         <name>.text</name>
         <load_address>0x1b7e</load_address>
         <run_address>0x1b7e</run_address>
         <size>0x2</size>
         <input_file_ref idref="fl-e1"/>
      </object_component>
      <object_component id="oc-52d">
         <name>.text:xTaskPriorityDisinherit</name>
         <load_address>0x1b80</load_address>
         <run_address>0x1b80</run_address>
         <size>0x78</size>
         <input_file_ref idref="fl-b"/>
      </object_component>
      <object_component id="oc-1af">
         <name>.text:led_task</name>
         <load_address>0x1bf8</load_address>
         <run_address>0x1bf8</run_address>
         <size>0x74</size>
         <input_file_ref idref="fl-2"/>
      </object_component>
      <object_component id="oc-1b5">
         <name>.text:log_task</name>
         <load_address>0x1c6c</load_address>
         <run_address>0x1c6c</run_address>
         <size>0x74</size>
         <input_file_ref idref="fl-2"/>
      </object_component>
      <object_component id="oc-1c7">
         <name>.text:vTaskStartScheduler</name>
         <load_address>0x1ce0</load_address>
         <run_address>0x1ce0</run_address>
         <size>0x74</size>
         <input_file_ref idref="fl-b"/>
      </object_component>
      <object_component id="oc-361">
         <name>.text:xTaskRemoveFromEventList</name>
         <load_address>0x1d54</load_address>
         <run_address>0x1d54</run_address>
         <size>0x74</size>
         <input_file_ref idref="fl-b"/>
      </object_component>
      <object_component id="oc-485">
         <name>.text:prvCopyDataToQueue</name>
         <load_address>0x1dc8</load_address>
         <run_address>0x1dc8</run_address>
         <size>0x72</size>
         <input_file_ref idref="fl-a"/>
      </object_component>
      <object_component id="oc-128">
         <name>.text:vApplicationStackOverflowHook</name>
         <load_address>0x1e3a</load_address>
         <run_address>0x1e3a</run_address>
         <size>0x2</size>
         <input_file_ref idref="fl-2"/>
      </object_component>
      <object_component id="oc-4e3">
         <name>.text:prvProcessTimerOrBlockTask</name>
         <load_address>0x1e3c</load_address>
         <run_address>0x1e3c</run_address>
         <size>0x70</size>
         <input_file_ref idref="fl-c"/>
      </object_component>
      <object_component id="oc-12">
         <name>.text:decompress:lzss:__TI_decompress_lzss</name>
         <load_address>0x1eac</load_address>
         <run_address>0x1eac</run_address>
         <size>0x68</size>
         <input_file_ref idref="fl-d9"/>
      </object_component>
      <object_component id="oc-575">
         <name>.text:vTaskPlaceOnEventListRestricted</name>
         <load_address>0x1f14</load_address>
         <run_address>0x1f14</run_address>
         <size>0x68</size>
         <input_file_ref idref="fl-b"/>
      </object_component>
      <object_component id="oc-191">
         <name>.text:ConfigureUART</name>
         <load_address>0x1f7c</load_address>
         <run_address>0x1f7c</run_address>
         <size>0x64</size>
         <input_file_ref idref="fl-2"/>
      </object_component>
      <object_component id="oc-2c4">
         <name>.text:alert_fn</name>
         <load_address>0x1fe0</load_address>
         <run_address>0x1fe0</run_address>
         <size>0x64</size>
         <input_file_ref idref="fl-2"/>
      </object_component>
      <object_component id="oc-47f">
         <name>.text:vTaskPlaceOnEventList</name>
         <load_address>0x2044</load_address>
         <run_address>0x2044</run_address>
         <size>0x64</size>
         <input_file_ref idref="fl-b"/>
      </object_component>
      <object_component id="oc-473">
         <name>.text:prvUnlockQueue</name>
         <load_address>0x20a8</load_address>
         <run_address>0x20a8</run_address>
         <size>0x62</size>
         <input_file_ref idref="fl-a"/>
      </object_component>
      <object_component id="oc-443">
         <name>.text:vPortFree</name>
         <load_address>0x210a</load_address>
         <run_address>0x210a</run_address>
         <size>0x2</size>
         <input_file_ref idref="fl-f"/>
      </object_component>
      <object_component id="oc-19d">
         <name>.text:ConfigureI2C2</name>
         <load_address>0x210c</load_address>
         <run_address>0x210c</run_address>
         <size>0x60</size>
         <input_file_ref idref="fl-2"/>
      </object_component>
      <object_component id="oc-393">
         <name>.text:prvInitialiseTaskLists</name>
         <load_address>0x216c</load_address>
         <run_address>0x216c</run_address>
         <size>0x60</size>
         <input_file_ref idref="fl-b"/>
      </object_component>
      <object_component id="oc-56e">
         <name>.text:prvSwitchTimerLists</name>
         <load_address>0x21cc</load_address>
         <run_address>0x21cc</run_address>
         <size>0x60</size>
         <input_file_ref idref="fl-c"/>
      </object_component>
      <object_component id="oc-3d4">
         <name>.text:prvCheckForValidListAndQueue</name>
         <load_address>0x222c</load_address>
         <run_address>0x222c</run_address>
         <size>0x5c</size>
         <input_file_ref idref="fl-c"/>
      </object_component>
      <object_component id="oc-583">
         <name>.text:xQueueGenericSendFromISR</name>
         <load_address>0x2288</load_address>
         <run_address>0x2288</run_address>
         <size>0x5c</size>
         <input_file_ref idref="fl-a"/>
      </object_component>
      <object_component id="oc-3f1">
         <name>.text:prvCheckTasksWaitingTermination</name>
         <load_address>0x22e4</load_address>
         <run_address>0x22e4</run_address>
         <size>0x58</size>
         <input_file_ref idref="fl-b"/>
      </object_component>
      <object_component id="oc-387">
         <name>.text:prvInitialiseTCBVariables</name>
         <load_address>0x233c</load_address>
         <run_address>0x233c</run_address>
         <size>0x58</size>
         <input_file_ref idref="fl-b"/>
      </object_component>
      <object_component id="oc-46d">
         <name>.text:xTaskCheckForTimeOut</name>
         <load_address>0x2394</load_address>
         <run_address>0x2394</run_address>
         <size>0x54</size>
         <input_file_ref idref="fl-b"/>
      </object_component>
      <object_component id="oc-268">
         <name>.text:SysCtlPeripheralReset</name>
         <load_address>0x23e8</load_address>
         <run_address>0x23e8</run_address>
         <size>0x50</size>
         <input_file_ref idref="fl-ef"/>
      </object_component>
      <object_component id="oc-28d">
         <name>.text:pvPortMalloc</name>
         <load_address>0x2438</load_address>
         <run_address>0x2438</run_address>
         <size>0x50</size>
         <input_file_ref idref="fl-f"/>
      </object_component>
      <object_component id="oc-286">
         <name>.text:I2CMasterInitExpClk</name>
         <load_address>0x2488</load_address>
         <run_address>0x2488</run_address>
         <size>0x4c</size>
         <input_file_ref idref="fl-ec"/>
      </object_component>
      <object_component id="oc-4c6">
         <name>.text:prvAddCurrentTaskToDelayedList</name>
         <load_address>0x24d4</load_address>
         <run_address>0x24d4</run_address>
         <size>0x4c</size>
         <input_file_ref idref="fl-b"/>
      </object_component>
      <object_component id="oc-26e">
         <name>.text:GPIOPinConfigure</name>
         <load_address>0x2520</load_address>
         <run_address>0x2520</run_address>
         <size>0x48</size>
         <input_file_ref idref="fl-eb"/>
      </object_component>
      <object_component id="oc-237">
         <name>.text:_SysCtlFrequencyGet</name>
         <load_address>0x2568</load_address>
         <run_address>0x2568</run_address>
         <size>0x48</size>
         <input_file_ref idref="fl-ef"/>
      </object_component>
      <object_component id="oc-549">
         <name>.text:prvProcessExpiredTimer</name>
         <load_address>0x25b0</load_address>
         <run_address>0x25b0</run_address>
         <size>0x48</size>
         <input_file_ref idref="fl-c"/>
      </object_component>
      <object_component id="oc-1dd">
         <name>.text:__TI_auto_init_nobinit_nopinit:__TI_auto_init_nobinit_nopinit</name>
         <load_address>0x25f8</load_address>
         <run_address>0x25f8</run_address>
         <size>0x44</size>
         <input_file_ref idref="fl-e2"/>
      </object_component>
      <object_component id="oc-556">
         <name>.text:prvInsertTimerInActiveList</name>
         <load_address>0x263c</load_address>
         <run_address>0x263c</run_address>
         <size>0x44</size>
         <input_file_ref idref="fl-c"/>
      </object_component>
      <object_component id="oc-2cb">
         <name>.text:xTimerCreateTimerTask</name>
         <load_address>0x2680</load_address>
         <run_address>0x2680</run_address>
         <size>0x44</size>
         <input_file_ref idref="fl-c"/>
      </object_component>
      <object_component id="oc-55c">
         <name>.text:xTimerGenericCommand</name>
         <load_address>0x26c4</load_address>
         <run_address>0x26c4</run_address>
         <size>0x44</size>
         <input_file_ref idref="fl-c"/>
      </object_component>
      <object_component id="oc-37b">
         <name>.text</name>
         <load_address>0x2708</load_address>
         <run_address>0x2708</run_address>
         <size>0x40</size>
         <input_file_ref idref="fl-d5"/>
      </object_component>
      <object_component id="oc-54f">
         <name>.text:vQueueWaitForMessageRestricted</name>
         <load_address>0x2748</load_address>
         <run_address>0x2748</run_address>
         <size>0x40</size>
         <input_file_ref idref="fl-a"/>
      </object_component>
      <object_component id="oc-2d1">
         <name>.text:xPortStartScheduler</name>
         <load_address>0x2788</load_address>
         <run_address>0x2788</run_address>
         <size>0x40</size>
         <input_file_ref idref="fl-d"/>
      </object_component>
      <object_component id="oc-31a">
         <name>.text:UARTFlushTx</name>
         <load_address>0x27c8</load_address>
         <run_address>0x27c8</run_address>
         <size>0x3c</size>
         <input_file_ref idref="fl-17"/>
      </object_component>
      <object_component id="oc-1a3">
         <name>.text:xQueueGenericCreate</name>
         <load_address>0x2804</load_address>
         <run_address>0x2804</run_address>
         <size>0x3c</size>
         <input_file_ref idref="fl-a"/>
      </object_component>
      <object_component id="oc-381">
         <name>.text:prvAllocateTCBAndStack</name>
         <load_address>0x2840</load_address>
         <run_address>0x2840</run_address>
         <size>0x3a</size>
         <input_file_ref idref="fl-b"/>
      </object_component>
      <object_component id="oc-85">
         <name>.text:_c_int00_noargs:_c_int00_noargs</name>
         <load_address>0x287c</load_address>
         <run_address>0x287c</run_address>
         <size>0x38</size>
         <input_file_ref idref="fl-e0"/>
      </object_component>
      <object_component id="oc-526">
         <name>.text:vListInsert</name>
         <load_address>0x28b4</load_address>
         <run_address>0x28b4</run_address>
         <size>0x38</size>
         <input_file_ref idref="fl-9"/>
      </object_component>
      <object_component id="oc-262">
         <name>.text:SysCtlPeripheralEnable</name>
         <load_address>0x28ec</load_address>
         <run_address>0x28ec</run_address>
         <size>0x34</size>
         <input_file_ref idref="fl-ef"/>
      </object_component>
      <object_component id="oc-314">
         <name>.text:UARTFlushRx</name>
         <load_address>0x2920</load_address>
         <run_address>0x2920</run_address>
         <size>0x2c</size>
         <input_file_ref idref="fl-17"/>
      </object_component>
      <object_component id="oc-41">
         <name>.text:xPortSysTickHandler</name>
         <load_address>0x294c</load_address>
         <run_address>0x294c</run_address>
         <size>0x2c</size>
         <input_file_ref idref="fl-d"/>
      </object_component>
      <object_component id="oc-330">
         <name>.text:GPIODirModeSet</name>
         <load_address>0x2978</load_address>
         <run_address>0x2978</run_address>
         <size>0x2a</size>
         <input_file_ref idref="fl-eb"/>
      </object_component>
      <object_component id="oc-2b5">
         <name>.text:log_fn</name>
         <load_address>0x29a4</load_address>
         <run_address>0x29a4</run_address>
         <size>0x28</size>
         <input_file_ref idref="fl-2"/>
      </object_component>
      <object_component id="oc-133">
         <name>.text:prvResetNextTaskUnblockTime</name>
         <load_address>0x29cc</load_address>
         <run_address>0x29cc</run_address>
         <size>0x28</size>
         <input_file_ref idref="fl-b"/>
      </object_component>
      <object_component id="oc-547">
         <name>.text:prvSampleTimeNow</name>
         <load_address>0x29f4</load_address>
         <run_address>0x29f4</run_address>
         <size>0x28</size>
         <input_file_ref idref="fl-c"/>
      </object_component>
      <object_component id="oc-38d">
         <name>.text:pxPortInitialiseStack</name>
         <load_address>0x2a1c</load_address>
         <run_address>0x2a1c</run_address>
         <size>0x28</size>
         <input_file_ref idref="fl-d"/>
      </object_component>
      <object_component id="oc-498">
         <name>.text:prvCopyDataFromQueue</name>
         <load_address>0x2a44</load_address>
         <run_address>0x2a44</run_address>
         <size>0x26</size>
         <input_file_ref idref="fl-a"/>
      </object_component>
      <object_component id="oc-4d">
         <name>.text:Timer0IntHandler</name>
         <load_address>0x2a6c</load_address>
         <run_address>0x2a6c</run_address>
         <size>0x24</size>
         <input_file_ref idref="fl-2"/>
      </object_component>
      <object_component id="oc-53">
         <name>.text:Timer1IntHandler</name>
         <load_address>0x2a90</load_address>
         <run_address>0x2a90</run_address>
         <size>0x24</size>
         <input_file_ref idref="fl-2"/>
      </object_component>
      <object_component id="oc-231">
         <name>.text:_SysCtlMemTimingGet</name>
         <load_address>0x2ab4</load_address>
         <run_address>0x2ab4</run_address>
         <size>0x20</size>
         <input_file_ref idref="fl-ef"/>
      </object_component>
      <object_component id="oc-4dd">
         <name>.text:prvGetNextExpireTime</name>
         <load_address>0x2ad4</load_address>
         <run_address>0x2ad4</run_address>
         <size>0x20</size>
         <input_file_ref idref="fl-c"/>
      </object_component>
      <object_component id="oc-139">
         <name>.text:uxListRemove</name>
         <load_address>0x2af4</load_address>
         <run_address>0x2af4</run_address>
         <size>0x20</size>
         <input_file_ref idref="fl-9"/>
      </object_component>
      <object_component id="oc-4cd">
         <name>.text:vQueueAddToRegistry</name>
         <load_address>0x2b14</load_address>
         <run_address>0x2b14</run_address>
         <size>0x20</size>
         <input_file_ref idref="fl-a"/>
      </object_component>
      <object_component id="oc-57d">
         <name>.text:xTaskGetSchedulerState</name>
         <load_address>0x2b34</load_address>
         <run_address>0x2b34</run_address>
         <size>0x20</size>
         <input_file_ref idref="fl-b"/>
      </object_component>
      <object_component id="oc-479">
         <name>.text:prvIsQueueFull</name>
         <load_address>0x2b54</load_address>
         <run_address>0x2b54</run_address>
         <size>0x1c</size>
         <input_file_ref idref="fl-a"/>
      </object_component>
      <object_component id="oc-35b">
         <name>.text:vPortEnterCritical</name>
         <load_address>0x2b70</load_address>
         <run_address>0x2b70</run_address>
         <size>0x1c</size>
         <input_file_ref idref="fl-d"/>
      </object_component>
      <object_component id="oc-1a9">
         <name>.text:UARTprintf</name>
         <load_address>0x2b8c</load_address>
         <run_address>0x2b8c</run_address>
         <size>0x1a</size>
         <input_file_ref idref="fl-17"/>
      </object_component>
      <object_component id="oc-48c">
         <name>.text:prvIsQueueEmpty</name>
         <load_address>0x2ba6</load_address>
         <run_address>0x2ba6</run_address>
         <size>0x1a</size>
         <input_file_ref idref="fl-a"/>
      </object_component>
      <object_component id="oc-39a">
         <name>.text:GPIOPinTypeGPIOOutput</name>
         <load_address>0x2bc0</load_address>
         <run_address>0x2bc0</run_address>
         <size>0x18</size>
         <input_file_ref idref="fl-eb"/>
      </object_component>
      <object_component id="oc-c3">
         <name>.text:IsBufferFull</name>
         <load_address>0x2bd8</load_address>
         <run_address>0x2bd8</run_address>
         <size>0x18</size>
         <input_file_ref idref="fl-17"/>
      </object_component>
      <object_component id="oc-49e">
         <name>.text:pvTaskIncrementMutexHeldCount</name>
         <load_address>0x2bf0</load_address>
         <run_address>0x2bf0</run_address>
         <size>0x18</size>
         <input_file_ref idref="fl-b"/>
      </object_component>
      <object_component id="oc-13f">
         <name>.text:vListInsertEnd</name>
         <load_address>0x2c08</load_address>
         <run_address>0x2c08</run_address>
         <size>0x18</size>
         <input_file_ref idref="fl-9"/>
      </object_component>
      <object_component id="oc-36d">
         <name>.text:vPortExitCritical</name>
         <load_address>0x2c20</load_address>
         <run_address>0x2c20</run_address>
         <size>0x18</size>
         <input_file_ref idref="fl-d"/>
      </object_component>
      <object_component id="oc-467">
         <name>.text:vTaskSetTimeOutState</name>
         <load_address>0x2c38</load_address>
         <run_address>0x2c38</run_address>
         <size>0x18</size>
         <input_file_ref idref="fl-b"/>
      </object_component>
      <object_component id="oc-367">
         <name>.text:vListInitialise</name>
         <load_address>0x2c50</load_address>
         <run_address>0x2c50</run_address>
         <size>0x16</size>
         <input_file_ref idref="fl-9"/>
      </object_component>
      <object_component id="oc-3da">
         <name>.text:prvTimerTask</name>
         <load_address>0x2c66</load_address>
         <run_address>0x2c66</run_address>
         <size>0x14</size>
         <input_file_ref idref="fl-c"/>
      </object_component>
      <object_component id="oc-3e7">
         <name>.text:vPortSetupTimerInterrupt</name>
         <load_address>0x2c7c</load_address>
         <run_address>0x2c7c</run_address>
         <size>0x14</size>
         <input_file_ref idref="fl-d"/>
      </object_component>
      <object_component id="oc-27a">
         <name>.text:GPIOPinTypeI2C</name>
         <load_address>0x2c90</load_address>
         <run_address>0x2c90</run_address>
         <size>0x12</size>
         <input_file_ref idref="fl-eb"/>
      </object_component>
      <object_component id="oc-274">
         <name>.text:GPIOPinTypeI2CSCL</name>
         <load_address>0x2ca2</load_address>
         <run_address>0x2ca2</run_address>
         <size>0x12</size>
         <input_file_ref idref="fl-eb"/>
      </object_component>
      <object_component id="oc-4f8">
         <name>.text:prvDeleteTCB</name>
         <load_address>0x2cb4</load_address>
         <run_address>0x2cb4</run_address>
         <size>0x12</size>
         <input_file_ref idref="fl-b"/>
      </object_component>
      <object_component id="oc-451">
         <name>.text:prvTaskExitError</name>
         <load_address>0x2cc6</load_address>
         <run_address>0x2cc6</run_address>
         <size>0x10</size>
         <input_file_ref idref="fl-d"/>
      </object_component>
      <object_component id="oc-347">
         <name>.text:vTaskSuspendAll</name>
         <load_address>0x2cd8</load_address>
         <run_address>0x2cd8</run_address>
         <size>0x10</size>
         <input_file_ref idref="fl-b"/>
      </object_component>
      <object_component id="oc-b7">
         <name>.text:IsBufferEmpty</name>
         <load_address>0x2ce8</load_address>
         <run_address>0x2ce8</run_address>
         <size>0xe</size>
         <input_file_ref idref="fl-17"/>
      </object_component>
      <object_component id="oc-25b">
         <name>.text:TimerEnable</name>
         <load_address>0x2cf6</load_address>
         <run_address>0x2cf6</run_address>
         <size>0xe</size>
         <input_file_ref idref="fl-f0"/>
      </object_component>
      <object_component id="oc-18">
         <name>.text:decompress:none:__TI_decompress_none</name>
         <load_address>0x2d04</load_address>
         <run_address>0x2d04</run_address>
         <size>0xe</size>
         <input_file_ref idref="fl-d8"/>
      </object_component>
      <object_component id="oc-79">
         <name>.text:decompress:ZI:__TI_zero_init</name>
         <load_address>0x2d12</load_address>
         <run_address>0x2d12</run_address>
         <size>0xc</size>
         <input_file_ref idref="fl-d7"/>
      </object_component>
      <object_component id="oc-51e">
         <name>.text:vTaskMissedYield</name>
         <load_address>0x2d20</load_address>
         <run_address>0x2d20</run_address>
         <size>0xc</size>
         <input_file_ref idref="fl-b"/>
      </object_component>
      <object_component id="oc-18b">
         <name>.text:xTaskGetTickCount</name>
         <load_address>0x2d2c</load_address>
         <run_address>0x2d2c</run_address>
         <size>0xc</size>
         <input_file_ref idref="fl-b"/>
      </object_component>
      <object_component id="oc-33f">
         <name>.text:I2CMasterEnable</name>
         <load_address>0x2d38</load_address>
         <run_address>0x2d38</run_address>
         <size>0xa</size>
         <input_file_ref idref="fl-ec"/>
      </object_component>
      <object_component id="oc-4b8">
         <name>.text:I2CMasterBusy</name>
         <load_address>0x2d42</load_address>
         <run_address>0x2d42</run_address>
         <size>0x8</size>
         <input_file_ref idref="fl-ec"/>
      </object_component>
      <object_component id="oc-4a6">
         <name>.text:I2CMasterSlaveAddrSet</name>
         <load_address>0x2d4a</load_address>
         <run_address>0x2d4a</run_address>
         <size>0x8</size>
         <input_file_ref idref="fl-ec"/>
      </object_component>
      <object_component id="oc-2d7">
         <name>.text:prvIdleTask</name>
         <load_address>0x2d52</load_address>
         <run_address>0x2d52</run_address>
         <size>0x8</size>
         <input_file_ref idref="fl-b"/>
      </object_component>
      <object_component id="oc-3a0">
         <name>.text:GPIOPinWrite</name>
         <load_address>0x2d5a</load_address>
         <run_address>0x2d5a</run_address>
         <size>0x6</size>
         <input_file_ref idref="fl-eb"/>
      </object_component>
      <object_component id="oc-24">
         <name>.text:ResetISR</name>
         <load_address>0x2d60</load_address>
         <run_address>0x2d60</run_address>
         <size>0x6</size>
         <input_file_ref idref="fl-3"/>
      </object_component>
      <object_component id="oc-24e">
         <name>.text:UARTClockSourceSet</name>
         <load_address>0x2d66</load_address>
         <run_address>0x2d66</run_address>
         <size>0x6</size>
         <input_file_ref idref="fl-f1"/>
      </object_component>
      <object_component id="oc-44a">
         <name>.text:vListInitialiseItem</name>
         <load_address>0x2d6c</load_address>
         <run_address>0x2d6c</run_address>
         <size>0x6</size>
         <input_file_ref idref="fl-9"/>
      </object_component>
      <object_component id="oc-4b2">
         <name>.text:I2CMasterControl</name>
         <load_address>0x2d72</load_address>
         <run_address>0x2d72</run_address>
         <size>0x4</size>
         <input_file_ref idref="fl-ec"/>
      </object_component>
      <object_component id="oc-4be">
         <name>.text:I2CMasterDataGet</name>
         <load_address>0x2d76</load_address>
         <run_address>0x2d76</run_address>
         <size>0x4</size>
         <input_file_ref idref="fl-ec"/>
      </object_component>
      <object_component id="oc-4ac">
         <name>.text:I2CMasterDataPut</name>
         <load_address>0x2d7a</load_address>
         <run_address>0x2d7a</run_address>
         <size>0x4</size>
         <input_file_ref idref="fl-ec"/>
      </object_component>
      <object_component id="oc-105">
         <name>.text:_system_pre_init</name>
         <load_address>0x2d7e</load_address>
         <run_address>0x2d7e</run_address>
         <size>0x4</size>
         <input_file_ref idref="fl-e3"/>
      </object_component>
      <object_component id="oc-1d1">
         <name>.text:abort:abort</name>
         <load_address>0x2d82</load_address>
         <run_address>0x2d82</run_address>
         <size>0x4</size>
         <input_file_ref idref="fl-e5"/>
      </object_component>
      <object_component id="oc-240">
         <name>.const:g_pppui32XTALtoVCO</name>
         <load_address>0x2d88</load_address>
         <run_address>0x2d88</run_address>
         <size>0x1b0</size>
         <input_file_ref idref="fl-ef"/>
      </object_component>
      <object_component id="oc-32b">
         <name>.const:g_pui32GPIOBaseAddrs</name>
         <load_address>0x2f38</load_address>
         <run_address>0x2f38</run_address>
         <size>0x90</size>
         <input_file_ref idref="fl-eb"/>
      </object_component>
      <object_component id="oc-23d">
         <name>.const:g_pui32Xtals</name>
         <load_address>0x2fc8</load_address>
         <run_address>0x2fc8</run_address>
         <size>0x6c</size>
         <input_file_ref idref="fl-ef"/>
      </object_component>
      <object_component id="oc-300">
         <name>.const:g_sXTALtoMEMTIM</name>
         <load_address>0x3034</load_address>
         <run_address>0x3034</run_address>
         <size>0x30</size>
         <input_file_ref idref="fl-ef"/>
      </object_component>
      <object_component id="oc-323">
         <name>.const:g_ui32UARTBase</name>
         <load_address>0x3064</load_address>
         <run_address>0x3064</run_address>
         <size>0xc</size>
         <input_file_ref idref="fl-17"/>
      </object_component>
      <object_component id="oc-149">
         <name>.const:g_ui32UARTInt</name>
         <load_address>0x3070</load_address>
         <run_address>0x3070</run_address>
         <size>0xc</size>
         <input_file_ref idref="fl-17"/>
      </object_component>
      <object_component id="oc-320">
         <name>.const:g_ui32UARTPeriph</name>
         <load_address>0x307c</load_address>
         <run_address>0x307c</run_address>
         <size>0xc</size>
         <input_file_ref idref="fl-17"/>
      </object_component>
      <object_component id="oc-243">
         <name>.const</name>
         <load_address>0x3088</load_address>
         <run_address>0x3088</run_address>
         <size>0x8</size>
         <input_file_ref idref="fl-ef"/>
      </object_component>
      <object_component id="oc-a0">
         <name>.const</name>
         <load_address>0x3090</load_address>
         <run_address>0x3090</run_address>
         <size>0x4</size>
         <input_file_ref idref="fl-d"/>
      </object_component>
      <object_component id="oc-5b5">
         <name>__TI_handler_table</name>
         <load_address>0x3098</load_address>
         <run_address>0x3098</run_address>
         <size>0xc</size>
      </object_component>
      <object_component id="oc-5b7">
         <name>.cinit..data.load</name>
         <load_address>0x30a4</load_address>
         <run_address>0x30a4</run_address>
         <size>0xb</size>
      </object_component>
      <object_component id="oc-5b8">
         <name>.cinit..bss.load</name>
         <load_address>0x30b0</load_address>
         <run_address>0x30b0</run_address>
         <size>0x8</size>
      </object_component>
      <object_component id="oc-5b6">
         <name>__TI_cinit_table</name>
         <load_address>0x30b8</load_address>
         <run_address>0x30b8</run_address>
         <size>0x10</size>
      </object_component>
      <object_component id="oc-9d">
         <name>.data</name>
         <load_address>0x200146d8</load_address>
         <run_address>0x200146d8</run_address>
         <size>0x38</size>
         <input_file_ref idref="fl-b"/>
      </object_component>
      <object_component id="oc-3e0">
         <name>.data</name>
         <load_address>0x20014730</load_address>
         <run_address>0x20014730</run_address>
         <size>0x8</size>
         <input_file_ref idref="fl-c"/>
      </object_component>
      <object_component id="oc-3ed">
         <name>.data</name>
         <load_address>0x20014738</load_address>
         <run_address>0x20014738</run_address>
         <size>0x4</size>
         <input_file_ref idref="fl-d"/>
      </object_component>
      <object_component id="oc-353">
         <name>.data</name>
         <load_address>0x20014728</load_address>
         <run_address>0x20014728</run_address>
         <size>0x8</size>
         <input_file_ref idref="fl-f"/>
      </object_component>
      <object_component id="oc-c9">
         <name>.data</name>
         <load_address>0x20014710</load_address>
         <run_address>0x20014710</run_address>
         <size>0x15</size>
         <input_file_ref idref="fl-17"/>
      </object_component>
      <object_component id="oc-3ac">
         <name>.bss</name>
         <uninitialized>true</uninitialized>
         <run_address>0x200106b4</run_address>
         <size>0x4</size>
         <input_file_ref idref="fl-2"/>
      </object_component>
      <object_component id="oc-12f">
         <name>.bss:pxReadyTasksLists</name>
         <uninitialized>true</uninitialized>
         <run_address>0x20010400</run_address>
         <size>0x140</size>
         <input_file_ref idref="fl-b"/>
      </object_component>
      <object_component id="oc-458">
         <name>.bss:xDelayedTaskList1</name>
         <uninitialized>true</uninitialized>
         <run_address>0x20010638</run_address>
         <size>0x14</size>
         <input_file_ref idref="fl-b"/>
      </object_component>
      <object_component id="oc-45b">
         <name>.bss:xDelayedTaskList2</name>
         <uninitialized>true</uninitialized>
         <run_address>0x2001064c</run_address>
         <size>0x14</size>
         <input_file_ref idref="fl-b"/>
      </object_component>
      <object_component id="oc-145">
         <name>.bss</name>
         <uninitialized>true</uninitialized>
         <run_address>0x2001069c</run_address>
         <size>0x8</size>
         <input_file_ref idref="fl-b"/>
      </object_component>
      <object_component id="oc-42f">
         <name>.bss:xPendingReadyList</name>
         <uninitialized>true</uninitialized>
         <run_address>0x20010660</run_address>
         <size>0x14</size>
         <input_file_ref idref="fl-b"/>
      </object_component>
      <object_component id="oc-45e">
         <name>.bss:xTasksWaitingTermination</name>
         <uninitialized>true</uninitialized>
         <run_address>0x20010688</run_address>
         <size>0x14</size>
         <input_file_ref idref="fl-b"/>
      </object_component>
      <object_component id="oc-461">
         <name>.bss:xSuspendedTaskList</name>
         <uninitialized>true</uninitialized>
         <run_address>0x20010674</run_address>
         <size>0x14</size>
         <input_file_ref idref="fl-b"/>
      </object_component>
      <object_component id="oc-4d3">
         <name>.bss:xActiveTimerList1</name>
         <uninitialized>true</uninitialized>
         <run_address>0x20010610</run_address>
         <size>0x14</size>
         <input_file_ref idref="fl-c"/>
      </object_component>
      <object_component id="oc-4d6">
         <name>.bss:xActiveTimerList2</name>
         <uninitialized>true</uninitialized>
         <run_address>0x20010624</run_address>
         <size>0x14</size>
         <input_file_ref idref="fl-c"/>
      </object_component>
      <object_component id="oc-4d9">
         <name>.bss</name>
         <uninitialized>true</uninitialized>
         <run_address>0x200106a4</run_address>
         <size>0x8</size>
         <input_file_ref idref="fl-c"/>
      </object_component>
      <object_component id="oc-356">
         <name>.bss:ucHeap</name>
         <uninitialized>true</uninitialized>
         <run_address>0x20000000</run_address>
         <size>0x10000</size>
         <input_file_ref idref="fl-f"/>
      </object_component>
      <object_component id="oc-cc">
         <name>.bss</name>
         <uninitialized>true</uninitialized>
         <run_address>0x200106ac</run_address>
         <size>0x8</size>
         <input_file_ref idref="fl-17"/>
      </object_component>
      <object_component id="oc-14c">
         <name>.bss:g_pcUARTTxBuffer</name>
         <uninitialized>true</uninitialized>
         <run_address>0x20010000</run_address>
         <size>0x400</size>
         <input_file_ref idref="fl-17"/>
      </object_component>
      <object_component id="oc-cf">
         <name>.bss:g_pcUARTRxBuffer</name>
         <uninitialized>true</uninitialized>
         <run_address>0x20010540</run_address>
         <size>0x80</size>
         <input_file_ref idref="fl-17"/>
      </object_component>
      <object_component id="oc-12e">
         <name>.common:g_vulRunTimeStatsCountValue</name>
         <uninitialized>true</uninitialized>
         <run_address>0x200106c0</run_address>
         <size>0x4</size>
      </object_component>
      <object_component id="oc-1cf">
         <name>.common:xQueue</name>
         <uninitialized>true</uninitialized>
         <run_address>0x200106d0</run_address>
         <size>0x4</size>
      </object_component>
      <object_component id="oc-2c3">
         <name>.common:xHandle_alert</name>
         <uninitialized>true</uninitialized>
         <run_address>0x200106cc</run_address>
         <size>0x4</size>
      </object_component>
      <object_component id="oc-1ce">
         <name>.common:START</name>
         <uninitialized>true</uninitialized>
         <run_address>0x200106b8</run_address>
         <size>0x4</size>
      </object_component>
      <object_component id="oc-1cd">
         <name>.common:g_ui32SysClock</name>
         <uninitialized>true</uninitialized>
         <run_address>0x200106bc</run_address>
         <size>0x4</size>
      </object_component>
      <object_component id="oc-e1">
         <name>.common:led_timer_flag</name>
         <uninitialized>true</uninitialized>
         <run_address>0x200106c4</run_address>
         <size>0x4</size>
      </object_component>
      <object_component id="oc-dd">
         <name>.common:temp_timer_flag</name>
         <uninitialized>true</uninitialized>
         <run_address>0x200106c8</run_address>
         <size>0x4</size>
      </object_component>
      <object_component id="oc-53e">
         <name>.common:xQueueRegistry</name>
         <uninitialized>true</uninitialized>
         <run_address>0x200105c0</run_address>
         <size>0x50</size>
      </object_component>
      <object_component id="oc-21">
         <name>.stack</name>
         <uninitialized>true</uninitialized>
         <run_address>0x200106d8</run_address>
         <size>0x4</size>
         <input_file_ref idref="fl-e0"/>
      </object_component>
      <object_component id="oc-5b9">
         <name>.stack</name>
         <uninitialized>true</uninitialized>
         <run_address>0x200106d8</run_address>
         <size>0x0</size>
      </object_component>
      <object_component id="oc-de">
         <name>.debug_info</name>
         <load_address>0x0</load_address>
         <run_address>0x0</run_address>
         <size>0xa87</size>
         <input_file_ref idref="fl-2"/>
      </object_component>
      <object_component id="oc-129">
         <name>.debug_info</name>
         <load_address>0xa87</load_address>
         <run_address>0xa87</run_address>
         <size>0x14a</size>
         <input_file_ref idref="fl-2"/>
      </object_component>
      <object_component id="oc-1bc">
         <name>.debug_info</name>
         <load_address>0xbd1</load_address>
         <run_address>0xbd1</run_address>
         <size>0x138</size>
         <input_file_ref idref="fl-2"/>
      </object_component>
      <object_component id="oc-3c1">
         <name>.debug_info</name>
         <load_address>0xd09</load_address>
         <run_address>0xd09</run_address>
         <size>0x278</size>
         <input_file_ref idref="fl-2"/>
      </object_component>
      <object_component id="oc-2bd">
         <name>.debug_info</name>
         <load_address>0xf81</load_address>
         <run_address>0xf81</run_address>
         <size>0x1aa</size>
         <input_file_ref idref="fl-2"/>
      </object_component>
      <object_component id="oc-2c5">
         <name>.debug_info</name>
         <load_address>0x112b</load_address>
         <run_address>0x112b</run_address>
         <size>0x199</size>
         <input_file_ref idref="fl-2"/>
      </object_component>
      <object_component id="oc-3ba">
         <name>.debug_info</name>
         <load_address>0x12c4</load_address>
         <run_address>0x12c4</run_address>
         <size>0x13c</size>
         <input_file_ref idref="fl-2"/>
      </object_component>
      <object_component id="oc-2b6">
         <name>.debug_info</name>
         <load_address>0x1400</load_address>
         <run_address>0x1400</run_address>
         <size>0x151</size>
         <input_file_ref idref="fl-2"/>
      </object_component>
      <object_component id="oc-2af">
         <name>.debug_info</name>
         <load_address>0x1551</load_address>
         <run_address>0x1551</run_address>
         <size>0x1de</size>
         <input_file_ref idref="fl-2"/>
      </object_component>
      <object_component id="oc-192">
         <name>.debug_info</name>
         <load_address>0x172f</load_address>
         <run_address>0x172f</run_address>
         <size>0x151</size>
         <input_file_ref idref="fl-2"/>
      </object_component>
      <object_component id="oc-198">
         <name>.debug_info</name>
         <load_address>0x1880</load_address>
         <run_address>0x1880</run_address>
         <size>0x16a</size>
         <input_file_ref idref="fl-2"/>
      </object_component>
      <object_component id="oc-19e">
         <name>.debug_info</name>
         <load_address>0x19ea</load_address>
         <run_address>0x19ea</run_address>
         <size>0x1de</size>
         <input_file_ref idref="fl-2"/>
      </object_component>
      <object_component id="oc-1b0">
         <name>.debug_info</name>
         <load_address>0x1bc8</load_address>
         <run_address>0x1bc8</run_address>
         <size>0x136</size>
         <input_file_ref idref="fl-2"/>
      </object_component>
      <object_component id="oc-1b6">
         <name>.debug_info</name>
         <load_address>0x1cfe</load_address>
         <run_address>0x1cfe</run_address>
         <size>0x136</size>
         <input_file_ref idref="fl-2"/>
      </object_component>
      <object_component id="oc-1c2">
         <name>.debug_info</name>
         <load_address>0x1e34</load_address>
         <run_address>0x1e34</run_address>
         <size>0x13a</size>
         <input_file_ref idref="fl-2"/>
      </object_component>
      <object_component id="oc-10c">
         <name>.debug_info</name>
         <load_address>0x1f6e</load_address>
         <run_address>0x1f6e</run_address>
         <size>0x1f0</size>
         <input_file_ref idref="fl-2"/>
      </object_component>
      <object_component id="oc-54">
         <name>.debug_info</name>
         <load_address>0x215e</load_address>
         <run_address>0x215e</run_address>
         <size>0x10b</size>
         <input_file_ref idref="fl-2"/>
      </object_component>
      <object_component id="oc-4e">
         <name>.debug_info</name>
         <load_address>0x2269</load_address>
         <run_address>0x2269</run_address>
         <size>0x10b</size>
         <input_file_ref idref="fl-2"/>
      </object_component>
      <object_component id="oc-161">
         <name>.debug_info</name>
         <load_address>0x2374</load_address>
         <run_address>0x2374</run_address>
         <size>0x2ef</size>
         <input_file_ref idref="fl-2"/>
      </object_component>
      <object_component id="oc-e5">
         <name>.debug_info</name>
         <load_address>0x2663</load_address>
         <run_address>0x2663</run_address>
         <size>0x26b</size>
         <input_file_ref idref="fl-2"/>
      </object_component>
      <object_component id="oc-d3">
         <name>.debug_info</name>
         <load_address>0x28ce</load_address>
         <run_address>0x28ce</run_address>
         <size>0x8b</size>
         <input_file_ref idref="fl-2"/>
      </object_component>
      <object_component id="oc-16b">
         <name>.debug_info</name>
         <load_address>0x2959</load_address>
         <run_address>0x2959</run_address>
         <size>0x46</size>
         <input_file_ref idref="fl-2"/>
      </object_component>
      <object_component id="oc-170">
         <name>.debug_info</name>
         <load_address>0x299f</load_address>
         <run_address>0x299f</run_address>
         <size>0x2c</size>
         <input_file_ref idref="fl-2"/>
      </object_component>
      <object_component id="oc-15a">
         <name>.debug_info</name>
         <load_address>0x29cb</load_address>
         <run_address>0x29cb</run_address>
         <size>0x297</size>
         <input_file_ref idref="fl-2"/>
      </object_component>
      <object_component id="oc-d8">
         <name>.debug_info</name>
         <load_address>0x2c62</load_address>
         <run_address>0x2c62</run_address>
         <size>0xbb</size>
         <input_file_ref idref="fl-2"/>
      </object_component>
      <object_component id="oc-120">
         <name>.debug_info</name>
         <load_address>0x2d1d</load_address>
         <run_address>0x2d1d</run_address>
         <size>0x53</size>
         <input_file_ref idref="fl-2"/>
      </object_component>
      <object_component id="oc-2a3">
         <name>.debug_info</name>
         <load_address>0x2d70</load_address>
         <run_address>0x2d70</run_address>
         <size>0x2c</size>
         <input_file_ref idref="fl-2"/>
      </object_component>
      <object_component id="oc-3ae">
         <name>.debug_info</name>
         <load_address>0x2d9c</load_address>
         <run_address>0x2d9c</run_address>
         <size>0x69</size>
         <input_file_ref idref="fl-2"/>
      </object_component>
      <object_component id="oc-166">
         <name>.debug_info</name>
         <load_address>0x2e05</load_address>
         <run_address>0x2e05</run_address>
         <size>0x14c</size>
         <input_file_ref idref="fl-2"/>
      </object_component>
      <object_component id="oc-5b">
         <name>.debug_info</name>
         <load_address>0x2f51</load_address>
         <run_address>0x2f51</run_address>
         <size>0x398</size>
         <input_file_ref idref="fl-3"/>
      </object_component>
      <object_component id="oc-10">
         <name>.debug_info</name>
         <load_address>0x32e9</load_address>
         <run_address>0x32e9</run_address>
         <size>0xd9</size>
         <input_file_ref idref="fl-3"/>
      </object_component>
      <object_component id="oc-25">
         <name>.debug_info</name>
         <load_address>0x33c2</load_address>
         <run_address>0x33c2</run_address>
         <size>0x109</size>
         <input_file_ref idref="fl-3"/>
      </object_component>
      <object_component id="oc-2b">
         <name>.debug_info</name>
         <load_address>0x34cb</load_address>
         <run_address>0x34cb</run_address>
         <size>0xf7</size>
         <input_file_ref idref="fl-3"/>
      </object_component>
      <object_component id="oc-39">
         <name>.debug_info</name>
         <load_address>0x35c2</load_address>
         <run_address>0x35c2</run_address>
         <size>0x112</size>
         <input_file_ref idref="fl-3"/>
      </object_component>
      <object_component id="oc-32">
         <name>.debug_info</name>
         <load_address>0x36d4</load_address>
         <run_address>0x36d4</run_address>
         <size>0xfe</size>
         <input_file_ref idref="fl-3"/>
      </object_component>
      <object_component id="oc-62">
         <name>.debug_info</name>
         <load_address>0x37d2</load_address>
         <run_address>0x37d2</run_address>
         <size>0x84</size>
         <input_file_ref idref="fl-3"/>
      </object_component>
      <object_component id="oc-17c">
         <name>.debug_info</name>
         <load_address>0x3856</load_address>
         <run_address>0x3856</run_address>
         <size>0x2c</size>
         <input_file_ref idref="fl-6"/>
      </object_component>
      <object_component id="oc-227">
         <name>.debug_info</name>
         <load_address>0x3882</load_address>
         <run_address>0x3882</run_address>
         <size>0x2f7</size>
         <input_file_ref idref="fl-9"/>
      </object_component>
      <object_component id="oc-140">
         <name>.debug_info</name>
         <load_address>0x3b79</load_address>
         <run_address>0x3b79</run_address>
         <size>0x238</size>
         <input_file_ref idref="fl-9"/>
      </object_component>
      <object_component id="oc-527">
         <name>.debug_info</name>
         <load_address>0x3db1</load_address>
         <run_address>0x3db1</run_address>
         <size>0x263</size>
         <input_file_ref idref="fl-9"/>
      </object_component>
      <object_component id="oc-44b">
         <name>.debug_info</name>
         <load_address>0x4014</load_address>
         <run_address>0x4014</run_address>
         <size>0x1e5</size>
         <input_file_ref idref="fl-9"/>
      </object_component>
      <object_component id="oc-368">
         <name>.debug_info</name>
         <load_address>0x41f9</load_address>
         <run_address>0x41f9</run_address>
         <size>0x1dd</size>
         <input_file_ref idref="fl-9"/>
      </object_component>
      <object_component id="oc-13a">
         <name>.debug_info</name>
         <load_address>0x43d6</load_address>
         <run_address>0x43d6</run_address>
         <size>0x210</size>
         <input_file_ref idref="fl-9"/>
      </object_component>
      <object_component id="oc-21b">
         <name>.debug_info</name>
         <load_address>0x45e6</load_address>
         <run_address>0x45e6</run_address>
         <size>0x110</size>
         <input_file_ref idref="fl-9"/>
      </object_component>
      <object_component id="oc-29a">
         <name>.debug_info</name>
         <load_address>0x46f6</load_address>
         <run_address>0x46f6</run_address>
         <size>0x7a4</size>
         <input_file_ref idref="fl-a"/>
      </object_component>
      <object_component id="oc-499">
         <name>.debug_info</name>
         <load_address>0x4e9a</load_address>
         <run_address>0x4e9a</run_address>
         <size>0x22f</size>
         <input_file_ref idref="fl-a"/>
      </object_component>
      <object_component id="oc-486">
         <name>.debug_info</name>
         <load_address>0x50c9</load_address>
         <run_address>0x50c9</run_address>
         <size>0x298</size>
         <input_file_ref idref="fl-a"/>
      </object_component>
      <object_component id="oc-584">
         <name>.debug_info</name>
         <load_address>0x5361</load_address>
         <run_address>0x5361</run_address>
         <size>0x35e</size>
         <input_file_ref idref="fl-a"/>
      </object_component>
      <object_component id="oc-474">
         <name>.debug_info</name>
         <load_address>0x56bf</load_address>
         <run_address>0x56bf</run_address>
         <size>0x2b2</size>
         <input_file_ref idref="fl-a"/>
      </object_component>
      <object_component id="oc-47a">
         <name>.debug_info</name>
         <load_address>0x5971</load_address>
         <run_address>0x5971</run_address>
         <size>0x230</size>
         <input_file_ref idref="fl-a"/>
      </object_component>
      <object_component id="oc-3a7">
         <name>.debug_info</name>
         <load_address>0x5ba1</load_address>
         <run_address>0x5ba1</run_address>
         <size>0x4cb</size>
         <input_file_ref idref="fl-a"/>
      </object_component>
      <object_component id="oc-294">
         <name>.debug_info</name>
         <load_address>0x606c</load_address>
         <run_address>0x606c</run_address>
         <size>0x2b6</size>
         <input_file_ref idref="fl-a"/>
      </object_component>
      <object_component id="oc-48d">
         <name>.debug_info</name>
         <load_address>0x6322</load_address>
         <run_address>0x6322</run_address>
         <size>0x232</size>
         <input_file_ref idref="fl-a"/>
      </object_component>
      <object_component id="oc-3b4">
         <name>.debug_info</name>
         <load_address>0x6554</load_address>
         <run_address>0x6554</run_address>
         <size>0x55b</size>
         <input_file_ref idref="fl-a"/>
      </object_component>
      <object_component id="oc-1a4">
         <name>.debug_info</name>
         <load_address>0x6aaf</load_address>
         <run_address>0x6aaf</run_address>
         <size>0x314</size>
         <input_file_ref idref="fl-a"/>
      </object_component>
      <object_component id="oc-550">
         <name>.debug_info</name>
         <load_address>0x6dc3</load_address>
         <run_address>0x6dc3</run_address>
         <size>0x307</size>
         <input_file_ref idref="fl-a"/>
      </object_component>
      <object_component id="oc-4ce">
         <name>.debug_info</name>
         <load_address>0x70ca</load_address>
         <run_address>0x70ca</run_address>
         <size>0x22f</size>
         <input_file_ref idref="fl-a"/>
      </object_component>
      <object_component id="oc-376">
         <name>.debug_info</name>
         <load_address>0x72f9</load_address>
         <run_address>0x72f9</run_address>
         <size>0x1cd</size>
         <input_file_ref idref="fl-a"/>
      </object_component>
      <object_component id="oc-11f">
         <name>.debug_info</name>
         <load_address>0x74c6</load_address>
         <run_address>0x74c6</run_address>
         <size>0x7ed</size>
         <input_file_ref idref="fl-b"/>
      </object_component>
      <object_component id="oc-9e">
         <name>.debug_info</name>
         <load_address>0x7cb3</load_address>
         <run_address>0x7cb3</run_address>
         <size>0x381</size>
         <input_file_ref idref="fl-b"/>
      </object_component>
      <object_component id="oc-130">
         <name>.debug_info</name>
         <load_address>0x8034</load_address>
         <run_address>0x8034</run_address>
         <size>0x117</size>
         <input_file_ref idref="fl-b"/>
      </object_component>
      <object_component id="oc-459">
         <name>.debug_info</name>
         <load_address>0x814b</load_address>
         <run_address>0x814b</run_address>
         <size>0x117</size>
         <input_file_ref idref="fl-b"/>
      </object_component>
      <object_component id="oc-45c">
         <name>.debug_info</name>
         <load_address>0x8262</load_address>
         <run_address>0x8262</run_address>
         <size>0x117</size>
         <input_file_ref idref="fl-b"/>
      </object_component>
      <object_component id="oc-146">
         <name>.debug_info</name>
         <load_address>0x8379</load_address>
         <run_address>0x8379</run_address>
         <size>0x159</size>
         <input_file_ref idref="fl-b"/>
      </object_component>
      <object_component id="oc-430">
         <name>.debug_info</name>
         <load_address>0x84d2</load_address>
         <run_address>0x84d2</run_address>
         <size>0x117</size>
         <input_file_ref idref="fl-b"/>
      </object_component>
      <object_component id="oc-45f">
         <name>.debug_info</name>
         <load_address>0x85e9</load_address>
         <run_address>0x85e9</run_address>
         <size>0x125</size>
         <input_file_ref idref="fl-b"/>
      </object_component>
      <object_component id="oc-462">
         <name>.debug_info</name>
         <load_address>0x870e</load_address>
         <run_address>0x870e</run_address>
         <size>0x119</size>
         <input_file_ref idref="fl-b"/>
      </object_component>
      <object_component id="oc-135">
         <name>.debug_info</name>
         <load_address>0x8827</load_address>
         <run_address>0x8827</run_address>
         <size>0x1e3</size>
         <input_file_ref idref="fl-b"/>
      </object_component>
      <object_component id="oc-ac">
         <name>.debug_info</name>
         <load_address>0x8a0a</load_address>
         <run_address>0x8a0a</run_address>
         <size>0x2b3</size>
         <input_file_ref idref="fl-b"/>
      </object_component>
      <object_component id="oc-34f">
         <name>.debug_info</name>
         <load_address>0x8cbd</load_address>
         <run_address>0x8cbd</run_address>
         <size>0x27b</size>
         <input_file_ref idref="fl-b"/>
      </object_component>
      <object_component id="oc-362">
         <name>.debug_info</name>
         <load_address>0x8f38</load_address>
         <run_address>0x8f38</run_address>
         <size>0x284</size>
         <input_file_ref idref="fl-b"/>
      </object_component>
      <object_component id="oc-52e">
         <name>.debug_info</name>
         <load_address>0x91bc</load_address>
         <run_address>0x91bc</run_address>
         <size>0x265</size>
         <input_file_ref idref="fl-b"/>
      </object_component>
      <object_component id="oc-4c7">
         <name>.debug_info</name>
         <load_address>0x9421</load_address>
         <run_address>0x9421</run_address>
         <size>0x23e</size>
         <input_file_ref idref="fl-b"/>
      </object_component>
      <object_component id="oc-18c">
         <name>.debug_info</name>
         <load_address>0x965f</load_address>
         <run_address>0x965f</run_address>
         <size>0x1d6</size>
         <input_file_ref idref="fl-b"/>
      </object_component>
      <object_component id="oc-57e">
         <name>.debug_info</name>
         <load_address>0x9835</load_address>
         <run_address>0x9835</run_address>
         <size>0x1e8</size>
         <input_file_ref idref="fl-b"/>
      </object_component>
      <object_component id="oc-3c7">
         <name>.debug_info</name>
         <load_address>0x9a1d</load_address>
         <run_address>0x9a1d</run_address>
         <size>0x378</size>
         <input_file_ref idref="fl-b"/>
      </object_component>
      <object_component id="oc-382">
         <name>.debug_info</name>
         <load_address>0x9d95</load_address>
         <run_address>0x9d95</run_address>
         <size>0x2c9</size>
         <input_file_ref idref="fl-b"/>
      </object_component>
      <object_component id="oc-388">
         <name>.debug_info</name>
         <load_address>0xa05e</load_address>
         <run_address>0xa05e</run_address>
         <size>0x2c5</size>
         <input_file_ref idref="fl-b"/>
      </object_component>
      <object_component id="oc-394">
         <name>.debug_info</name>
         <load_address>0xa323</load_address>
         <run_address>0xa323</run_address>
         <size>0x24a</size>
         <input_file_ref idref="fl-b"/>
      </object_component>
      <object_component id="oc-2a9">
         <name>.debug_info</name>
         <load_address>0xa56d</load_address>
         <run_address>0xa56d</run_address>
         <size>0x480</size>
         <input_file_ref idref="fl-b"/>
      </object_component>
      <object_component id="oc-468">
         <name>.debug_info</name>
         <load_address>0xa9ed</load_address>
         <run_address>0xa9ed</run_address>
         <size>0x1f9</size>
         <input_file_ref idref="fl-b"/>
      </object_component>
      <object_component id="oc-46e">
         <name>.debug_info</name>
         <load_address>0xabe6</load_address>
         <run_address>0xabe6</run_address>
         <size>0x2cd</size>
         <input_file_ref idref="fl-b"/>
      </object_component>
      <object_component id="oc-a4">
         <name>.debug_info</name>
         <load_address>0xaeb3</load_address>
         <run_address>0xaeb3</run_address>
         <size>0x244</size>
         <input_file_ref idref="fl-b"/>
      </object_component>
      <object_component id="oc-348">
         <name>.debug_info</name>
         <load_address>0xb0f7</load_address>
         <run_address>0xb0f7</run_address>
         <size>0x1b9</size>
         <input_file_ref idref="fl-b"/>
      </object_component>
      <object_component id="oc-1c8">
         <name>.debug_info</name>
         <load_address>0xb2b0</load_address>
         <run_address>0xb2b0</run_address>
         <size>0x210</size>
         <input_file_ref idref="fl-b"/>
      </object_component>
      <object_component id="oc-493">
         <name>.debug_info</name>
         <load_address>0xb4c0</load_address>
         <run_address>0xb4c0</run_address>
         <size>0x24a</size>
         <input_file_ref idref="fl-b"/>
      </object_component>
      <object_component id="oc-576">
         <name>.debug_info</name>
         <load_address>0xb70a</load_address>
         <run_address>0xb70a</run_address>
         <size>0x317</size>
         <input_file_ref idref="fl-b"/>
      </object_component>
      <object_component id="oc-480">
         <name>.debug_info</name>
         <load_address>0xba21</load_address>
         <run_address>0xba21</run_address>
         <size>0x2aa</size>
         <input_file_ref idref="fl-b"/>
      </object_component>
      <object_component id="oc-51f">
         <name>.debug_info</name>
         <load_address>0xbccb</load_address>
         <run_address>0xbccb</run_address>
         <size>0x1bb</size>
         <input_file_ref idref="fl-b"/>
      </object_component>
      <object_component id="oc-3ce">
         <name>.debug_info</name>
         <load_address>0xbe86</load_address>
         <run_address>0xbe86</run_address>
         <size>0x33e</size>
[...]
      <symbol id="sm-165">
         <name>xHandle_alert</name>
         <value>0x200106cc</value>
      </symbol>
      <symbol id="sm-166">
         <name>START</name>
         <value>0x200106b8</value>
      </symbol>
      <symbol id="sm-167">
         <name>g_ui32SysClock</name>
         <value>0x200106bc</value>
      </symbol>
      <symbol id="sm-168">
         <name>led_timer_flag</name>
         <value>0x200106c4</value>
      </symbol>
      <symbol id="sm-169">
         <name>temp_timer_flag</name>
         <value>0x200106c8</value>
      </symbol>
      <symbol id="sm-16a">
         <name>I2Creceive</name>
         <value>0x17d1</value>
         <object_component_ref idref="oc-3c0"/>
      </symbol>
      <symbol id="sm-16b">
         <name>temp_task</name>
         <value>0x1a85</value>
         <object_component_ref idref="oc-1bb"/>
      </symbol>
      <symbol id="sm-16c">
         <name>vApplicationStackOverflowHook</name>
         <value>0x1e3b</value>
         <object_component_ref idref="oc-128"/>
      </symbol>
      <symbol id="sm-16d">
         <name>led_task</name>
         <value>0x1bf9</value>
         <object_component_ref idref="oc-1af"/>
      </symbol>
      <symbol id="sm-16e">
         <name>log_task</name>
         <value>0x1c6d</value>
         <object_component_ref idref="oc-1b5"/>
      </symbol>
      <symbol id="sm-16f">
         <name>alert_task</name>
         <value>0x197d</value>
         <object_component_ref idref="oc-1c1"/>
      </symbol>
      <symbol id="sm-170">
         <name>log_value</name>
         <value>0xbad</value>
         <object_component_ref idref="oc-3b9"/>
      </symbol>
      <symbol id="sm-171">
         <name>ConfigureTimer</name>
         <value>0x13ed</value>
         <object_component_ref idref="oc-197"/>
      </symbol>
      <symbol id="sm-172">
         <name>led_fn</name>
         <value>0x11d5</value>
         <object_component_ref idref="oc-2ae"/>
      </symbol>
      <symbol id="sm-173">
         <name>main</name>
         <value>0x1115</value>
         <object_component_ref idref="oc-10b"/>
      </symbol>
      <symbol id="sm-174">
         <name>ConfigureUART</name>
         <value>0x1f7d</value>
         <object_component_ref idref="oc-191"/>
      </symbol>
      <symbol id="sm-175">
         <name>ConfigureI2C2</name>
         <value>0x210d</value>
         <object_component_ref idref="oc-19d"/>
      </symbol>
      <symbol id="sm-176">
         <name>temp_fn</name>
         <value>0x104d</value>
         <object_component_ref idref="oc-2bc"/>
      </symbol>
      <symbol id="sm-177">
         <name>log_fn</name>
         <value>0x29a5</value>
         <object_component_ref idref="oc-2b5"/>
      </symbol>
      <symbol id="sm-178">
         <name>alert_fn</name>
         <value>0x1fe1</value>
         <object_component_ref idref="oc-2c4"/>
      </symbol>
      <symbol id="sm-179">
         <name>Timer0IntHandler</name>
         <value>0x2a6d</value>
         <object_component_ref idref="oc-4d"/>
      </symbol>
      <symbol id="sm-17a">
         <name>Timer1IntHandler</name>
         <value>0x2a91</value>
         <object_component_ref idref="oc-53"/>
      </symbol>
      <symbol id="sm-1b0">
         <name>ResetISR</name>
         <value>0x2d61</value>
         <object_component_ref idref="oc-24"/>
      </symbol>
      <symbol id="sm-1b1">
         <name>g_pfnVectors</name>
         <value>0x0</value>
         <object_component_ref idref="oc-f"/>
      </symbol>
      <symbol id="sm-1f0">
         <name>uxListRemove</name>
         <value>0x2af5</value>
         <object_component_ref idref="oc-139"/>
      </symbol>
      <symbol id="sm-1f1">
         <name>vListInsert</name>
         <value>0x28b5</value>
         <object_component_ref idref="oc-526"/>
      </symbol>
      <symbol id="sm-1f2">
         <name>vListInitialiseItem</name>
         <value>0x2d6d</value>
         <object_component_ref idref="oc-44a"/>
      </symbol>
      <symbol id="sm-1f3">
         <name>vListInsertEnd</name>
         <value>0x2c09</value>
         <object_component_ref idref="oc-13f"/>
      </symbol>
      <symbol id="sm-1f4">
         <name>vListInitialise</name>
         <value>0x2c51</value>
         <object_component_ref idref="oc-367"/>
      </symbol>
      <symbol id="sm-29d">
         <name>xQueueRegistry</name>
         <value>0x200105c0</value>
      </symbol>
      <symbol id="sm-29e">
         <name>xQueueGenericSendFromISR</name>
         <value>0x2289</value>
         <object_component_ref idref="oc-583"/>
      </symbol>
      <symbol id="sm-29f">
         <name>vQueueAddToRegistry</name>
         <value>0x2b15</value>
         <object_component_ref idref="oc-4cd"/>
      </symbol>
      <symbol id="sm-2a0">
         <name>xQueueGenericCreate</name>
         <value>0x2805</value>
         <object_component_ref idref="oc-1a3"/>
      </symbol>
      <symbol id="sm-2a1">
         <name>xQueueGenericSend</name>
         <value>0xdad</value>
         <object_component_ref idref="oc-3a6"/>
      </symbol>
      <symbol id="sm-2a2">
         <name>xQueueGenericReset</name>
         <value>0x1a01</value>
         <object_component_ref idref="oc-293"/>
      </symbol>
      <symbol id="sm-2a3">
         <name>xQueueGenericReceive</name>
         <value>0x881</value>
         <object_component_ref idref="oc-3b3"/>
      </symbol>
      <symbol id="sm-2a4">
         <name>vQueueWaitForMessageRestricted</name>
         <value>0x2749</value>
         <object_component_ref idref="oc-54f"/>
      </symbol>
      <symbol id="sm-4a1">
         <name>vTaskSuspendAll</name>
         <value>0x2cd9</value>
         <object_component_ref idref="oc-347"/>
      </symbol>
      <symbol id="sm-4a2">
         <name>vTaskPriorityInherit</name>
         <value>0x1861</value>
         <object_component_ref idref="oc-492"/>
      </symbol>
      <symbol id="sm-4a3">
         <name>vTaskPlaceOnEventList</name>
         <value>0x2045</value>
         <object_component_ref idref="oc-47f"/>
      </symbol>
      <symbol id="sm-4a4">
         <name>ulTaskNotifyTake</name>
         <value>0x1691</value>
         <object_component_ref idref="oc-3cd"/>
      </symbol>
      <symbol id="sm-4a5">
         <name>xTaskCheckForTimeOut</name>
         <value>0x2395</value>
         <object_component_ref idref="oc-46d"/>
      </symbol>
      <symbol id="sm-4a6">
         <name>xTaskPriorityDisinherit</name>
         <value>0x1b81</value>
         <object_component_ref idref="oc-52d"/>
      </symbol>
      <symbol id="sm-4a7">
         <name>vTaskStartScheduler</name>
         <value>0x1ce1</value>
         <object_component_ref idref="oc-1c7"/>
      </symbol>
      <symbol id="sm-4a8">
         <name>pvTaskIncrementMutexHeldCount</name>
         <value>0x2bf1</value>
         <object_component_ref idref="oc-49e"/>
      </symbol>
      <symbol id="sm-4a9">
         <name>xTaskGenericNotify</name>
         <value>0x1499</value>
         <object_component_ref idref="oc-3c6"/>
      </symbol>
      <symbol id="sm-4aa">
         <name>vTaskMissedYield</name>
         <value>0x2d21</value>
         <object_component_ref idref="oc-51e"/>
      </symbol>
      <symbol id="sm-4ab">
         <name>xTaskResumeAll</name>
         <value>0xe95</value>
         <object_component_ref idref="oc-34d"/>
      </symbol>
      <symbol id="sm-4ac">
         <name>xTaskGetTickCount</name>
         <value>0x2d2d</value>
         <object_component_ref idref="oc-18b"/>
      </symbol>
      <symbol id="sm-4ad">
         <name>xTaskGenericCreate</name>
         <value>0xcad</value>
         <object_component_ref idref="oc-2a8"/>
      </symbol>
      <symbol id="sm-4ae">
         <name>pxCurrentTCB</name>
         <value>0x200146d8</value>
         <object_component_ref idref="oc-9d"/>
      </symbol>
      <symbol id="sm-4af">
         <name>vTaskPlaceOnEventListRestricted</name>
         <value>0x1f15</value>
         <object_component_ref idref="oc-575"/>
      </symbol>
      <symbol id="sm-4b0">
         <name>vTaskSetTimeOutState</name>
         <value>0x2c39</value>
         <object_component_ref idref="oc-467"/>
      </symbol>
      <symbol id="sm-4b1">
         <name>xTaskIncrementTick</name>
         <value>0xaa9</value>
         <object_component_ref idref="oc-aa"/>
      </symbol>
      <symbol id="sm-4b2">
         <name>vTaskSwitchContext</name>
         <value>0x1289</value>
         <object_component_ref idref="oc-a3"/>
      </symbol>
      <symbol id="sm-4b3">
         <name>xTaskGetSchedulerState</name>
         <value>0x2b35</value>
         <object_component_ref idref="oc-57d"/>
      </symbol>
      <symbol id="sm-4b4">
         <name>xTaskRemoveFromEventList</name>
         <value>0x1d55</value>
         <object_component_ref idref="oc-361"/>
      </symbol>
      <symbol id="sm-577">
         <name>xTimerCreateTimerTask</name>
         <value>0x2681</value>
         <object_component_ref idref="oc-2cb"/>
      </symbol>
      <symbol id="sm-578">
         <name>xTimerGenericCommand</name>
         <value>0x26c5</value>
         <object_component_ref idref="oc-55c"/>
      </symbol>
      <symbol id="sm-5d3">
         <name>ulMaxSyscallInterruptPriority</name>
         <value>0x3090</value>
         <object_component_ref idref="oc-a0"/>
      </symbol>
      <symbol id="sm-5d4">
         <name>vPortSetupTimerInterrupt</name>
         <value>0x2c7d</value>
         <object_component_ref idref="oc-3e7"/>
      </symbol>
      <symbol id="sm-5d5">
         <name>xPortSysTickHandler</name>
         <value>0x294d</value>
         <object_component_ref idref="oc-41"/>
      </symbol>
      <symbol id="sm-5d6">
         <name>pxPortInitialiseStack</name>
         <value>0x2a1d</value>
         <object_component_ref idref="oc-38d"/>
      </symbol>
      <symbol id="sm-5d7">
         <name>vPortExitCritical</name>
         <value>0x2c21</value>
         <object_component_ref idref="oc-36d"/>
      </symbol>
      <symbol id="sm-5d8">
         <name>xPortStartScheduler</name>
         <value>0x2789</value>
         <object_component_ref idref="oc-2d1"/>
      </symbol>
      <symbol id="sm-5d9">
         <name>vPortEnterCritical</name>
         <value>0x2b71</value>
         <object_component_ref idref="oc-35b"/>
      </symbol>
      <symbol id="sm-5e8">
         <name>vPortStartFirstTask</name>
         <value>0x1021</value>
         <object_component_ref idref="oc-3c"/>
      </symbol>
      <symbol id="sm-5e9">
         <name>ulPortGetIPSR</name>
         <value>0xf89</value>
         <object_component_ref idref="oc-3c"/>
      </symbol>
      <symbol id="sm-5ea">
         <name>vPortEnableVFP</name>
         <value>0x103d</value>
         <object_component_ref idref="oc-3c"/>
      </symbol>
      <symbol id="sm-5eb">
         <name>xPortPendSVHandler</name>
         <value>0xfa1</value>
         <object_component_ref idref="oc-3c"/>
      </symbol>
      <symbol id="sm-5ec">
         <name>vPortSVCHandler</name>
         <value>0x1001</value>
         <object_component_ref idref="oc-3c"/>
      </symbol>
      <symbol id="sm-616">
         <name>pvPortMalloc</name>
         <value>0x2439</value>
         <object_component_ref idref="oc-28d"/>
      </symbol>
      <symbol id="sm-617">
         <name>vPortFree</name>
         <value>0x210b</value>
         <object_component_ref idref="oc-443"/>
      </symbol>
      <symbol id="sm-70c">
         <name>UARTFlushRx</name>
         <value>0x2921</value>
         <object_component_ref idref="oc-314"/>
      </symbol>
      <symbol id="sm-70d">
         <name>UARTFlushTx</name>
         <value>0x27c9</value>
         <object_component_ref idref="oc-31a"/>
      </symbol>
      <symbol id="sm-70e">
         <name>UARTStdioConfig</name>
         <value>0x133d</value>
         <object_component_ref idref="oc-254"/>
      </symbol>
      <symbol id="sm-70f">
         <name>UARTStdioIntHandler</name>
         <value>0x5ed</value>
         <object_component_ref idref="oc-47"/>
      </symbol>
      <symbol id="sm-710">
         <name>UARTwrite</name>
         <value>0x1545</value>
         <object_component_ref idref="oc-bd"/>
      </symbol>
      <symbol id="sm-711">
         <name>UARTprintf</name>
         <value>0x2b8d</value>
         <object_component_ref idref="oc-1a9"/>
      </symbol>
      <symbol id="sm-712">
         <name>UARTvprintf</name>
         <value>0x401</value>
         <object_component_ref idref="oc-29c"/>
      </symbol>
      <symbol id="sm-722">
         <name>__aeabi_memset</name>
         <value>0x1b07</value>
         <object_component_ref idref="oc-ff"/>
      </symbol>
      <symbol id="sm-723">
         <name>memset</name>
         <value>0x1b0d</value>
         <object_component_ref idref="oc-ff"/>
      </symbol>
      <symbol id="sm-724">
         <name>__aeabi_memset8</name>
         <value>0x1b07</value>
         <object_component_ref idref="oc-ff"/>
      </symbol>
      <symbol id="sm-725">
         <name>__aeabi_memset4</name>
         <value>0x1b07</value>
         <object_component_ref idref="oc-ff"/>
      </symbol>
      <symbol id="sm-726">
         <name>__aeabi_memclr8</name>
         <value>0x1b05</value>
         <object_component_ref idref="oc-ff"/>
      </symbol>
      <symbol id="sm-727">
         <name>__aeabi_memclr4</name>
         <value>0x1b05</value>
         <object_component_ref idref="oc-ff"/>
      </symbol>
      <symbol id="sm-728">
         <name>__aeabi_memclr</name>
         <value>0x1b05</value>
         <object_component_ref idref="oc-ff"/>
      </symbol>
      <symbol id="sm-737">
         <name>__aeabi_uidivmod</name>
         <value>0x2709</value>
         <object_component_ref idref="oc-37b"/>
      </symbol>
      <symbol id="sm-738">
         <name>__aeabi_uidiv</name>
         <value>0x2709</value>
         <object_component_ref idref="oc-37b"/>
      </symbol>
      <symbol id="sm-753">
         <name>memcpy</name>
         <value>0x1735</value>
         <object_component_ref idref="oc-67"/>
      </symbol>
      <symbol id="sm-754">
         <name>__aeabi_memcpy</name>
         <value>0x1735</value>
         <object_component_ref idref="oc-67"/>
      </symbol>
      <symbol id="sm-755">
         <name>__aeabi_memcpy8</name>
         <value>0x1735</value>
         <object_component_ref idref="oc-67"/>
      </symbol>
      <symbol id="sm-756">
         <name>__aeabi_memcpy4</name>
         <value>0x1735</value>
         <object_component_ref idref="oc-67"/>
      </symbol>
      <symbol id="sm-768">
         <name>__TI_zero_init</name>
         <value>0x2d13</value>
         <object_component_ref idref="oc-79"/>
      </symbol>
      <symbol id="sm-77f">
         <name>__TI_decompress_none</name>
         <value>0x2d05</value>
         <object_component_ref idref="oc-18"/>
      </symbol>
      <symbol id="sm-7a2">
         <name>__TI_decompress_lzss</name>
         <value>0x1ead</value>
         <object_component_ref idref="oc-12"/>
      </symbol>
      <symbol id="sm-7bb">
         <name>__stack</name>
         <value>0x200106d8</value>
         <object_component_ref idref="oc-21"/>
      </symbol>
      <symbol id="sm-7bc">
         <name>_c_int00_noargs</name>
         <value>0x287d</value>
         <object_component_ref idref="oc-85"/>
      </symbol>
      <symbol id="sm-7c6">
         <name>__aeabi_idiv0</name>
         <value>0x1b7f</value>
         <object_component_ref idref="oc-43d"/>
      </symbol>
      <symbol id="sm-7c7">
         <name>__aeabi_ldiv0</name>
         <value>0x1b7f</value>
         <object_component_ref idref="oc-43d"/>
      </symbol>
      <symbol id="sm-7ef">
         <name>__TI_auto_init_nobinit_nopinit</name>
         <value>0x25f9</value>
         <object_component_ref idref="oc-1dd"/>
      </symbol>
      <symbol id="sm-7f9">
         <name>_system_pre_init</name>
         <value>0x2d7f</value>
         <object_component_ref idref="oc-105"/>
      </symbol>
      <symbol id="sm-805">
         <name>C$$EXIT</name>
         <value>0x2d83</value>
         <object_component_ref idref="oc-1d1"/>
      </symbol>
      <symbol id="sm-806">
         <name>abort</name>
         <value>0x2d83</value>
         <object_component_ref idref="oc-1d1"/>
      </symbol>
      <symbol id="sm-85a">
         <name>GPIOPinConfigure</name>
         <value>0x2521</value>
         <object_component_ref idref="oc-26e"/>
      </symbol>
      <symbol id="sm-85b">
         <name>GPIOPinTypeI2CSCL</name>
         <value>0x2ca3</value>
         <object_component_ref idref="oc-274"/>
      </symbol>
      <symbol id="sm-85c">
         <name>GPIOPinTypeI2C</name>
         <value>0x2c91</value>
         <object_component_ref idref="oc-27a"/>
      </symbol>
      <symbol id="sm-85d">
         <name>GPIOPinTypeGPIOOutput</name>
         <value>0x2bc1</value>
         <object_component_ref idref="oc-39a"/>
      </symbol>
      <symbol id="sm-85e">
         <name>GPIODirModeSet</name>
         <value>0x2979</value>
         <object_component_ref idref="oc-330"/>
      </symbol>
      <symbol id="sm-85f">
         <name>GPIOPinWrite</name>
         <value>0x2d5b</value>
         <object_component_ref idref="oc-3a0"/>
      </symbol>
      <symbol id="sm-860">
         <name>GPIOPadConfigSet</name>
         <value>0x74d</value>
         <object_component_ref idref="oc-336"/>
      </symbol>
      <symbol id="sm-8a1">
         <name>I2CMasterDataPut</name>
         <value>0x2d7b</value>
         <object_component_ref idref="oc-4ac"/>
      </symbol>
      <symbol id="sm-8a2">
         <name>I2CMasterInitExpClk</name>
         <value>0x2489</value>
         <object_component_ref idref="oc-286"/>
      </symbol>
      <symbol id="sm-8a3">
         <name>I2CMasterSlaveAddrSet</name>
         <value>0x2d4b</value>
         <object_component_ref idref="oc-4a6"/>
      </symbol>
      <symbol id="sm-8a4">
         <name>I2CMasterDataGet</name>
         <value>0x2d77</value>
         <object_component_ref idref="oc-4be"/>
      </symbol>
      <symbol id="sm-8a5">
         <name>I2CMasterControl</name>
         <value>0x2d73</value>
         <object_component_ref idref="oc-4b2"/>
      </symbol>
      <symbol id="sm-8a6">
         <name>I2CMasterBusy</name>
         <value>0x2d43</value>
         <object_component_ref idref="oc-4b8"/>
      </symbol>
      <symbol id="sm-8a7">
         <name>I2CMasterEnable</name>
         <value>0x2d39</value>
         <object_component_ref idref="oc-33f"/>
      </symbol>
      <symbol id="sm-943">
         <name>SysCtlPeripheralEnable</name>
         <value>0x28ed</value>
         <object_component_ref idref="oc-262"/>
      </symbol>
      <symbol id="sm-944">
         <name>SysCtlClockGet</name>
         <value>0x999</value>
         <object_component_ref idref="oc-280"/>
      </symbol>
      <symbol id="sm-945">
         <name>SysCtlClockFreqSet</name>
         <value>0x201</value>
         <object_component_ref idref="oc-185"/>
      </symbol>
      <symbol id="sm-946">
         <name>SysCtlPeripheralReset</name>
         <value>0x23e9</value>
         <object_component_ref idref="oc-268"/>
      </symbol>
      <symbol id="sm-953">
         <name>TimerEnable</name>
         <value>0x2cf7</value>
         <object_component_ref idref="oc-25b"/>
      </symbol>
      <symbol id="sm-960">
         <name>UARTClockSourceSet</name>
         <value>0x2d67</value>
         <object_component_ref idref="oc-24e"/>
      </symbol>
      <symbol id="sm-962">
         <name>__TI_static_base__</name>
         <value>0x0</value>
      </symbol>
      <symbol id="sm-965">
         <name>__mpu_init</name>
         <value>0x0</value>
      </symbol>
      <symbol id="sm-966">
         <name>_system_post_cinit</name>
         <value>0x0</value>
      </symbol>
   </symbol_table>
   <title>Link successful</title>
</link_info>
