******************************************************************************
                  TI ARM Linker PC v18.1.4                     
******************************************************************************
>> Linked Wed Apr 10 20:00:29 2019

OUTPUT FILE NAME:   <senshub_iot.out>
ENTRY POINT SYMBOL: "_c_int00_noargs"  address: 00002b5d


MEMORY CONFIGURATION

         name            origin    length      used     unused   attr    fill
----------------------  --------  ---------  --------  --------  ----  --------
  FLASH                 00000000   00100000  0000338c  000fcc74  R  X
  SRAM                  20000000   00040000  000147a0  0002b860  RW X


SEGMENT ALLOCATION MAP

run origin  load origin   length   init length attrs members
----------  ----------- ---------- ----------- ----- -------
00000000    00000000    00003390   00003390    r-x
  00000000    00000000    00000200   00000200    r-- .intvecs
  00000200    00000200    00002e50   00002e50    r-x .text
  00003050    00003050    0000030c   0000030c    r-- .const
  00003360    00003360    00000030   00000030    r-- .cinit
20000000    20000000    000147a4   00000000    rw-
  20000000    20000000    0001073c   00000000    rw- .bss
  20010740    20010740    00004000   00000000    rw- .stack
  20014740    20014740    00000064   00000000    rw- .data


SECTION ALLOCATION MAP

 output                                  attributes/
section   page    origin      length       input sections
--------  ----  ----------  ----------   ----------------
.intvecs   0    00000000    00000200     
                  00000000    00000200     startup_ccs.obj (.intvecs)

.text      0    00000200    00002e50     
                  00000200    00000350     main.obj (.text:main)
                  00000550    00000200     driverlib.lib : sysctl.obj (.text:SysCtlClockFreqSet)
                  00000750    000001f0     log.obj (.text:log_task)
                  00000940    000001ea     uartstdio.obj (.text:UARTvprintf)
                  00000b2a    00000002     startup_ccs.obj (.text:FaultISR)
                  00000b2c    00000160     uartstdio.obj (.text:UARTStdioIntHandler)
                  00000c8c    00000132     driverlib.lib : gpio.obj (.text:GPIOPadConfigSet)
                  00000dbe    00000002     startup_ccs.obj (.text:IntDefaultHandler)
                  00000dc0    00000118     queue.obj (.text:xQueueGenericReceive)
                  00000ed8    00000104     tasks.obj (.text:xTaskIncrementTick)
                  00000fdc    00000100     tasks.obj (.text:xTaskGenericCreate)
                  000010dc    000000e8     queue.obj (.text:xQueueGenericSend)
                  000011c4    000000e4     tasks.obj (.text:xTaskResumeAll)
                  000012a8    000000e0     led.obj (.text:led_task)
                  00001388    000000d2     portasm.obj (.text)
                  0000145a    00000002     startup_ccs.obj (.text:NmiSR)
                  0000145c    000000c4     temp.obj (.text:temp_task)
                  00001520    000000b8     main.obj (.text:timer_init)
                  000015d8    000000b4     tasks.obj (.text:vTaskSwitchContext)
                  0000168c    000000b0     uartstdio.obj (.text:UARTStdioConfig)
                  0000173c    000000b0     lwiplib.obj (.text:lwIPEthernetIntHandler)
                  000017ec    000000ac     alert.obj (.text:alert_task)
                  00001898    000000ac     tasks.obj (.text:xTaskGenericNotify)
                  00001944    000000a8     uartstdio.obj (.text:UARTwrite)
                  000019ec    000000a4     timers.obj (.text:prvProcessReceivedCommands)
                  00001a90    000000a4     tasks.obj (.text:ulTaskNotifyTake)
                  00001b34    000000a0     temp.obj (.text:read_temp)
                  00001bd4    0000009c     rtsv7M4_T_le_v4SPD16_eabi.lib : memcpy_t2.asm.obj (.text)
                  00001c70    00000090     tasks.obj (.text:vTaskPriorityInherit)
                  00001d00    0000008c     uartstdio.obj (.text:UARTPrimeTransmit)
                  00001d8c    00000084     queue.obj (.text:xQueueGenericReset)
                  00001e10    00000080     main.obj (.text:Timer0_Temp_Handler)
                  00001e90    0000007a     rtsv7M4_T_le_v4SPD16_eabi.lib : memset_t2.asm.obj (.text)
                  00001f0a    00000002                                   : div0.asm.obj (.text)
                  00001f0c    00000078     tasks.obj (.text:xTaskPriorityDisinherit)
                  00001f84    00000074     main.obj (.text:Timer1_LED_Handler)
                  00001ff8    00000074     tasks.obj (.text:vTaskStartScheduler)
                  0000206c    00000074     tasks.obj (.text:xTaskRemoveFromEventList)
                  000020e0    00000072     queue.obj (.text:prvCopyDataToQueue)
                  00002152    00000002     main.obj (.text:vApplicationStackOverflowHook)
                  00002154    00000070     timers.obj (.text:prvProcessTimerOrBlockTask)
                  000021c4    00000068     rtsv7M4_T_le_v4SPD16_eabi.lib : copy_decompress_lzss.c.obj (.text:decompress:lzss:__TI_decompress_lzss)
                  0000222c    00000068     tasks.obj (.text:vTaskPlaceOnEventListRestricted)
                  00002294    00000064     main.obj (.text:ConfigureUART)
                  000022f8    00000064     tasks.obj (.text:vTaskPlaceOnEventList)
                  0000235c    00000062     queue.obj (.text:prvUnlockQueue)
                  000023be    00000002     heap_1.obj (.text:vPortFree)
                  000023c0    00000060     tasks.obj (.text:prvInitialiseTaskLists)
                  00002420    00000060     timers.obj (.text:prvSwitchTimerLists)
                  00002480    0000005c     timers.obj (.text:prvCheckForValidListAndQueue)
                  000024dc    0000005c     queue.obj (.text:xQueueGenericSendFromISR)
                  00002538    00000058     main.obj (.text:i2c_init)
                  00002590    00000058     tasks.obj (.text:prvCheckTasksWaitingTermination)
                  000025e8    00000058     tasks.obj (.text:prvInitialiseTCBVariables)
                  00002640    00000054     tasks.obj (.text:xTaskCheckForTimeOut)
                  00002694    00000050     heap_1.obj (.text:pvPortMalloc)
                  000026e4    0000004c     driverlib.lib : i2c.obj (.text:I2CMasterInitExpClk)
                  00002730    0000004c     tasks.obj (.text:prvAddCurrentTaskToDelayedList)
                  0000277c    0000004c     queue.obj (.text:xQueueCreateMutex)
                  000027c8    00000048     driverlib.lib : gpio.obj (.text:GPIOPinConfigure)
                  00002810    00000048                   : sysctl.obj (.text:_SysCtlFrequencyGet)
                  00002858    00000048     timers.obj (.text:prvProcessExpiredTimer)
                  000028a0    00000044     rtsv7M4_T_le_v4SPD16_eabi.lib : autoinit.c.obj (.text:__TI_auto_init_nobinit_nopinit:__TI_auto_init_nobinit_nopinit)
                  000028e4    00000044     timers.obj (.text:prvInsertTimerInActiveList)
                  00002928    00000044     timers.obj (.text:xTimerCreateTimerTask)
                  0000296c    00000044     timers.obj (.text:xTimerGenericCommand)
                  000029b0    00000040     rtsv7M4_T_le_v4SPD16_eabi.lib : u_divt2.asm.obj (.text)
                  000029f0    00000040     queue.obj (.text:vQueueWaitForMessageRestricted)
                  00002a30    00000040     port.obj (.text:xPortStartScheduler)
                  00002a70    0000003c     uartstdio.obj (.text:UARTFlushTx)
                  00002aac    0000003c     queue.obj (.text:xQueueGenericCreate)
                  00002ae8    0000003a     tasks.obj (.text:prvAllocateTCBAndStack)
                  00002b22    00000002     --HOLE-- [fill = 0]
                  00002b24    00000038     driverlib.lib : sysctl.obj (.text:SysCtlPeripheralReady)
                  00002b5c    00000038     rtsv7M4_T_le_v4SPD16_eabi.lib : boot_cortex_m.c.obj (.text:_c_int00_noargs:_c_int00_noargs)
                  00002b94    00000038     list.obj (.text:vListInsert)
                  00002bcc    00000034     driverlib.lib : sysctl.obj (.text:SysCtlPeripheralEnable)
                  00002c00    00000030     led.obj (.text:led_config)
                  00002c30    0000002c     driverlib.lib : emac.obj (.text:EMACIntStatus)
                  00002c5c    0000002c     uartstdio.obj (.text:UARTFlushRx)
                  00002c88    0000002c     port.obj (.text:xPortSysTickHandler)
                  00002cb4    0000002a     driverlib.lib : gpio.obj (.text:GPIODirModeSet)
                  00002cde    00000002     --HOLE-- [fill = 0]
                  00002ce0    00000028     tasks.obj (.text:prvResetNextTaskUnblockTime)
                  00002d08    00000028     timers.obj (.text:prvSampleTimeNow)
                  00002d30    00000028     port.obj (.text:pxPortInitialiseStack)
                  00002d58    00000026     queue.obj (.text:prvCopyDataFromQueue)
                  00002d7e    00000002     --HOLE-- [fill = 0]
                  00002d80    00000020     driverlib.lib : sysctl.obj (.text:_SysCtlMemTimingGet)
                  00002da0    00000020     timers.obj (.text:prvGetNextExpireTime)
                  00002dc0    00000020     list.obj (.text:uxListRemove)
                  00002de0    00000020     queue.obj (.text:vQueueAddToRegistry)
                  00002e00    00000020     tasks.obj (.text:xTaskGetSchedulerState)
                  00002e20    0000001c     queue.obj (.text:prvIsQueueFull)
                  00002e3c    0000001c     port.obj (.text:vPortEnterCritical)
                  00002e58    0000001a     uartstdio.obj (.text:UARTprintf)
                  00002e72    0000001a     queue.obj (.text:prvIsQueueEmpty)
                  00002e8c    00000018     driverlib.lib : gpio.obj (.text:GPIOPinTypeGPIOOutput)
                  00002ea4    00000018     uartstdio.obj (.text:IsBufferFull)
                  00002ebc    00000018     tasks.obj (.text:pvTaskIncrementMutexHeldCount)
                  00002ed4    00000018     list.obj (.text:vListInsertEnd)
                  00002eec    00000018     port.obj (.text:vPortExitCritical)
                  00002f04    00000018     tasks.obj (.text:vTaskSetTimeOutState)
                  00002f1c    00000016     list.obj (.text:vListInitialise)
                  00002f32    00000014     timers.obj (.text:prvTimerTask)
                  00002f46    00000002     --HOLE-- [fill = 0]
                  00002f48    00000014     port.obj (.text:vPortSetupTimerInterrupt)
                  00002f5c    00000012     driverlib.lib : gpio.obj (.text:GPIOPinTypeI2C)
                  00002f6e    00000012                   : gpio.obj (.text:GPIOPinTypeI2CSCL)
                  00002f80    00000012     tasks.obj (.text:prvDeleteTCB)
                  00002f92    00000010     port.obj (.text:prvTaskExitError)
                  00002fa2    00000002     --HOLE-- [fill = 0]
                  00002fa4    00000010     tasks.obj (.text:vTaskSuspendAll)
                  00002fb4    0000000e     uartstdio.obj (.text:IsBufferEmpty)
                  00002fc2    0000000e     rtsv7M4_T_le_v4SPD16_eabi.lib : copy_decompress_none.c.obj (.text:decompress:none:__TI_decompress_none)
                  00002fd0    0000000c                                   : copy_zero_init.c.obj (.text:decompress:ZI:__TI_zero_init)
                  00002fdc    0000000c     tasks.obj (.text:vTaskMissedYield)
                  00002fe8    0000000c     tasks.obj (.text:xTaskGetTickCount)
                  00002ff4    0000000a     driverlib.lib : i2c.obj (.text:I2CMasterEnable)
                  00002ffe    00000008                   : emac.obj (.text:EMACPowerManagementStatusGet)
                  00003006    00000008                   : i2c.obj (.text:I2CMasterBusy)
                  0000300e    00000008                   : i2c.obj (.text:I2CMasterSlaveAddrSet)
                  00003016    00000008     tasks.obj (.text:prvIdleTask)
                  0000301e    00000006     driverlib.lib : emac.obj (.text:EMACTimestampIntStatus)
                  00003024    00000006                   : gpio.obj (.text:GPIOPinWrite)
                  0000302a    00000006     startup_ccs.obj (.text:ResetISR)
                  00003030    00000006     driverlib.lib : uart.obj (.text:UARTClockSourceSet)
                  00003036    00000006     list.obj (.text:vListInitialiseItem)
                  0000303c    00000004     driverlib.lib : i2c.obj (.text:I2CMasterControl)
                  00003040    00000004                   : i2c.obj (.text:I2CMasterDataGet)
                  00003044    00000004                   : i2c.obj (.text:I2CMasterDataPut)
                  00003048    00000004     rtsv7M4_T_le_v4SPD16_eabi.lib : pre_init.c.obj (.text:_system_pre_init)
                  0000304c    00000004                                   : exit.c.obj (.text:abort:abort)

.const     0    00003050    0000030c     
                  00003050    000001b0     driverlib.lib : sysctl.obj (.const:g_pppui32XTALtoVCO)
                  00003200    00000090                   : gpio.obj (.const:g_pui32GPIOBaseAddrs)
                  00003290    0000006c                   : sysctl.obj (.const:g_pui32Xtals)
                  000032fc    00000030                   : sysctl.obj (.const:g_sXTALtoMEMTIM)
                  0000332c    0000000c     uartstdio.obj (.const:g_ui32UARTBase)
                  00003338    0000000c     uartstdio.obj (.const:g_ui32UARTInt)
                  00003344    0000000c     uartstdio.obj (.const:g_ui32UARTPeriph)
                  00003350    00000008     driverlib.lib : sysctl.obj (.const)
                  00003358    00000004     port.obj (.const)

.cinit     0    00003360    00000030     
                  00003360    0000000c     (__TI_handler_table)
                  0000336c    0000000b     (.cinit..data.load) [load image, compression = lzss]
                  00003377    00000001     --HOLE-- [fill = 0]
                  00003378    00000008     (.cinit..bss.load) [load image, compression = zero_init]
                  00003380    00000010     (__TI_cinit_table)

.init_array 
*          0    00000000    00000000     UNINITIALIZED

.bss       0    20000000    0001073c     UNINITIALIZED
                  20000000    00010000     heap_1.obj (.bss:ucHeap)
                  20010000    00000400     uartstdio.obj (.bss:g_pcUARTTxBuffer)
                  20010400    00000140     tasks.obj (.bss:pxReadyTasksLists)
                  20010540    00000080     uartstdio.obj (.bss:g_pcUARTRxBuffer)
                  200105c0    00000064     lwiplib.obj (.bss)
                  20010624    00000050     (.common:xQueueRegistry)
                  20010674    00000014     timers.obj (.bss:xActiveTimerList1)
                  20010688    00000014     timers.obj (.bss:xActiveTimerList2)
                  2001069c    00000014     tasks.obj (.bss:xDelayedTaskList1)
                  200106b0    00000014     tasks.obj (.bss:xDelayedTaskList2)
                  200106c4    00000014     tasks.obj (.bss:xPendingReadyList)
                  200106d8    00000014     tasks.obj (.bss:xSuspendedTaskList)
                  200106ec    00000014     tasks.obj (.bss:xTasksWaitingTermination)
                  20010700    00000008     tasks.obj (.bss)
                  20010708    00000008     timers.obj (.bss)
                  20010710    00000008     uartstdio.obj (.bss)
                  20010718    00000004     (.common:alerter)
                  2001071c    00000004     (.common:g_UART_sem)
                  20010720    00000004     (.common:g_led_sem)
                  20010724    00000004     (.common:g_logqueue_sem)
                  20010728    00000004     (.common:g_pfnTimerHandler)
                  2001072c    00000004     (.common:g_temp_sem)
                  20010730    00000004     (.common:g_ui32SysClock)
                  20010734    00000004     (.common:g_vulRunTimeStatsCountValue)
                  20010738    00000004     (.common:log_queue)

.data      0    20014740    00000064     UNINITIALIZED
                  20014740    00000038     tasks.obj (.data)
                  20014778    00000015     uartstdio.obj (.data)
                  2001478d    00000003     --HOLE--
                  20014790    00000008     heap_1.obj (.data)
                  20014798    00000008     timers.obj (.data)
                  200147a0    00000004     port.obj (.data)

.stack     0    20010740    00004000     UNINITIALIZED
                  20010740    00000004     rtsv7M4_T_le_v4SPD16_eabi.lib : boot_cortex_m.c.obj (.stack)
                  20010744    00003ffc     --HOLE--

MODULE SUMMARY

       Module                       code    ro data   rw data
       ------                       ----    -------   -------
    .\
       main.obj                     1466    0         32     
       startup_ccs.obj              12      512       0      
    +--+----------------------------+-------+---------+---------+
       Total:                       1478    512       32     
                                                             
    .\src\
       log.obj                      496     0         0      
       temp.obj                     356     0         0      
       led.obj                      272     0         0      
       alert.obj                    172     0         0      
    +--+----------------------------+-------+---------+---------+
       Total:                       1296    0         0      
                                                             
    .\third_party\FreeRTOS\Source\
       tasks.obj                    2636    0         484    
       queue.obj                    1272    0         80     
       timers.obj                   832     0         56     
       list.obj                     140     0         0      
    +--+----------------------------+-------+---------+---------+
       Total:                       4880    0         620    
                                                             
    .\third_party\FreeRTOS\Source\portable\CCS\ARM_CM4F\
       port.obj                     236     4         4      
       portasm.obj                  210     0         0      
    +--+----------------------------+-------+---------+---------+
       Total:                       446     4         4      
                                                             
    .\third_party\FreeRTOS\Source\portable\MemMang\
       heap_1.obj                   82      0         65544  
    +--+----------------------------+-------+---------+---------+
       Total:                       82      0         65544  
                                                             
    .\utils\
       uartstdio.obj                1494    36        1181   
       lwiplib.obj                  176     0         104    
    +--+----------------------------+-------+---------+---------+
       Total:                       1670    36        1285   
                                                             
    C:/ti/TivaWare_C_Series-2.1.4.178/driverlib/ccs/Debug/driverlib.lib
       sysctl.obj                   724     596       0      
       gpio.obj                     486     144       0      
       i2c.obj                      114     0         0      
       emac.obj                     58      0         0      
       uart.obj                     6       0         0      
    +--+----------------------------+-------+---------+---------+
       Total:                       1388    740       0      
                                                             
    C:\ti\ccsv8\tools\compiler\ti-cgt-arm_18.1.4.LTS\lib\rtsv7M4_T_le_v4SPD16_eabi.lib
       memcpy_t2.asm.obj            156     0         0      
       memset_t2.asm.obj            122     0         0      
       copy_decompress_lzss.c.obj   104     0         0      
       autoinit.c.obj               68      0         0      
       u_divt2.asm.obj              64      0         0      
       boot_cortex_m.c.obj          56      0         0      
       copy_decompress_none.c.obj   14      0         0      
       copy_zero_init.c.obj         12      0         0      
       exit.c.obj                   4       0         0      
       pre_init.c.obj               4       0         0      
       div0.asm.obj                 2       0         0      
    +--+----------------------------+-------+---------+---------+
       Total:                       606     0         0      
                                                             
       Stack:                       0       0         16384  
       Linker Generated:            0       47        0      
    +--+----------------------------+-------+---------+---------+
       Grand Total:                 11846   1339      83869  


LINKER GENERATED COPY TABLES

__TI_cinit_table @ 00003380 records: 2, size/record: 8, table size: 16
	.data: load addr=0000336c, load size=0000000b bytes, run addr=20014740, run size=00000064 bytes, compression=lzss
	.bss: load addr=00003378, load size=00000008 bytes, run addr=20000000, run size=0001073c bytes, compression=zero_init


LINKER GENERATED HANDLER TABLE

__TI_handler_table @ 00003360 records: 3, size/record: 4, table size: 12
	index: 0, handler: __TI_decompress_lzss
	index: 1, handler: __TI_decompress_none
	index: 2, handler: __TI_zero_init


GLOBAL SYMBOLS: SORTED ALPHABETICALLY BY Name 

address   name                           
-------   ----                           
0000304d  C$$EXIT                        
00002295  ConfigureUART                  
00002c31  EMACIntStatus                  
00002fff  EMACPowerManagementStatusGet   
0000301f  EMACTimestampIntStatus         
00002cb5  GPIODirModeSet                 
00000c8d  GPIOPadConfigSet               
000027c9  GPIOPinConfigure               
00002e8d  GPIOPinTypeGPIOOutput          
00002f5d  GPIOPinTypeI2C                 
00002f6f  GPIOPinTypeI2CSCL              
00003025  GPIOPinWrite                   
00003007  I2CMasterBusy                  
0000303d  I2CMasterControl               
00003041  I2CMasterDataGet               
00003045  I2CMasterDataPut               
00002ff5  I2CMasterEnable                
000026e5  I2CMasterInitExpClk            
0000300f  I2CMasterSlaveAddrSet          
0000302b  ResetISR                       
00000551  SysCtlClockFreqSet             
00002bcd  SysCtlPeripheralEnable         
00002b25  SysCtlPeripheralReady          
00001e11  Timer0_Temp_Handler            
00001f85  Timer1_LED_Handler             
00003031  UARTClockSourceSet             
00002c5d  UARTFlushRx                    
00002a71  UARTFlushTx                    
0000168d  UARTStdioConfig                
00000b2d  UARTStdioIntHandler            
00002e59  UARTprintf                     
00000941  UARTvprintf                    
00001945  UARTwrite                      
20014740  __STACK_END                    
00004000  __STACK_SIZE                   
20014740  __STACK_TOP                    
00003380  __TI_CINIT_Base                
00003390  __TI_CINIT_Limit               
00003360  __TI_Handler_Table_Base        
0000336c  __TI_Handler_Table_Limit       
000028a1  __TI_auto_init_nobinit_nopinit 
000021c5  __TI_decompress_lzss           
00002fc3  __TI_decompress_none           
ffffffff  __TI_pprof_out_hndl            
ffffffff  __TI_prof_data_size            
ffffffff  __TI_prof_data_start           
00000000  __TI_static_base__             
00002fd1  __TI_zero_init                 
00001f0b  __aeabi_idiv0                  
00001f0b  __aeabi_ldiv0                  
00001e91  __aeabi_memclr                 
00001e91  __aeabi_memclr4                
00001e91  __aeabi_memclr8                
00001bd5  __aeabi_memcpy                 
00001bd5  __aeabi_memcpy4                
00001bd5  __aeabi_memcpy8                
00001e93  __aeabi_memset                 
00001e93  __aeabi_memset4                
00001e93  __aeabi_memset8                
000029b1  __aeabi_uidiv                  
000029b1  __aeabi_uidivmod               
ffffffff  __binit__                      
ffffffff  __c_args__                     
UNDEFED   __mpu_init                     
20010740  __stack                        
00002b5d  _c_int00_noargs                
UNDEFED   _system_post_cinit             
00003049  _system_pre_init               
0000304d  abort                          
000017ed  alert_task                     
20010718  alerter                        
ffffffff  binit                          
2001071c  g_UART_sem                     
20010720  g_led_sem                      
20010724  g_logqueue_sem                 
20010728  g_pfnTimerHandler              
00000000  g_pfnVectors                   
2001072c  g_temp_sem                     
20010730  g_ui32SysClock                 
20010734  g_vulRunTimeStatsCountValue    
00002539  i2c_init                       
00002c01  led_config                     
000012a9  led_task                       
20010738  log_queue                      
00000751  log_task                       
0000173d  lwIPEthernetIntHandler         
00000201  main                           
00001bd5  memcpy                         
00001e99  memset                         
00002695  pvPortMalloc                   
00002ebd  pvTaskIncrementMutexHeldCount  
20014740  pxCurrentTCB                   
00002d31  pxPortInitialiseStack          
00001b35  read_temp                      
0000145d  temp_task                      
00001521  timer_init                     
00003358  ulMaxSyscallInterruptPriority  
00001399  ulPortGetIPSR                  
00001a91  ulTaskNotifyTake               
00002dc1  uxListRemove                   
00002153  vApplicationStackOverflowHook  
00002f1d  vListInitialise                
00003037  vListInitialiseItem            
00002b95  vListInsert                    
00002ed5  vListInsertEnd                 
0000144d  vPortEnableVFP                 
00002e3d  vPortEnterCritical             
00002eed  vPortExitCritical              
000023bf  vPortFree                      
00001411  vPortSVCHandler                
00002f49  vPortSetupTimerInterrupt       
00001431  vPortStartFirstTask            
00002de1  vQueueAddToRegistry            
000029f1  vQueueWaitForMessageRestricted 
00002fdd  vTaskMissedYield               
000022f9  vTaskPlaceOnEventList          
0000222d  vTaskPlaceOnEventListRestricted
00001c71  vTaskPriorityInherit           
00002f05  vTaskSetTimeOutState           
00001ff9  vTaskStartScheduler            
00002fa5  vTaskSuspendAll                
000015d9  vTaskSwitchContext             
000013b1  xPortPendSVHandler             
00002a31  xPortStartScheduler            
00002c89  xPortSysTickHandler            
0000277d  xQueueCreateMutex              
00002aad  xQueueGenericCreate            
00000dc1  xQueueGenericReceive           
00001d8d  xQueueGenericReset             
000010dd  xQueueGenericSend              
000024dd  xQueueGenericSendFromISR       
20010624  xQueueRegistry                 
00002641  xTaskCheckForTimeOut           
00000fdd  xTaskGenericCreate             
00001899  xTaskGenericNotify             
00002e01  xTaskGetSchedulerState         
00002fe9  xTaskGetTickCount              
00000ed9  xTaskIncrementTick             
00001f0d  xTaskPriorityDisinherit        
0000206d  xTaskRemoveFromEventList       
000011c5  xTaskResumeAll                 
00002929  xTimerCreateTimerTask          
0000296d  xTimerGenericCommand           


GLOBAL SYMBOLS: SORTED BY Symbol Address 

address   name                           
-------   ----                           
00000000  __TI_static_base__             
00000000  g_pfnVectors                   
00000201  main                           
00000551  SysCtlClockFreqSet             
00000751  log_task                       
00000941  UARTvprintf                    
00000b2d  UARTStdioIntHandler            
00000c8d  GPIOPadConfigSet               
00000dc1  xQueueGenericReceive           
00000ed9  xTaskIncrementTick             
00000fdd  xTaskGenericCreate             
000010dd  xQueueGenericSend              
000011c5  xTaskResumeAll                 
000012a9  led_task                       
00001399  ulPortGetIPSR                  
000013b1  xPortPendSVHandler             
00001411  vPortSVCHandler                
00001431  vPortStartFirstTask            
0000144d  vPortEnableVFP                 
0000145d  temp_task                      
00001521  timer_init                     
000015d9  vTaskSwitchContext             
0000168d  UARTStdioConfig                
0000173d  lwIPEthernetIntHandler         
000017ed  alert_task                     
00001899  xTaskGenericNotify             
00001945  UARTwrite                      
00001a91  ulTaskNotifyTake               
00001b35  read_temp                      
00001bd5  __aeabi_memcpy                 
00001bd5  __aeabi_memcpy4                
00001bd5  __aeabi_memcpy8                
00001bd5  memcpy                         
00001c71  vTaskPriorityInherit           
00001d8d  xQueueGenericReset             
00001e11  Timer0_Temp_Handler            
00001e91  __aeabi_memclr                 
00001e91  __aeabi_memclr4                
00001e91  __aeabi_memclr8                
00001e93  __aeabi_memset                 
00001e93  __aeabi_memset4                
00001e93  __aeabi_memset8                
00001e99  memset                         
00001f0b  __aeabi_idiv0                  
00001f0b  __aeabi_ldiv0                  
00001f0d  xTaskPriorityDisinherit        
00001f85  Timer1_LED_Handler             
00001ff9  vTaskStartScheduler            
0000206d  xTaskRemoveFromEventList       
00002153  vApplicationStackOverflowHook  
000021c5  __TI_decompress_lzss           
0000222d  vTaskPlaceOnEventListRestricted
00002295  ConfigureUART                  
000022f9  vTaskPlaceOnEventList          
000023bf  vPortFree                      
000024dd  xQueueGenericSendFromISR       
00002539  i2c_init                       
00002641  xTaskCheckForTimeOut           
00002695  pvPortMalloc                   
000026e5  I2CMasterInitExpClk            
0000277d  xQueueCreateMutex              
000027c9  GPIOPinConfigure               
000028a1  __TI_auto_init_nobinit_nopinit 
00002929  xTimerCreateTimerTask          
0000296d  xTimerGenericCommand           
000029b1  __aeabi_uidiv                  
000029b1  __aeabi_uidivmod               
000029f1  vQueueWaitForMessageRestricted 
00002a31  xPortStartScheduler            
00002a71  UARTFlushTx                    
00002aad  xQueueGenericCreate            
00002b25  SysCtlPeripheralReady          
00002b5d  _c_int00_noargs                
00002b95  vListInsert                    
00002bcd  SysCtlPeripheralEnable         
00002c01  led_config                     
00002c31  EMACIntStatus                  
00002c5d  UARTFlushRx                    
00002c89  xPortSysTickHandler            
00002cb5  GPIODirModeSet                 
00002d31  pxPortInitialiseStack          
00002dc1  uxListRemove                   
00002de1  vQueueAddToRegistry            
00002e01  xTaskGetSchedulerState         
00002e3d  vPortEnterCritical             
00002e59  UARTprintf                     
00002e8d  GPIOPinTypeGPIOOutput          
00002ebd  pvTaskIncrementMutexHeldCount  
00002ed5  vListInsertEnd                 
00002eed  vPortExitCritical              
00002f05  vTaskSetTimeOutState           
00002f1d  vListInitialise                
00002f49  vPortSetupTimerInterrupt       
00002f5d  GPIOPinTypeI2C                 
00002f6f  GPIOPinTypeI2CSCL              
00002fa5  vTaskSuspendAll                
00002fc3  __TI_decompress_none           
00002fd1  __TI_zero_init                 
00002fdd  vTaskMissedYield               
00002fe9  xTaskGetTickCount              
00002ff5  I2CMasterEnable                
00002fff  EMACPowerManagementStatusGet   
00003007  I2CMasterBusy                  
0000300f  I2CMasterSlaveAddrSet          
0000301f  EMACTimestampIntStatus         
00003025  GPIOPinWrite                   
0000302b  ResetISR                       
00003031  UARTClockSourceSet             
00003037  vListInitialiseItem            
0000303d  I2CMasterControl               
00003041  I2CMasterDataGet               
00003045  I2CMasterDataPut               
00003049  _system_pre_init               
0000304d  C$$EXIT                        
0000304d  abort                          
00003358  ulMaxSyscallInterruptPriority  
00003360  __TI_Handler_Table_Base        
0000336c  __TI_Handler_Table_Limit       
00003380  __TI_CINIT_Base                
00003390  __TI_CINIT_Limit               
00004000  __STACK_SIZE                   
20010624  xQueueRegistry                 
20010718  alerter                        
2001071c  g_UART_sem                     
20010720  g_led_sem                      
20010724  g_logqueue_sem                 
20010728  g_pfnTimerHandler              
2001072c  g_temp_sem                     
20010730  g_ui32SysClock                 
20010734  g_vulRunTimeStatsCountValue    
20010738  log_queue                      
20010740  __stack                        
20014740  __STACK_END                    
20014740  __STACK_TOP                    
20014740  pxCurrentTCB                   
ffffffff  __TI_pprof_out_hndl            
ffffffff  __TI_prof_data_size            
ffffffff  __TI_prof_data_start           
ffffffff  __binit__                      
ffffffff  __c_args__                     
ffffffff  binit                          
UNDEFED   __mpu_init                     
UNDEFED   _system_post_cinit             

[143 symbols]
