<?xml version="1.0" encoding="ISO-8859-1" ?>
<link_info>
   <banner>TI ARM Linker PC v18.1.4.LTS</banner>
   <copyright>Copyright (c) 1996-2018 Texas Instruments Incorporated</copyright>
   <link_time>0x5cae9fbd</link_time>
   <link_errors>0x0</link_errors>
   <output_file>senshub_iot.out</output_file>
   <entry_point>
      <name>_c_int00_noargs</name>
      <address>0x2b5d</address>
   </entry_point>
   <input_file_list>
      <input_file id="fl-2">
         <path>.\</path>
         <kind>object</kind>
         <file>main.obj</file>
         <name>main.obj</name>
      </input_file>
      <input_file id="fl-3">
         <path>.\</path>
         <kind>object</kind>
         <file>startup_ccs.obj</file>
         <name>startup_ccs.obj</name>
      </input_file>
      <input_file id="fl-4">
         <path>.\drivers\</path>
         <kind>object</kind>
         <file>buttons.obj</file>
         <name>buttons.obj</name>
      </input_file>
      <input_file id="fl-5">
         <path>.\drivers\</path>
         <kind>object</kind>
         <file>eth_client_lwip.obj</file>
         <name>eth_client_lwip.obj</name>
      </input_file>
      <input_file id="fl-6">
         <path>.\drivers\</path>
         <kind>object</kind>
         <file>exosite_hal_lwip.obj</file>
         <name>exosite_hal_lwip.obj</name>
      </input_file>
      <input_file id="fl-7">
         <path>.\drivers\</path>
         <kind>object</kind>
         <file>http.obj</file>
         <name>http.obj</name>
      </input_file>
      <input_file id="fl-8">
         <path>.\drivers\</path>
         <kind>object</kind>
         <file>pinout.obj</file>
         <name>pinout.obj</name>
      </input_file>
      <input_file id="fl-9">
         <path>.\src\</path>
         <kind>object</kind>
         <file>alert.obj</file>
         <name>alert.obj</name>
      </input_file>
      <input_file id="fl-a">
         <path>.\src\</path>
         <kind>object</kind>
         <file>led.obj</file>
         <name>led.obj</name>
      </input_file>
      <input_file id="fl-b">
         <path>.\src\</path>
         <kind>object</kind>
         <file>log.obj</file>
         <name>log.obj</name>
      </input_file>
      <input_file id="fl-c">
         <path>.\src\</path>
         <kind>object</kind>
         <file>temp.obj</file>
         <name>temp.obj</name>
      </input_file>
      <input_file id="fl-d">
         <path>.\third_party\FreeRTOS\Source\</path>
         <kind>object</kind>
         <file>list.obj</file>
         <name>list.obj</name>
      </input_file>
      <input_file id="fl-e">
         <path>.\third_party\FreeRTOS\Source\</path>
         <kind>object</kind>
         <file>queue.obj</file>
         <name>queue.obj</name>
      </input_file>
      <input_file id="fl-f">
         <path>.\third_party\FreeRTOS\Source\</path>
         <kind>object</kind>
         <file>tasks.obj</file>
         <name>tasks.obj</name>
      </input_file>
      <input_file id="fl-10">
         <path>.\third_party\FreeRTOS\Source\</path>
         <kind>object</kind>
         <file>timers.obj</file>
         <name>timers.obj</name>
      </input_file>
      <input_file id="fl-11">
         <path>.\third_party\FreeRTOS\Source\portable\CCS\ARM_CM4F\</path>
         <kind>object</kind>
         <file>port.obj</file>
         <name>port.obj</name>
      </input_file>
      <input_file id="fl-12">
         <path>.\third_party\FreeRTOS\Source\portable\CCS\ARM_CM4F\</path>
         <kind>object</kind>
         <file>portasm.obj</file>
         <name>portasm.obj</name>
      </input_file>
      <input_file id="fl-13">
         <path>.\third_party\FreeRTOS\Source\portable\MemMang\</path>
         <kind>object</kind>
         <file>heap_1.obj</file>
         <name>heap_1.obj</name>
      </input_file>
      <input_file id="fl-14">
         <path>.\third_party\exosite\</path>
         <kind>object</kind>
         <file>exosite.obj</file>
         <name>exosite.obj</name>
      </input_file>
      <input_file id="fl-15">
         <path>.\third_party\exosite\</path>
         <kind>object</kind>
         <file>exosite_meta.obj</file>
         <name>exosite_meta.obj</name>
      </input_file>
      <input_file id="fl-16">
         <path>.\utils\</path>
         <kind>object</kind>
         <file>cmdline.obj</file>
         <name>cmdline.obj</name>
      </input_file>
      <input_file id="fl-17">
         <path>.\utils\</path>
         <kind>object</kind>
         <file>flash_pb.obj</file>
         <name>flash_pb.obj</name>
      </input_file>
      <input_file id="fl-18">
         <path>.\utils\</path>
         <kind>object</kind>
         <file>locator.obj</file>
         <name>locator.obj</name>
      </input_file>
      <input_file id="fl-19">
         <path>.\utils\</path>
         <kind>object</kind>
         <file>lwiplib.obj</file>
         <name>lwiplib.obj</name>
      </input_file>
      <input_file id="fl-1a">
         <path>.\utils\</path>
         <kind>object</kind>
         <file>ringbuf.obj</file>
         <name>ringbuf.obj</name>
      </input_file>
      <input_file id="fl-1b">
         <path>.\utils\</path>
         <kind>object</kind>
         <file>uartstdio.obj</file>
         <name>uartstdio.obj</name>
      </input_file>
      <input_file id="fl-1c">
         <path>.\utils\</path>
         <kind>object</kind>
         <file>ustdlib.obj</file>
         <name>ustdlib.obj</name>
      </input_file>
      <input_file id="fl-22">
         <kind>object</kind>
         <file>&lt;internal&gt;</file>
         <name>&lt;internal&gt;</name>
      </input_file>
      <input_file id="fl-d8">
         <path>C:\ti\ccsv8\tools\compiler\ti-cgt-arm_18.1.4.LTS\lib\</path>
         <kind>archive</kind>
         <file>rtsv7M4_T_le_v4SPD16_eabi.lib</file>
         <name>u_divt2.asm.obj</name>
      </input_file>
      <input_file id="fl-d9">
         <path>C:\ti\ccsv8\tools\compiler\ti-cgt-arm_18.1.4.LTS\lib\</path>
         <kind>archive</kind>
         <file>rtsv7M4_T_le_v4SPD16_eabi.lib</file>
         <name>memcpy_t2.asm.obj</name>
      </input_file>
      <input_file id="fl-da">
         <path>C:\ti\ccsv8\tools\compiler\ti-cgt-arm_18.1.4.LTS\lib\</path>
         <kind>archive</kind>
         <file>rtsv7M4_T_le_v4SPD16_eabi.lib</file>
         <name>memset_t2.asm.obj</name>
      </input_file>
      <input_file id="fl-db">
         <path>C:\ti\ccsv8\tools\compiler\ti-cgt-arm_18.1.4.LTS\lib\</path>
         <kind>archive</kind>
         <file>rtsv7M4_T_le_v4SPD16_eabi.lib</file>
         <name>copy_zero_init.c.obj</name>
      </input_file>
      <input_file id="fl-dc">
         <path>C:\ti\ccsv8\tools\compiler\ti-cgt-arm_18.1.4.LTS\lib\</path>
         <kind>archive</kind>
         <file>rtsv7M4_T_le_v4SPD16_eabi.lib</file>
         <name>copy_decompress_none.c.obj</name>
      </input_file>
      <input_file id="fl-dd">
         <path>C:\ti\ccsv8\tools\compiler\ti-cgt-arm_18.1.4.LTS\lib\</path>
         <kind>archive</kind>
         <file>rtsv7M4_T_le_v4SPD16_eabi.lib</file>
         <name>copy_decompress_lzss.c.obj</name>
      </input_file>
      <input_file id="fl-de">
         <path>C:\ti\ccsv8\tools\compiler\ti-cgt-arm_18.1.4.LTS\lib\</path>
         <kind>archive</kind>
         <file>rtsv7M4_T_le_v4SPD16_eabi.lib</file>
         <name>boot_cortex_m.c.obj</name>
      </input_file>
      <input_file id="fl-df">
         <path>C:\ti\ccsv8\tools\compiler\ti-cgt-arm_18.1.4.LTS\lib\</path>
         <kind>archive</kind>
         <file>rtsv7M4_T_le_v4SPD16_eabi.lib</file>
         <name>exit.c.obj</name>
      </input_file>
      <input_file id="fl-e0">
         <path>C:\ti\ccsv8\tools\compiler\ti-cgt-arm_18.1.4.LTS\lib\</path>
         <kind>archive</kind>
         <file>rtsv7M4_T_le_v4SPD16_eabi.lib</file>
         <name>_lock.c.obj</name>
      </input_file>
      <input_file id="fl-e1">
         <path>C:\ti\ccsv8\tools\compiler\ti-cgt-arm_18.1.4.LTS\lib\</path>
         <kind>archive</kind>
         <file>rtsv7M4_T_le_v4SPD16_eabi.lib</file>
         <name>args_main.c.obj</name>
      </input_file>
      <input_file id="fl-e2">
         <path>C:\ti\ccsv8\tools\compiler\ti-cgt-arm_18.1.4.LTS\lib\</path>
         <kind>archive</kind>
         <file>rtsv7M4_T_le_v4SPD16_eabi.lib</file>
         <name>memcmp.c.obj</name>
      </input_file>
      <input_file id="fl-e3">
         <path>C:\ti\ccsv8\tools\compiler\ti-cgt-arm_18.1.4.LTS\lib\</path>
         <kind>archive</kind>
         <file>rtsv7M4_T_le_v4SPD16_eabi.lib</file>
         <name>strcat.c.obj</name>
      </input_file>
      <input_file id="fl-e4">
         <path>C:\ti\ccsv8\tools\compiler\ti-cgt-arm_18.1.4.LTS\lib\</path>
         <kind>archive</kind>
         <file>rtsv7M4_T_le_v4SPD16_eabi.lib</file>
         <name>strcmp.c.obj</name>
      </input_file>
      <input_file id="fl-e5">
         <path>C:\ti\ccsv8\tools\compiler\ti-cgt-arm_18.1.4.LTS\lib\</path>
         <kind>archive</kind>
         <file>rtsv7M4_T_le_v4SPD16_eabi.lib</file>
         <name>strlen.c.obj</name>
      </input_file>
      <input_file id="fl-e6">
         <path>C:\ti\ccsv8\tools\compiler\ti-cgt-arm_18.1.4.LTS\lib\</path>
         <kind>archive</kind>
         <file>rtsv7M4_T_le_v4SPD16_eabi.lib</file>
         <name>strncmp.c.obj</name>
      </input_file>
      <input_file id="fl-e7">
         <path>C:\ti\ccsv8\tools\compiler\ti-cgt-arm_18.1.4.LTS\lib\</path>
         <kind>archive</kind>
         <file>rtsv7M4_T_le_v4SPD16_eabi.lib</file>
         <name>strncpy.c.obj</name>
      </input_file>
      <input_file id="fl-e8">
         <path>C:\ti\ccsv8\tools\compiler\ti-cgt-arm_18.1.4.LTS\lib\</path>
         <kind>archive</kind>
         <file>rtsv7M4_T_le_v4SPD16_eabi.lib</file>
         <name>div0.asm.obj</name>
      </input_file>
      <input_file id="fl-e9">
         <path>C:\ti\ccsv8\tools\compiler\ti-cgt-arm_18.1.4.LTS\lib\</path>
         <kind>archive</kind>
         <file>rtsv7M4_T_le_v4SPD16_eabi.lib</file>
         <name>autoinit.c.obj</name>
      </input_file>
      <input_file id="fl-ea">
         <path>C:\ti\ccsv8\tools\compiler\ti-cgt-arm_18.1.4.LTS\lib\</path>
         <kind>archive</kind>
         <file>rtsv7M4_T_le_v4SPD16_eabi.lib</file>
         <name>pre_init.c.obj</name>
      </input_file>
      <input_file id="fl-eb">
         <path>C:\ti\ccsv8\tools\compiler\ti-cgt-arm_18.1.4.LTS\lib\</path>
         <kind>archive</kind>
         <file>rtsv7M4_T_le_v4SPD16_eabi.lib</file>
         <name>cpy_tbl.c.obj</name>
      </input_file>
      <input_file id="fl-ec">
         <path>C:\ti\TivaWare_C_Series-2.1.4.178\driverlib\ccs\Debug\</path>
         <kind>archive</kind>
         <file>driverlib.lib</file>
         <name>eeprom.obj</name>
      </input_file>
      <input_file id="fl-ed">
         <path>C:\ti\TivaWare_C_Series-2.1.4.178\driverlib\ccs\Debug\</path>
         <kind>archive</kind>
         <file>driverlib.lib</file>
         <name>emac.obj</name>
      </input_file>
      <input_file id="fl-ee">
         <path>C:\ti\TivaWare_C_Series-2.1.4.178\driverlib\ccs\Debug\</path>
         <kind>archive</kind>
         <file>driverlib.lib</file>
         <name>flash.obj</name>
      </input_file>
      <input_file id="fl-ef">
         <path>C:\ti\TivaWare_C_Series-2.1.4.178\driverlib\ccs\Debug\</path>
         <kind>archive</kind>
         <file>driverlib.lib</file>
         <name>gpio.obj</name>
      </input_file>
      <input_file id="fl-f0">
         <path>C:\ti\TivaWare_C_Series-2.1.4.178\driverlib\ccs\Debug\</path>
         <kind>archive</kind>
         <file>driverlib.lib</file>
         <name>i2c.obj</name>
      </input_file>
      <input_file id="fl-f1">
         <path>C:\ti\TivaWare_C_Series-2.1.4.178\driverlib\ccs\Debug\</path>
         <kind>archive</kind>
         <file>driverlib.lib</file>
         <name>interrupt.obj</name>
      </input_file>
      <input_file id="fl-f2">
         <path>C:\ti\TivaWare_C_Series-2.1.4.178\driverlib\ccs\Debug\</path>
         <kind>archive</kind>
         <file>driverlib.lib</file>
         <name>sw_crc.obj</name>
      </input_file>
      <input_file id="fl-f3">
         <path>C:\ti\TivaWare_C_Series-2.1.4.178\driverlib\ccs\Debug\</path>
         <kind>archive</kind>
         <file>driverlib.lib</file>
         <name>sysctl.obj</name>
      </input_file>
      <input_file id="fl-f4">
         <path>C:\ti\TivaWare_C_Series-2.1.4.178\driverlib\ccs\Debug\</path>
         <kind>archive</kind>
         <file>driverlib.lib</file>
         <name>timer.obj</name>
      </input_file>
      <input_file id="fl-f5">
         <path>C:\ti\TivaWare_C_Series-2.1.4.178\driverlib\ccs\Debug\</path>
         <kind>archive</kind>
         <file>driverlib.lib</file>
         <name>uart.obj</name>
      </input_file>
      <input_file id="fl-f6">
         <path>C:\ti\TivaWare_C_Series-2.1.4.178\driverlib\ccs\Debug\</path>
         <kind>archive</kind>
         <file>driverlib.lib</file>
         <name>cpu.obj</name>
      </input_file>
      <input_file id="fl-f7">
         <path>C:\ti\TivaWare_C_Series-2.1.4.178\sensorlib\ccs\Debug\</path>
         <kind>archive</kind>
         <file>sensorlib.lib</file>
         <name>i2cm_drv.obj</name>
      </input_file>
   </input_file_list>
   <object_component_list>
      <object_component id="oc-f">
         <name>.intvecs</name>
         <load_address>0x0</load_address>
         <run_address>0x0</run_address>
         <size>0x200</size>
         <input_file_ref idref="fl-3"/>
      </object_component>
      <object_component id="oc-14b">
         <name>.text:main</name>
         <load_address>0x200</load_address>
         <run_address>0x200</run_address>
         <size>0x350</size>
         <input_file_ref idref="fl-2"/>
      </object_component>
      <object_component id="oc-2ef">
         <name>.text:SysCtlClockFreqSet</name>
         <load_address>0x550</load_address>
         <run_address>0x550</run_address>
         <size>0x200</size>
         <input_file_ref idref="fl-f3"/>
      </object_component>
      <object_component id="oc-321">
         <name>.text:log_task</name>
         <load_address>0x750</load_address>
         <run_address>0x750</run_address>
         <size>0x1f0</size>
         <input_file_ref idref="fl-b"/>
      </object_component>
      <object_component id="oc-1fa">
         <name>.text:UARTvprintf</name>
         <load_address>0x940</load_address>
         <run_address>0x940</run_address>
         <size>0x1ea</size>
         <input_file_ref idref="fl-1b"/>
      </object_component>
      <object_component id="oc-30">
         <name>.text:FaultISR</name>
         <load_address>0xb2a</load_address>
         <run_address>0xb2a</run_address>
         <size>0x2</size>
         <input_file_ref idref="fl-3"/>
      </object_component>
      <object_component id="oc-47">
         <name>.text:UARTStdioIntHandler</name>
         <load_address>0xb2c</load_address>
         <run_address>0xb2c</run_address>
         <size>0x160</size>
         <input_file_ref idref="fl-1b"/>
      </object_component>
      <object_component id="oc-50d">
         <name>.text:GPIOPadConfigSet</name>
         <load_address>0xc8c</load_address>
         <run_address>0xc8c</run_address>
         <size>0x132</size>
         <input_file_ref idref="fl-ef"/>
      </object_component>
      <object_component id="oc-36">
         <name>.text:IntDefaultHandler</name>
         <load_address>0xdbe</load_address>
         <run_address>0xdbe</run_address>
         <size>0x2</size>
         <input_file_ref idref="fl-3"/>
      </object_component>
      <object_component id="oc-e3">
         <name>.text:xQueueGenericReceive</name>
         <load_address>0xdc0</load_address>
         <run_address>0xdc0</run_address>
         <size>0x118</size>
         <input_file_ref idref="fl-e"/>
      </object_component>
      <object_component id="oc-b0">
         <name>.text:xTaskIncrementTick</name>
         <load_address>0xed8</load_address>
         <run_address>0xed8</run_address>
         <size>0x104</size>
         <input_file_ref idref="fl-f"/>
      </object_component>
      <object_component id="oc-30d">
         <name>.text:xTaskGenericCreate</name>
         <load_address>0xfdc</load_address>
         <run_address>0xfdc</run_address>
         <size>0x100</size>
         <input_file_ref idref="fl-f"/>
      </object_component>
      <object_component id="oc-ef">
         <name>.text:xQueueGenericSend</name>
         <load_address>0x10dc</load_address>
         <run_address>0x10dc</run_address>
         <size>0xe8</size>
         <input_file_ref idref="fl-e"/>
      </object_component>
      <object_component id="oc-1c3">
         <name>.text:xTaskResumeAll</name>
         <load_address>0x11c4</load_address>
         <run_address>0x11c4</run_address>
         <size>0xe4</size>
         <input_file_ref idref="fl-f"/>
      </object_component>
      <object_component id="oc-32d">
         <name>.text:led_task</name>
         <load_address>0x12a8</load_address>
         <run_address>0x12a8</run_address>
         <size>0xe0</size>
         <input_file_ref idref="fl-a"/>
      </object_component>
      <object_component id="oc-3c">
         <name>.text</name>
         <load_address>0x1388</load_address>
         <run_address>0x1388</run_address>
         <size>0xd2</size>
         <input_file_ref idref="fl-12"/>
      </object_component>
      <object_component id="oc-2a">
         <name>.text:NmiSR</name>
         <load_address>0x145a</load_address>
         <run_address>0x145a</run_address>
         <size>0x2</size>
         <input_file_ref idref="fl-3"/>
      </object_component>
      <object_component id="oc-327">
         <name>.text:temp_task</name>
         <load_address>0x145c</load_address>
         <run_address>0x145c</run_address>
         <size>0xc4</size>
         <input_file_ref idref="fl-c"/>
      </object_component>
      <object_component id="oc-313">
         <name>.text:timer_init</name>
         <load_address>0x1520</load_address>
         <run_address>0x1520</run_address>
         <size>0xb8</size>
         <input_file_ref idref="fl-2"/>
      </object_component>
      <object_component id="oc-a9">
         <name>.text:vTaskSwitchContext</name>
         <load_address>0x15d8</load_address>
         <run_address>0x15d8</run_address>
         <size>0xb4</size>
         <input_file_ref idref="fl-f"/>
      </object_component>
      <object_component id="oc-404">
         <name>.text:UARTStdioConfig</name>
         <load_address>0x168c</load_address>
         <run_address>0x168c</run_address>
         <size>0xb0</size>
         <input_file_ref idref="fl-1b"/>
      </object_component>
      <object_component id="oc-59">
         <name>.text:lwIPEthernetIntHandler</name>
         <load_address>0x173c</load_address>
         <run_address>0x173c</run_address>
         <size>0xb0</size>
         <input_file_ref idref="fl-19"/>
      </object_component>
      <object_component id="oc-334">
         <name>.text:alert_task</name>
         <load_address>0x17ec</load_address>
         <run_address>0x17ec</run_address>
         <size>0xac</size>
         <input_file_ref idref="fl-9"/>
      </object_component>
      <object_component id="oc-47d">
         <name>.text:xTaskGenericNotify</name>
         <load_address>0x1898</load_address>
         <run_address>0x1898</run_address>
         <size>0xac</size>
         <input_file_ref idref="fl-f"/>
      </object_component>
      <object_component id="oc-c3">
         <name>.text:UARTwrite</name>
         <load_address>0x1944</load_address>
         <run_address>0x1944</run_address>
         <size>0xa8</size>
         <input_file_ref idref="fl-1b"/>
      </object_component>
      <object_component id="oc-5f7">
         <name>.text:prvProcessReceivedCommands</name>
         <load_address>0x19ec</load_address>
         <run_address>0x19ec</run_address>
         <size>0xa4</size>
         <input_file_ref idref="fl-10"/>
      </object_component>
      <object_component id="oc-491">
         <name>.text:ulTaskNotifyTake</name>
         <load_address>0x1a90</load_address>
         <run_address>0x1a90</run_address>
         <size>0xa4</size>
         <input_file_ref idref="fl-f"/>
      </object_component>
      <object_component id="oc-477">
         <name>.text:read_temp</name>
         <load_address>0x1b34</load_address>
         <run_address>0x1b34</run_address>
         <size>0xa0</size>
         <input_file_ref idref="fl-c"/>
      </object_component>
      <object_component id="oc-6d">
         <name>.text</name>
         <load_address>0x1bd4</load_address>
         <run_address>0x1bd4</run_address>
         <size>0x9c</size>
         <input_file_ref idref="fl-d9"/>
      </object_component>
      <object_component id="oc-1cf">
         <name>.text:vTaskPriorityInherit</name>
         <load_address>0x1c70</load_address>
         <run_address>0x1c70</run_address>
         <size>0x90</size>
         <input_file_ref idref="fl-f"/>
      </object_component>
      <object_component id="oc-b7">
         <name>.text:UARTPrimeTransmit</name>
         <load_address>0x1d00</load_address>
         <run_address>0x1d00</run_address>
         <size>0x8c</size>
         <input_file_ref idref="fl-1b"/>
      </object_component>
      <object_component id="oc-430">
         <name>.text:xQueueGenericReset</name>
         <load_address>0x1d8c</load_address>
         <run_address>0x1d8c</run_address>
         <size>0x84</size>
         <input_file_ref idref="fl-e"/>
      </object_component>
      <object_component id="oc-4d">
         <name>.text:Timer0_Temp_Handler</name>
         <load_address>0x1e10</load_address>
         <run_address>0x1e10</run_address>
         <size>0x80</size>
         <input_file_ref idref="fl-2"/>
      </object_component>
      <object_component id="oc-13f">
         <name>.text</name>
         <load_address>0x1e90</load_address>
         <run_address>0x1e90</run_address>
         <size>0x7a</size>
         <input_file_ref idref="fl-da"/>
      </object_component>
      <object_component id="oc-4c3">
         <name>.text</name>
         <load_address>0x1f0a</load_address>
         <run_address>0x1f0a</run_address>
         <size>0x2</size>
         <input_file_ref idref="fl-e8"/>
      </object_component>
      <object_component id="oc-3d2">
         <name>.text:xTaskPriorityDisinherit</name>
         <load_address>0x1f0c</load_address>
         <run_address>0x1f0c</run_address>
         <size>0x78</size>
         <input_file_ref idref="fl-f"/>
      </object_component>
      <object_component id="oc-53">
         <name>.text:Timer1_LED_Handler</name>
         <load_address>0x1f84</load_address>
         <run_address>0x1f84</run_address>
         <size>0x74</size>
         <input_file_ref idref="fl-2"/>
      </object_component>
      <object_component id="oc-319">
         <name>.text:vTaskStartScheduler</name>
         <load_address>0x1ff8</load_address>
         <run_address>0x1ff8</run_address>
         <size>0x74</size>
         <input_file_ref idref="fl-f"/>
      </object_component>
      <object_component id="oc-1e7">
         <name>.text:xTaskRemoveFromEventList</name>
         <load_address>0x206c</load_address>
         <run_address>0x206c</run_address>
         <size>0x74</size>
         <input_file_ref idref="fl-f"/>
      </object_component>
      <object_component id="oc-20c">
         <name>.text:prvCopyDataToQueue</name>
         <load_address>0x20e0</load_address>
         <run_address>0x20e0</run_address>
         <size>0x72</size>
         <input_file_ref idref="fl-e"/>
      </object_component>
      <object_component id="oc-168">
         <name>.text:vApplicationStackOverflowHook</name>
         <load_address>0x2152</load_address>
         <run_address>0x2152</run_address>
         <size>0x2</size>
         <input_file_ref idref="fl-2"/>
      </object_component>
      <object_component id="oc-5f1">
         <name>.text:prvProcessTimerOrBlockTask</name>
         <load_address>0x2154</load_address>
         <run_address>0x2154</run_address>
         <size>0x70</size>
         <input_file_ref idref="fl-10"/>
      </object_component>
      <object_component id="oc-12">
         <name>.text:decompress:lzss:__TI_decompress_lzss</name>
         <load_address>0x21c4</load_address>
         <run_address>0x21c4</run_address>
         <size>0x68</size>
         <input_file_ref idref="fl-dd"/>
      </object_component>
      <object_component id="oc-655">
         <name>.text:vTaskPlaceOnEventListRestricted</name>
         <load_address>0x222c</load_address>
         <run_address>0x222c</run_address>
         <size>0x68</size>
         <input_file_ref idref="fl-f"/>
      </object_component>
      <object_component id="oc-2f5">
         <name>.text:ConfigureUART</name>
         <load_address>0x2294</load_address>
         <run_address>0x2294</run_address>
         <size>0x64</size>
         <input_file_ref idref="fl-2"/>
      </object_component>
      <object_component id="oc-1d5">
         <name>.text:vTaskPlaceOnEventList</name>
         <load_address>0x22f8</load_address>
         <run_address>0x22f8</run_address>
         <size>0x64</size>
         <input_file_ref idref="fl-f"/>
      </object_component>
      <object_component id="oc-1bd">
         <name>.text:prvUnlockQueue</name>
         <load_address>0x235c</load_address>
         <run_address>0x235c</run_address>
         <size>0x62</size>
         <input_file_ref idref="fl-e"/>
      </object_component>
      <object_component id="oc-527">
         <name>.text:vPortFree</name>
         <load_address>0x23be</load_address>
         <run_address>0x23be</run_address>
         <size>0x2</size>
         <input_file_ref idref="fl-13"/>
      </object_component>
      <object_component id="oc-450">
         <name>.text:prvInitialiseTaskLists</name>
         <load_address>0x23c0</load_address>
         <run_address>0x23c0</run_address>
         <size>0x60</size>
         <input_file_ref idref="fl-f"/>
      </object_component>
      <object_component id="oc-64e">
         <name>.text:prvSwitchTimerLists</name>
         <load_address>0x2420</load_address>
         <run_address>0x2420</run_address>
         <size>0x60</size>
         <input_file_ref idref="fl-10"/>
      </object_component>
      <object_component id="oc-546">
         <name>.text:prvCheckForValidListAndQueue</name>
         <load_address>0x2480</load_address>
         <run_address>0x2480</run_address>
         <size>0x5c</size>
         <input_file_ref idref="fl-10"/>
      </object_component>
      <object_component id="oc-116">
         <name>.text:xQueueGenericSendFromISR</name>
         <load_address>0x24dc</load_address>
         <run_address>0x24dc</run_address>
         <size>0x5c</size>
         <input_file_ref idref="fl-e"/>
      </object_component>
      <object_component id="oc-2fb">
         <name>.text:i2c_init</name>
         <load_address>0x2538</load_address>
         <run_address>0x2538</run_address>
         <size>0x58</size>
         <input_file_ref idref="fl-2"/>
      </object_component>
      <object_component id="oc-560">
         <name>.text:prvCheckTasksWaitingTermination</name>
         <load_address>0x2590</load_address>
         <run_address>0x2590</run_address>
         <size>0x58</size>
         <input_file_ref idref="fl-f"/>
      </object_component>
      <object_component id="oc-444">
         <name>.text:prvInitialiseTCBVariables</name>
         <load_address>0x25e8</load_address>
         <run_address>0x25e8</run_address>
         <size>0x58</size>
         <input_file_ref idref="fl-f"/>
      </object_component>
      <object_component id="oc-1b7">
         <name>.text:xTaskCheckForTimeOut</name>
         <load_address>0x2640</load_address>
         <run_address>0x2640</run_address>
         <size>0x54</size>
         <input_file_ref idref="fl-f"/>
      </object_component>
      <object_component id="oc-42a">
         <name>.text:pvPortMalloc</name>
         <load_address>0x2694</load_address>
         <run_address>0x2694</run_address>
         <size>0x50</size>
         <input_file_ref idref="fl-13"/>
      </object_component>
      <object_component id="oc-423">
         <name>.text:I2CMasterInitExpClk</name>
         <load_address>0x26e4</load_address>
         <run_address>0x26e4</run_address>
         <size>0x4c</size>
         <input_file_ref idref="fl-f0"/>
      </object_component>
      <object_component id="oc-3b7">
         <name>.text:prvAddCurrentTaskToDelayedList</name>
         <load_address>0x2730</load_address>
         <run_address>0x2730</run_address>
         <size>0x4c</size>
         <input_file_ref idref="fl-f"/>
      </object_component>
      <object_component id="oc-307">
         <name>.text:xQueueCreateMutex</name>
         <load_address>0x277c</load_address>
         <run_address>0x277c</run_address>
         <size>0x4c</size>
         <input_file_ref idref="fl-e"/>
      </object_component>
      <object_component id="oc-411">
         <name>.text:GPIOPinConfigure</name>
         <load_address>0x27c8</load_address>
         <run_address>0x27c8</run_address>
         <size>0x48</size>
         <input_file_ref idref="fl-ef"/>
      </object_component>
      <object_component id="oc-3ed">
         <name>.text:_SysCtlFrequencyGet</name>
         <load_address>0x2810</load_address>
         <run_address>0x2810</run_address>
         <size>0x48</size>
         <input_file_ref idref="fl-f3"/>
      </object_component>
      <object_component id="oc-62c">
         <name>.text:prvProcessExpiredTimer</name>
         <load_address>0x2858</load_address>
         <run_address>0x2858</run_address>
         <size>0x48</size>
         <input_file_ref idref="fl-10"/>
      </object_component>
      <object_component id="oc-348">
         <name>.text:__TI_auto_init_nobinit_nopinit:__TI_auto_init_nobinit_nopinit</name>
         <load_address>0x28a0</load_address>
         <run_address>0x28a0</run_address>
         <size>0x44</size>
         <input_file_ref idref="fl-e9"/>
      </object_component>
      <object_component id="oc-639">
         <name>.text:prvInsertTimerInActiveList</name>
         <load_address>0x28e4</load_address>
         <run_address>0x28e4</run_address>
         <size>0x44</size>
         <input_file_ref idref="fl-10"/>
      </object_component>
      <object_component id="oc-458">
         <name>.text:xTimerCreateTimerTask</name>
         <load_address>0x2928</load_address>
         <run_address>0x2928</run_address>
         <size>0x44</size>
         <input_file_ref idref="fl-10"/>
      </object_component>
      <object_component id="oc-63f">
         <name>.text:xTimerGenericCommand</name>
         <load_address>0x296c</load_address>
         <run_address>0x296c</run_address>
         <size>0x44</size>
         <input_file_ref idref="fl-10"/>
      </object_component>
      <object_component id="oc-3cb">
         <name>.text</name>
         <load_address>0x29b0</load_address>
         <run_address>0x29b0</run_address>
         <size>0x40</size>
         <input_file_ref idref="fl-d8"/>
      </object_component>
      <object_component id="oc-632">
         <name>.text:vQueueWaitForMessageRestricted</name>
         <load_address>0x29f0</load_address>
         <run_address>0x29f0</run_address>
         <size>0x40</size>
         <input_file_ref idref="fl-e"/>
      </object_component>
      <object_component id="oc-45e">
         <name>.text:xPortStartScheduler</name>
         <load_address>0x2a30</load_address>
         <run_address>0x2a30</run_address>
         <size>0x40</size>
         <input_file_ref idref="fl-11"/>
      </object_component>
      <object_component id="oc-4f4">
         <name>.text:UARTFlushTx</name>
         <load_address>0x2a70</load_address>
         <run_address>0x2a70</run_address>
         <size>0x3c</size>
         <input_file_ref idref="fl-1b"/>
      </object_component>
      <object_component id="oc-301">
         <name>.text:xQueueGenericCreate</name>
         <load_address>0x2aac</load_address>
         <run_address>0x2aac</run_address>
         <size>0x3c</size>
         <input_file_ref idref="fl-e"/>
      </object_component>
      <object_component id="oc-43e">
         <name>.text:prvAllocateTCBAndStack</name>
         <load_address>0x2ae8</load_address>
         <run_address>0x2ae8</run_address>
         <size>0x3a</size>
         <input_file_ref idref="fl-f"/>
      </object_component>
      <object_component id="oc-588">
         <name>.text:SysCtlPeripheralReady</name>
         <load_address>0x2b24</load_address>
         <run_address>0x2b24</run_address>
         <size>0x38</size>
         <input_file_ref idref="fl-f3"/>
      </object_component>
      <object_component id="oc-8b">
         <name>.text:_c_int00_noargs:_c_int00_noargs</name>
         <load_address>0x2b5c</load_address>
         <run_address>0x2b5c</run_address>
         <size>0x38</size>
         <input_file_ref idref="fl-de"/>
      </object_component>
      <object_component id="oc-3b1">
         <name>.text:vListInsert</name>
         <load_address>0x2b94</load_address>
         <run_address>0x2b94</run_address>
         <size>0x38</size>
         <input_file_ref idref="fl-d"/>
      </object_component>
      <object_component id="oc-40b">
         <name>.text:SysCtlPeripheralEnable</name>
         <load_address>0x2bcc</load_address>
         <run_address>0x2bcc</run_address>
         <size>0x34</size>
         <input_file_ref idref="fl-f3"/>
      </object_component>
      <object_component id="oc-484">
         <name>.text:led_config</name>
         <load_address>0x2c00</load_address>
         <run_address>0x2c00</run_address>
         <size>0x30</size>
         <input_file_ref idref="fl-a"/>
      </object_component>
      <object_component id="oc-104">
         <name>.text:EMACIntStatus</name>
         <load_address>0x2c30</load_address>
         <run_address>0x2c30</run_address>
         <size>0x2c</size>
         <input_file_ref idref="fl-ed"/>
      </object_component>
      <object_component id="oc-4ee">
         <name>.text:UARTFlushRx</name>
         <load_address>0x2c5c</load_address>
         <run_address>0x2c5c</run_address>
         <size>0x2c</size>
         <input_file_ref idref="fl-1b"/>
      </object_component>
      <object_component id="oc-41">
         <name>.text:xPortSysTickHandler</name>
         <load_address>0x2c88</load_address>
         <run_address>0x2c88</run_address>
         <size>0x2c</size>
         <input_file_ref idref="fl-11"/>
      </object_component>
      <object_component id="oc-507">
         <name>.text:GPIODirModeSet</name>
         <load_address>0x2cb4</load_address>
         <run_address>0x2cb4</run_address>
         <size>0x2a</size>
         <input_file_ref idref="fl-ef"/>
      </object_component>
      <object_component id="oc-173">
         <name>.text:prvResetNextTaskUnblockTime</name>
         <load_address>0x2ce0</load_address>
         <run_address>0x2ce0</run_address>
         <size>0x28</size>
         <input_file_ref idref="fl-f"/>
      </object_component>
      <object_component id="oc-62a">
         <name>.text:prvSampleTimeNow</name>
         <load_address>0x2d08</load_address>
         <run_address>0x2d08</run_address>
         <size>0x28</size>
         <input_file_ref idref="fl-10"/>
      </object_component>
      <object_component id="oc-44a">
         <name>.text:pxPortInitialiseStack</name>
         <load_address>0x2d30</load_address>
         <run_address>0x2d30</run_address>
         <size>0x28</size>
         <input_file_ref idref="fl-11"/>
      </object_component>
      <object_component id="oc-1db">
         <name>.text:prvCopyDataFromQueue</name>
         <load_address>0x2d58</load_address>
         <run_address>0x2d58</run_address>
         <size>0x26</size>
         <input_file_ref idref="fl-e"/>
      </object_component>
      <object_component id="oc-3e7">
         <name>.text:_SysCtlMemTimingGet</name>
         <load_address>0x2d80</load_address>
         <run_address>0x2d80</run_address>
         <size>0x20</size>
         <input_file_ref idref="fl-f3"/>
      </object_component>
      <object_component id="oc-5eb">
         <name>.text:prvGetNextExpireTime</name>
         <load_address>0x2da0</load_address>
         <run_address>0x2da0</run_address>
         <size>0x20</size>
         <input_file_ref idref="fl-10"/>
      </object_component>
      <object_component id="oc-179">
         <name>.text:uxListRemove</name>
         <load_address>0x2dc0</load_address>
         <run_address>0x2dc0</run_address>
         <size>0x20</size>
         <input_file_ref idref="fl-d"/>
      </object_component>
      <object_component id="oc-5db">
         <name>.text:vQueueAddToRegistry</name>
         <load_address>0x2de0</load_address>
         <run_address>0x2de0</run_address>
         <size>0x20</size>
         <input_file_ref idref="fl-e"/>
      </object_component>
      <object_component id="oc-65d">
         <name>.text:xTaskGetSchedulerState</name>
         <load_address>0x2e00</load_address>
         <run_address>0x2e00</run_address>
         <size>0x20</size>
         <input_file_ref idref="fl-f"/>
      </object_component>
      <object_component id="oc-206">
         <name>.text:prvIsQueueFull</name>
         <load_address>0x2e20</load_address>
         <run_address>0x2e20</run_address>
         <size>0x1c</size>
         <input_file_ref idref="fl-e"/>
      </object_component>
      <object_component id="oc-1b1">
         <name>.text:vPortEnterCritical</name>
         <load_address>0x2e3c</load_address>
         <run_address>0x2e3c</run_address>
         <size>0x1c</size>
         <input_file_ref idref="fl-11"/>
      </object_component>
      <object_component id="oc-e9">
         <name>.text:UARTprintf</name>
         <load_address>0x2e58</load_address>
         <run_address>0x2e58</run_address>
         <size>0x1a</size>
         <input_file_ref idref="fl-1b"/>
      </object_component>
      <object_component id="oc-1c9">
         <name>.text:prvIsQueueEmpty</name>
         <load_address>0x2e72</load_address>
         <run_address>0x2e72</run_address>
         <size>0x1a</size>
         <input_file_ref idref="fl-e"/>
      </object_component>
      <object_component id="oc-58e">
         <name>.text:GPIOPinTypeGPIOOutput</name>
         <load_address>0x2e8c</load_address>
         <run_address>0x2e8c</run_address>
         <size>0x18</size>
         <input_file_ref idref="fl-ef"/>
      </object_component>
      <object_component id="oc-c9">
         <name>.text:IsBufferFull</name>
         <load_address>0x2ea4</load_address>
         <run_address>0x2ea4</run_address>
         <size>0x18</size>
         <input_file_ref idref="fl-1b"/>
      </object_component>
      <object_component id="oc-1e1">
         <name>.text:pvTaskIncrementMutexHeldCount</name>
         <load_address>0x2ebc</load_address>
         <run_address>0x2ebc</run_address>
         <size>0x18</size>
         <input_file_ref idref="fl-f"/>
      </object_component>
      <object_component id="oc-17f">
         <name>.text:vListInsertEnd</name>
         <load_address>0x2ed4</load_address>
         <run_address>0x2ed4</run_address>
         <size>0x18</size>
         <input_file_ref idref="fl-d"/>
      </object_component>
      <object_component id="oc-1a5">
         <name>.text:vPortExitCritical</name>
         <load_address>0x2eec</load_address>
         <run_address>0x2eec</run_address>
         <size>0x18</size>
         <input_file_ref idref="fl-11"/>
      </object_component>
      <object_component id="oc-19f">
         <name>.text:vTaskSetTimeOutState</name>
         <load_address>0x2f04</load_address>
         <run_address>0x2f04</run_address>
         <size>0x18</size>
         <input_file_ref idref="fl-f"/>
      </object_component>
      <object_component id="oc-437">
         <name>.text:vListInitialise</name>
         <load_address>0x2f1c</load_address>
         <run_address>0x2f1c</run_address>
         <size>0x16</size>
         <input_file_ref idref="fl-d"/>
      </object_component>
      <object_component id="oc-54c">
         <name>.text:prvTimerTask</name>
         <load_address>0x2f32</load_address>
         <run_address>0x2f32</run_address>
         <size>0x14</size>
         <input_file_ref idref="fl-10"/>
      </object_component>
      <object_component id="oc-559">
         <name>.text:vPortSetupTimerInterrupt</name>
         <load_address>0x2f48</load_address>
         <run_address>0x2f48</run_address>
         <size>0x14</size>
         <input_file_ref idref="fl-11"/>
      </object_component>
      <object_component id="oc-41d">
         <name>.text:GPIOPinTypeI2C</name>
         <load_address>0x2f5c</load_address>
         <run_address>0x2f5c</run_address>
         <size>0x12</size>
         <input_file_ref idref="fl-ef"/>
      </object_component>
      <object_component id="oc-417">
         <name>.text:GPIOPinTypeI2CSCL</name>
         <load_address>0x2f6e</load_address>
         <run_address>0x2f6e</run_address>
         <size>0x12</size>
         <input_file_ref idref="fl-ef"/>
      </object_component>
      <object_component id="oc-604">
         <name>.text:prvDeleteTCB</name>
         <load_address>0x2f80</load_address>
         <run_address>0x2f80</run_address>
         <size>0x12</size>
         <input_file_ref idref="fl-f"/>
      </object_component>
      <object_component id="oc-535">
         <name>.text:prvTaskExitError</name>
         <load_address>0x2f92</load_address>
         <run_address>0x2f92</run_address>
         <size>0x10</size>
         <input_file_ref idref="fl-11"/>
      </object_component>
      <object_component id="oc-1ab">
         <name>.text:vTaskSuspendAll</name>
         <load_address>0x2fa4</load_address>
         <run_address>0x2fa4</run_address>
         <size>0x10</size>
         <input_file_ref idref="fl-f"/>
      </object_component>
      <object_component id="oc-bd">
         <name>.text:IsBufferEmpty</name>
         <load_address>0x2fb4</load_address>
         <run_address>0x2fb4</run_address>
         <size>0xe</size>
         <input_file_ref idref="fl-1b"/>
      </object_component>
      <object_component id="oc-18">
         <name>.text:decompress:none:__TI_decompress_none</name>
         <load_address>0x2fc2</load_address>
         <run_address>0x2fc2</run_address>
         <size>0xe</size>
         <input_file_ref idref="fl-dc"/>
      </object_component>
      <object_component id="oc-7f">
         <name>.text:decompress:ZI:__TI_zero_init</name>
         <load_address>0x2fd0</load_address>
         <run_address>0x2fd0</run_address>
         <size>0xc</size>
         <input_file_ref idref="fl-db"/>
      </object_component>
      <object_component id="oc-3a4">
         <name>.text:vTaskMissedYield</name>
         <load_address>0x2fdc</load_address>
         <run_address>0x2fdc</run_address>
         <size>0xc</size>
         <input_file_ref idref="fl-f"/>
      </object_component>
      <object_component id="oc-471">
         <name>.text:xTaskGetTickCount</name>
         <load_address>0x2fe8</load_address>
         <run_address>0x2fe8</run_address>
         <size>0xc</size>
         <input_file_ref idref="fl-f"/>
      </object_component>
      <object_component id="oc-515">
         <name>.text:I2CMasterEnable</name>
         <load_address>0x2ff4</load_address>
         <run_address>0x2ff4</run_address>
         <size>0xa</size>
         <input_file_ref idref="fl-f0"/>
      </object_component>
      <object_component id="oc-10a">
         <name>.text:EMACPowerManagementStatusGet</name>
         <load_address>0x2ffe</load_address>
         <run_address>0x2ffe</run_address>
         <size>0x8</size>
         <input_file_ref idref="fl-ed"/>
      </object_component>
      <object_component id="oc-57a">
         <name>.text:I2CMasterBusy</name>
         <load_address>0x3006</load_address>
         <run_address>0x3006</run_address>
         <size>0x8</size>
         <input_file_ref idref="fl-f0"/>
      </object_component>
      <object_component id="oc-568">
         <name>.text:I2CMasterSlaveAddrSet</name>
         <load_address>0x300e</load_address>
         <run_address>0x300e</run_address>
         <size>0x8</size>
         <input_file_ref idref="fl-f0"/>
      </object_component>
      <object_component id="oc-464">
         <name>.text:prvIdleTask</name>
         <load_address>0x3016</load_address>
         <run_address>0x3016</run_address>
         <size>0x8</size>
         <input_file_ref idref="fl-f"/>
      </object_component>
      <object_component id="oc-110">
         <name>.text:EMACTimestampIntStatus</name>
         <load_address>0x301e</load_address>
         <run_address>0x301e</run_address>
         <size>0x6</size>
         <input_file_ref idref="fl-ed"/>
      </object_component>
      <object_component id="oc-48a">
         <name>.text:GPIOPinWrite</name>
         <load_address>0x3024</load_address>
         <run_address>0x3024</run_address>
         <size>0x6</size>
         <input_file_ref idref="fl-ef"/>
      </object_component>
      <object_component id="oc-24">
         <name>.text:ResetISR</name>
         <load_address>0x302a</load_address>
         <run_address>0x302a</run_address>
         <size>0x6</size>
         <input_file_ref idref="fl-3"/>
      </object_component>
      <object_component id="oc-3fe">
         <name>.text:UARTClockSourceSet</name>
         <load_address>0x3030</load_address>
         <run_address>0x3030</run_address>
         <size>0x6</size>
         <input_file_ref idref="fl-f5"/>
      </object_component>
      <object_component id="oc-52e">
         <name>.text:vListInitialiseItem</name>
         <load_address>0x3036</load_address>
         <run_address>0x3036</run_address>
         <size>0x6</size>
         <input_file_ref idref="fl-d"/>
      </object_component>
      <object_component id="oc-574">
         <name>.text:I2CMasterControl</name>
         <load_address>0x303c</load_address>
         <run_address>0x303c</run_address>
         <size>0x4</size>
         <input_file_ref idref="fl-f0"/>
      </object_component>
      <object_component id="oc-580">
         <name>.text:I2CMasterDataGet</name>
         <load_address>0x3040</load_address>
         <run_address>0x3040</run_address>
         <size>0x4</size>
         <input_file_ref idref="fl-f0"/>
      </object_component>
      <object_component id="oc-56e">
         <name>.text:I2CMasterDataPut</name>
         <load_address>0x3044</load_address>
         <run_address>0x3044</run_address>
         <size>0x4</size>
         <input_file_ref idref="fl-f0"/>
      </object_component>
      <object_component id="oc-145">
         <name>.text:_system_pre_init</name>
         <load_address>0x3048</load_address>
         <run_address>0x3048</run_address>
         <size>0x4</size>
         <input_file_ref idref="fl-ea"/>
      </object_component>
      <object_component id="oc-33c">
         <name>.text:abort:abort</name>
         <load_address>0x304c</load_address>
         <run_address>0x304c</run_address>
         <size>0x4</size>
         <input_file_ref idref="fl-df"/>
      </object_component>
      <object_component id="oc-3f6">
         <name>.const:g_pppui32XTALtoVCO</name>
         <load_address>0x3050</load_address>
         <run_address>0x3050</run_address>
         <size>0x1b0</size>
         <input_file_ref idref="fl-f3"/>
      </object_component>
      <object_component id="oc-502">
         <name>.const:g_pui32GPIOBaseAddrs</name>
         <load_address>0x3200</load_address>
         <run_address>0x3200</run_address>
         <size>0x90</size>
         <input_file_ref idref="fl-ef"/>
      </object_component>
      <object_component id="oc-3f3">
         <name>.const:g_pui32Xtals</name>
         <load_address>0x3290</load_address>
         <run_address>0x3290</run_address>
         <size>0x6c</size>
         <input_file_ref idref="fl-f3"/>
      </object_component>
      <object_component id="oc-4da">
         <name>.const:g_sXTALtoMEMTIM</name>
         <load_address>0x32fc</load_address>
         <run_address>0x32fc</run_address>
         <size>0x30</size>
         <input_file_ref idref="fl-f3"/>
      </object_component>
      <object_component id="oc-4fd">
         <name>.const:g_ui32UARTBase</name>
         <load_address>0x332c</load_address>
         <run_address>0x332c</run_address>
         <size>0xc</size>
         <input_file_ref idref="fl-1b"/>
      </object_component>
      <object_component id="oc-189">
         <name>.const:g_ui32UARTInt</name>
         <load_address>0x3338</load_address>
         <run_address>0x3338</run_address>
         <size>0xc</size>
         <input_file_ref idref="fl-1b"/>
      </object_component>
      <object_component id="oc-4fa">
         <name>.const:g_ui32UARTPeriph</name>
         <load_address>0x3344</load_address>
         <run_address>0x3344</run_address>
         <size>0xc</size>
         <input_file_ref idref="fl-1b"/>
      </object_component>
      <object_component id="oc-3f9">
         <name>.const</name>
         <load_address>0x3350</load_address>
         <run_address>0x3350</run_address>
         <size>0x8</size>
         <input_file_ref idref="fl-f3"/>
      </object_component>
      <object_component id="oc-a6">
         <name>.const</name>
         <load_address>0x3358</load_address>
         <run_address>0x3358</run_address>
         <size>0x4</size>
         <input_file_ref idref="fl-11"/>
      </object_component>
      <object_component id="oc-68e">
         <name>__TI_handler_table</name>
         <load_address>0x3360</load_address>
         <run_address>0x3360</run_address>
         <size>0xc</size>
      </object_component>
      <object_component id="oc-690">
         <name>.cinit..data.load</name>
         <load_address>0x336c</load_address>
         <run_address>0x336c</run_address>
         <size>0xb</size>
      </object_component>
      <object_component id="oc-691">
         <name>.cinit..bss.load</name>
         <load_address>0x3378</load_address>
         <run_address>0x3378</run_address>
         <size>0x8</size>
      </object_component>
      <object_component id="oc-68f">
         <name>__TI_cinit_table</name>
         <load_address>0x3380</load_address>
         <run_address>0x3380</run_address>
         <size>0x10</size>
      </object_component>
      <object_component id="oc-a3">
         <name>.data</name>
         <load_address>0x20014740</load_address>
         <run_address>0x20014740</run_address>
         <size>0x38</size>
         <input_file_ref idref="fl-f"/>
      </object_component>
      <object_component id="oc-552">
         <name>.data</name>
         <load_address>0x20014798</load_address>
         <run_address>0x20014798</run_address>
         <size>0x8</size>
         <input_file_ref idref="fl-10"/>
      </object_component>
      <object_component id="oc-39d">
         <name>.data</name>
         <load_address>0x200147a0</load_address>
         <run_address>0x200147a0</run_address>
         <size>0x4</size>
         <input_file_ref idref="fl-11"/>
      </object_component>
      <object_component id="oc-51d">
         <name>.data</name>
         <load_address>0x20014790</load_address>
         <run_address>0x20014790</run_address>
         <size>0x8</size>
         <input_file_ref idref="fl-13"/>
      </object_component>
      <object_component id="oc-cf">
         <name>.data</name>
         <load_address>0x20014778</load_address>
         <run_address>0x20014778</run_address>
         <size>0x15</size>
         <input_file_ref idref="fl-1b"/>
      </object_component>
      <object_component id="oc-16f">
         <name>.bss:pxReadyTasksLists</name>
         <uninitialized>true</uninitialized>
         <run_address>0x20010400</run_address>
         <size>0x140</size>
         <input_file_ref idref="fl-f"/>
      </object_component>
      <object_component id="oc-53c">
         <name>.bss:xDelayedTaskList1</name>
         <uninitialized>true</uninitialized>
         <run_address>0x2001069c</run_address>
         <size>0x14</size>
         <input_file_ref idref="fl-f"/>
      </object_component>
      <object_component id="oc-53f">
         <name>.bss:xDelayedTaskList2</name>
         <uninitialized>true</uninitialized>
         <run_address>0x200106b0</run_address>
         <size>0x14</size>
         <input_file_ref idref="fl-f"/>
      </object_component>
      <object_component id="oc-185">
         <name>.bss</name>
         <uninitialized>true</uninitialized>
         <run_address>0x20010700</run_address>
         <size>0x8</size>
         <input_file_ref idref="fl-f"/>
      </object_component>
      <object_component id="oc-3ab">
         <name>.bss:xPendingReadyList</name>
         <uninitialized>true</uninitialized>
         <run_address>0x200106c4</run_address>
         <size>0x14</size>
         <input_file_ref idref="fl-f"/>
      </object_component>
      <object_component id="oc-542">
         <name>.bss:xTasksWaitingTermination</name>
         <uninitialized>true</uninitialized>
         <run_address>0x200106ec</run_address>
         <size>0x14</size>
         <input_file_ref idref="fl-f"/>
      </object_component>
      <object_component id="oc-3bd">
         <name>.bss:xSuspendedTaskList</name>
         <uninitialized>true</uninitialized>
         <run_address>0x200106d8</run_address>
         <size>0x14</size>
         <input_file_ref idref="fl-f"/>
      </object_component>
      <object_component id="oc-5e1">
         <name>.bss:xActiveTimerList1</name>
         <uninitialized>true</uninitialized>
         <run_address>0x20010674</run_address>
         <size>0x14</size>
         <input_file_ref idref="fl-10"/>
      </object_component>
      <object_component id="oc-5e4">
         <name>.bss:xActiveTimerList2</name>
         <uninitialized>true</uninitialized>
         <run_address>0x20010688</run_address>
         <size>0x14</size>
         <input_file_ref idref="fl-10"/>
      </object_component>
      <object_component id="oc-5e7">
         <name>.bss</name>
         <uninitialized>true</uninitialized>
         <run_address>0x20010708</run_address>
         <size>0x8</size>
         <input_file_ref idref="fl-10"/>
      </object_component>
      <object_component id="oc-520">
         <name>.bss:ucHeap</name>
         <uninitialized>true</uninitialized>
         <run_address>0x20000000</run_address>
         <size>0x10000</size>
         <input_file_ref idref="fl-13"/>
      </object_component>
      <object_component id="oc-11c">
         <name>.bss</name>
         <uninitialized>true</uninitialized>
         <run_address>0x200105c0</run_address>
         <size>0x64</size>
         <input_file_ref idref="fl-19"/>
      </object_component>
      <object_component id="oc-d2">
         <name>.bss</name>
         <uninitialized>true</uninitialized>
         <run_address>0x20010710</run_address>
         <size>0x8</size>
         <input_file_ref idref="fl-1b"/>
      </object_component>
      <object_component id="oc-18c">
         <name>.bss:g_pcUARTTxBuffer</name>
         <uninitialized>true</uninitialized>
         <run_address>0x20010000</run_address>
         <size>0x400</size>
         <input_file_ref idref="fl-1b"/>
      </object_component>
      <object_component id="oc-d5">
         <name>.bss:g_pcUARTRxBuffer</name>
         <uninitialized>true</uninitialized>
         <run_address>0x20010540</run_address>
         <size>0x80</size>
         <input_file_ref idref="fl-1b"/>
      </object_component>
      <object_component id="oc-31f">
         <name>.common:log_queue</name>
         <uninitialized>true</uninitialized>
         <run_address>0x20010738</run_address>
         <size>0x4</size>
      </object_component>
      <object_component id="oc-333">
         <name>.common:alerter</name>
         <uninitialized>true</uninitialized>
         <run_address>0x20010718</run_address>
         <size>0x4</size>
      </object_component>
      <object_component id="oc-320">
         <name>.common:g_logqueue_sem</name>
         <uninitialized>true</uninitialized>
         <run_address>0x20010724</run_address>
         <size>0x4</size>
      </object_component>
      <object_component id="oc-100">
         <name>.common:g_UART_sem</name>
         <uninitialized>true</uninitialized>
         <run_address>0x2001071c</run_address>
         <size>0x4</size>
      </object_component>
      <object_component id="oc-f5">
         <name>.common:g_temp_sem</name>
         <uninitialized>true</uninitialized>
         <run_address>0x2001072c</run_address>
         <size>0x4</size>
      </object_component>
      <object_component id="oc-102">
         <name>.common:g_led_sem</name>
         <uninitialized>true</uninitialized>
         <run_address>0x20010720</run_address>
         <size>0x4</size>
      </object_component>
      <object_component id="oc-33a">
         <name>.common:g_ui32SysClock</name>
         <uninitialized>true</uninitialized>
         <run_address>0x20010730</run_address>
         <size>0x4</size>
      </object_component>
      <object_component id="oc-16e">
         <name>.common:g_vulRunTimeStatsCountValue</name>
         <uninitialized>true</uninitialized>
         <run_address>0x20010734</run_address>
         <size>0x4</size>
      </object_component>
      <object_component id="oc-621">
         <name>.common:xQueueRegistry</name>
         <uninitialized>true</uninitialized>
         <run_address>0x20010624</run_address>
         <size>0x50</size>
      </object_component>
      <object_component id="oc-11f">
         <name>.common:g_pfnTimerHandler</name>
         <uninitialized>true</uninitialized>
         <run_address>0x20010728</run_address>
         <size>0x4</size>
      </object_component>
      <object_component id="oc-21">
         <name>.stack</name>
         <uninitialized>true</uninitialized>
         <run_address>0x20010740</run_address>
         <size>0x4</size>
         <input_file_ref idref="fl-de"/>
      </object_component>
      <object_component id="oc-692">
         <name>.stack</name>
         <uninitialized>true</uninitialized>
         <run_address>0x20010740</run_address>
         <size>0x0</size>
      </object_component>
      <object_component id="oc-f6">
         <name>.debug_info</name>
         <load_address>0x0</load_address>
         <run_address>0x0</run_address>
         <size>0xa2e</size>
         <input_file_ref idref="fl-2"/>
      </object_component>
      <object_component id="oc-169">
         <name>.debug_info</name>
         <load_address>0xa2e</load_address>
         <run_address>0xa2e</run_address>
         <size>0x14a</size>
         <input_file_ref idref="fl-2"/>
      </object_component>
      <object_component id="oc-314">
         <name>.debug_info</name>
         <load_address>0xb78</load_address>
         <run_address>0xb78</run_address>
         <size>0x153</size>
         <input_file_ref idref="fl-2"/>
      </object_component>
      <object_component id="oc-2f6">
         <name>.debug_info</name>
         <load_address>0xccb</load_address>
         <run_address>0xccb</run_address>
         <size>0x150</size>
         <input_file_ref idref="fl-2"/>
      </object_component>
      <object_component id="oc-2fd">
         <name>.debug_info</name>
         <load_address>0xe1b</load_address>
         <run_address>0xe1b</run_address>
         <size>0x1a3</size>
         <input_file_ref idref="fl-2"/>
      </object_component>
      <object_component id="oc-14d">
         <name>.debug_info</name>
         <load_address>0xfbe</load_address>
         <run_address>0xfbe</run_address>
         <size>0x35a</size>
         <input_file_ref idref="fl-2"/>
      </object_component>
      <object_component id="oc-55">
         <name>.debug_info</name>
         <load_address>0x1318</load_address>
         <run_address>0x1318</run_address>
         <size>0x17a</size>
         <input_file_ref idref="fl-2"/>
      </object_component>
      <object_component id="oc-4f">
         <name>.debug_info</name>
         <load_address>0x1492</load_address>
         <run_address>0x1492</run_address>
         <size>0x17b</size>
         <input_file_ref idref="fl-2"/>
      </object_component>
      <object_component id="oc-1f5">
         <name>.debug_info</name>
         <load_address>0x160d</load_address>
         <run_address>0x160d</run_address>
         <size>0x2ef</size>
         <input_file_ref idref="fl-2"/>
      </object_component>
      <object_component id="oc-215">
         <name>.debug_info</name>
         <load_address>0x18fc</load_address>
         <run_address>0x18fc</run_address>
         <size>0x4e6</size>
         <input_file_ref idref="fl-2"/>
      </object_component>
      <object_component id="oc-125">
         <name>.debug_info</name>
         <load_address>0x1de2</load_address>
         <run_address>0x1de2</run_address>
         <size>0x26b</size>
         <input_file_ref idref="fl-2"/>
      </object_component>
      <object_component id="oc-386">
         <name>.debug_info</name>
         <load_address>0x204d</load_address>
         <run_address>0x204d</run_address>
         <size>0x110</size>
         <input_file_ref idref="fl-2"/>
      </object_component>
      <object_component id="oc-d9">
         <name>.debug_info</name>
         <load_address>0x215d</load_address>
         <run_address>0x215d</run_address>
         <size>0x8b</size>
         <input_file_ref idref="fl-2"/>
      </object_component>
      <object_component id="oc-1ee">
         <name>.debug_info</name>
         <load_address>0x21e8</load_address>
         <run_address>0x21e8</run_address>
         <size>0x46</size>
         <input_file_ref idref="fl-2"/>
      </object_component>
      <object_component id="oc-224">
         <name>.debug_info</name>
         <load_address>0x222e</load_address>
         <run_address>0x222e</run_address>
         <size>0x2c</size>
         <input_file_ref idref="fl-2"/>
      </object_component>
      <object_component id="oc-229">
         <name>.debug_info</name>
         <load_address>0x225a</load_address>
         <run_address>0x225a</run_address>
         <size>0x2c</size>
         <input_file_ref idref="fl-2"/>
      </object_component>
      <object_component id="oc-19a">
         <name>.debug_info</name>
         <load_address>0x2286</load_address>
         <run_address>0x2286</run_address>
         <size>0x297</size>
         <input_file_ref idref="fl-2"/>
      </object_component>
      <object_component id="oc-21a">
         <name>.debug_info</name>
         <load_address>0x251d</load_address>
         <run_address>0x251d</run_address>
         <size>0xef</size>
         <input_file_ref idref="fl-2"/>
      </object_component>
      <object_component id="oc-de">
         <name>.debug_info</name>
         <load_address>0x260c</load_address>
         <run_address>0x260c</run_address>
         <size>0xbb</size>
         <input_file_ref idref="fl-2"/>
      </object_component>
      <object_component id="oc-160">
         <name>.debug_info</name>
         <load_address>0x26c7</load_address>
         <run_address>0x26c7</run_address>
         <size>0x53</size>
         <input_file_ref idref="fl-2"/>
      </object_component>
      <object_component id="oc-201">
         <name>.debug_info</name>
         <load_address>0x271a</load_address>
         <run_address>0x271a</run_address>
         <size>0x2c</size>
         <input_file_ref idref="fl-2"/>
      </object_component>
      <object_component id="oc-46c">
         <name>.debug_info</name>
         <load_address>0x2746</load_address>
         <run_address>0x2746</run_address>
         <size>0x7d</size>
         <input_file_ref idref="fl-2"/>
      </object_component>
      <object_component id="oc-21f">
         <name>.debug_info</name>
         <load_address>0x27c3</load_address>
         <run_address>0x27c3</run_address>
         <size>0x14c</size>
         <input_file_ref idref="fl-2"/>
      </object_component>
      <object_component id="oc-61">
         <name>.debug_info</name>
         <load_address>0x290f</load_address>
         <run_address>0x290f</run_address>
         <size>0x3d6</size>
         <input_file_ref idref="fl-3"/>
      </object_component>
      <object_component id="oc-10">
         <name>.debug_info</name>
         <load_address>0x2ce5</load_address>
         <run_address>0x2ce5</run_address>
         <size>0xd9</size>
         <input_file_ref idref="fl-3"/>
      </object_component>
      <object_component id="oc-27">
         <name>.debug_info</name>
         <load_address>0x2dbe</load_address>
         <run_address>0x2dbe</run_address>
         <size>0x109</size>
         <input_file_ref idref="fl-3"/>
      </object_component>
      <object_component id="oc-2d">
         <name>.debug_info</name>
         <load_address>0x2ec7</load_address>
         <run_address>0x2ec7</run_address>
         <size>0xf7</size>
         <input_file_ref idref="fl-3"/>
      </object_component>
      <object_component id="oc-37">
         <name>.debug_info</name>
         <load_address>0x2fbe</load_address>
         <run_address>0x2fbe</run_address>
         <size>0x112</size>
         <input_file_ref idref="fl-3"/>
      </object_component>
      <object_component id="oc-32">
         <name>.debug_info</name>
         <load_address>0x30d0</load_address>
         <run_address>0x30d0</run_address>
         <size>0x100</size>
         <input_file_ref idref="fl-3"/>
      </object_component>
      <object_component id="oc-68">
         <name>.debug_info</name>
         <load_address>0x31d0</load_address>
         <run_address>0x31d0</run_address>
         <size>0x84</size>
         <input_file_ref idref="fl-3"/>
      </object_component>
      <object_component id="oc-3e5">
         <name>.debug_info</name>
         <load_address>0x3254</load_address>
         <run_address>0x3254</run_address>
         <size>0x923</size>
         <input_file_ref idref="fl-5"/>
      </object_component>
      <object_component id="oc-4cc">
         <name>.debug_info</name>
         <load_address>0x3b77</load_address>
         <run_address>0x3b77</run_address>
         <size>0x176</size>
         <input_file_ref idref="fl-5"/>
      </object_component>
      <object_component id="oc-267">
         <name>.debug_info</name>
         <load_address>0x3ced</load_address>
         <run_address>0x3ced</run_address>
         <size>0x12f</size>
         <input_file_ref idref="fl-5"/>
      </object_component>
      <object_component id="oc-262">
         <name>.debug_info</name>
         <load_address>0x3e1c</load_address>
         <run_address>0x3e1c</run_address>
         <size>0x99</size>
         <input_file_ref idref="fl-5"/>
      </object_component>
      <object_component id="oc-26c">
         <name>.debug_info</name>
         <load_address>0x3eb5</load_address>
         <run_address>0x3eb5</run_address>
         <size>0xc4</size>
         <input_file_ref idref="fl-5"/>
      </object_component>
      <object_component id="oc-4d0">
         <name>.debug_info</name>
         <load_address>0x3f79</load_address>
         <run_address>0x3f79</run_address>
         <size>0x2c</size>
         <input_file_ref idref="fl-5"/>
      </object_component>
      <object_component id="oc-276">
         <name>.debug_info</name>
         <load_address>0x3fa5</load_address>
         <run_address>0x3fa5</run_address>
         <size>0x2c</size>
         <input_file_ref idref="fl-5"/>
      </object_component>
      <object_component id="oc-27b">
         <name>.debug_info</name>
         <load_address>0x3fd1</load_address>
         <run_address>0x3fd1</run_address>
         <size>0x8a</size>
         <input_file_ref idref="fl-5"/>
      </object_component>
      <object_component id="oc-28a">
         <name>.debug_info</name>
         <load_address>0x405b</load_address>
         <run_address>0x405b</run_address>
         <size>0x651</size>
         <input_file_ref idref="fl-5"/>
      </object_component>
      <object_component id="oc-28f">
         <name>.debug_info</name>
         <load_address>0x46ac</load_address>
         <run_address>0x46ac</run_address>
         <size>0x174</size>
         <input_file_ref idref="fl-5"/>
      </object_component>
      <object_component id="oc-280">
         <name>.debug_info</name>
         <load_address>0x4820</load_address>
         <run_address>0x4820</run_address>
         <size>0x2c</size>
         <input_file_ref idref="fl-5"/>
      </object_component>
      <object_component id="oc-4d5">
         <name>.debug_info</name>
         <load_address>0x484c</load_address>
         <run_address>0x484c</run_address>
         <size>0x1cd</size>
         <input_file_ref idref="fl-5"/>
      </object_component>
      <object_component id="oc-294">
         <name>.debug_info</name>
         <load_address>0x4a19</load_address>
         <run_address>0x4a19</run_address>
         <size>0x2c</size>
         <input_file_ref idref="fl-5"/>
      </object_component>
      <object_component id="oc-247">
         <name>.debug_info</name>
         <load_address>0x4a45</load_address>
         <run_address>0x4a45</run_address>
         <size>0x87</size>
         <input_file_ref idref="fl-5"/>
      </object_component>
      <object_component id="oc-285">
         <name>.debug_info</name>
         <load_address>0x4acc</load_address>
         <run_address>0x4acc</run_address>
         <size>0x2c</size>
         <input_file_ref idref="fl-5"/>
      </object_component>
      <object_component id="oc-29e">
         <name>.debug_info</name>
         <load_address>0x4af8</load_address>
         <run_address>0x4af8</run_address>
         <size>0x2c</size>
         <input_file_ref idref="fl-5"/>
      </object_component>
      <object_component id="oc-2da">
         <name>.debug_info</name>
         <load_address>0x4b24</load_address>
         <run_address>0x4b24</run_address>
         <size>0x53</size>
         <input_file_ref idref="fl-5"/>
      </object_component>
      <object_component id="oc-2bc">
         <name>.debug_info</name>
         <load_address>0x4b77</load_address>
         <run_address>0x4b77</run_address>
         <size>0xf5</size>
         <input_file_ref idref="fl-5"/>
      </object_component>
      <object_component id="oc-253">
         <name>.debug_info</name>
         <load_address>0x4c6c</load_address>
         <run_address>0x4c6c</run_address>
         <size>0x9f</size>
         <input_file_ref idref="fl-5"/>
      </object_component>
      <object_component id="oc-2c1">
         <name>.debug_info</name>
         <load_address>0x4d0b</load_address>
         <run_address>0x4d0b</run_address>
         <size>0x167</size>
         <input_file_ref idref="fl-5"/>
      </object_component>
      <object_component id="oc-258">
         <name>.debug_info</name>
         <load_address>0x4e72</load_address>
         <run_address>0x4e72</run_address>
         <size>0x40f</size>
         <input_file_ref idref="fl-5"/>
      </object_component>
      <object_component id="oc-25d">
         <name>.debug_info</name>
         <load_address>0x5281</load_address>
         <run_address>0x5281</run_address>
         <size>0x17e</size>
         <input_file_ref idref="fl-5"/>
      </object_component>
      <object_component id="oc-2e6">
         <name>.debug_info</name>
         <load_address>0x53ff</load_address>
         <run_address>0x53ff</run_address>
         <size>0x2c</size>
         <input_file_ref idref="fl-6"/>
      </object_component>
      <object_component id="oc-f8">
         <name>.debug_info</name>
         <load_address>0x542b</load_address>
         <run_address>0x542b</run_address>
         <size>0x61f</size>
         <input_file_ref idref="fl-9"/>
      </object_component>
      <object_component id="oc-335">
         <name>.debug_info</name>
         <load_address>0x5a4a</load_address>
         <run_address>0x5a4a</run_address>
         <size>0x1c9</size>
         <input_file_ref idref="fl-9"/>
      </object_component>
      <object_component id="oc-fa">
         <name>.debug_info</name>
         <load_address>0x5c13</load_address>
         <run_address>0x5c13</run_address>
         <size>0x6d6</size>
         <input_file_ref idref="fl-a"/>
      </object_component>
      <object_component id="oc-486">
         <name>.debug_info</name>
         <load_address>0x62e9</load_address>
         <run_address>0x62e9</run_address>
         <size>0x172</size>
         <input_file_ref idref="fl-a"/>
      </object_component>
      <object_component id="oc-32f">
         <name>.debug_info</name>
         <load_address>0x645b</load_address>
         <run_address>0x645b</run_address>
         <size>0x226</size>
         <input_file_ref idref="fl-a"/>
      </object_component>
      <object_component id="oc-fc">
         <name>.debug_info</name>
         <load_address>0x6681</load_address>
         <run_address>0x6681</run_address>
         <size>0x5b2</size>
         <input_file_ref idref="fl-b"/>
      </object_component>
      <object_component id="oc-322">
         <name>.debug_info</name>
         <load_address>0x6c33</load_address>
         <run_address>0x6c33</run_address>
         <size>0x2a2</size>
         <input_file_ref idref="fl-b"/>
      </object_component>
      <object_component id="oc-fe">
         <name>.debug_info</name>
         <load_address>0x6ed5</load_address>
         <run_address>0x6ed5</run_address>
         <size>0x751</size>
         <input_file_ref idref="fl-c"/>
      </object_component>
      <object_component id="oc-479">
         <name>.debug_info</name>
         <load_address>0x7626</load_address>
         <run_address>0x7626</run_address>
         <size>0x23d</size>
         <input_file_ref idref="fl-c"/>
      </object_component>
      <object_component id="oc-329">
         <name>.debug_info</name>
         <load_address>0x7863</load_address>
         <run_address>0x7863</run_address>
         <size>0x1ef</size>
         <input_file_ref idref="fl-c"/>
      </object_component>
      <object_component id="oc-392">
         <name>.debug_info</name>
         <load_address>0x7a52</load_address>
         <run_address>0x7a52</run_address>
         <size>0x2f7</size>
         <input_file_ref idref="fl-d"/>
      </object_component>
      <object_component id="oc-180">
         <name>.debug_info</name>
         <load_address>0x7d49</load_address>
         <run_address>0x7d49</run_address>
         <size>0x238</size>
         <input_file_ref idref="fl-d"/>
      </object_component>
      <object_component id="oc-3b3">
         <name>.debug_info</name>
         <load_address>0x7f81</load_address>
         <run_address>0x7f81</run_address>
         <size>0x263</size>
         <input_file_ref idref="fl-d"/>
      </object_component>
      <object_component id="oc-52f">
         <name>.debug_info</name>
         <load_address>0x81e4</load_address>
         <run_address>0x81e4</run_address>
         <size>0x1e5</size>
         <input_file_ref idref="fl-d"/>
      </object_component>
      <object_component id="oc-438">
         <name>.debug_info</name>
         <load_address>0x83c9</load_address>
         <run_address>0x83c9</run_address>
         <size>0x1dd</size>
         <input_file_ref idref="fl-d"/>
      </object_component>
      <object_component id="oc-17a">
         <name>.debug_info</name>
         <load_address>0x85a6</load_address>
         <run_address>0x85a6</run_address>
         <size>0x210</size>
         <input_file_ref idref="fl-d"/>
      </object_component>
      <object_component id="oc-1f3">
         <name>.debug_info</name>
         <load_address>0x87b6</load_address>
         <run_address>0x87b6</run_address>
         <size>0x7a4</size>
         <input_file_ref idref="fl-e"/>
      </object_component>
      <object_component id="oc-1dc">
         <name>.debug_info</name>
         <load_address>0x8f5a</load_address>
         <run_address>0x8f5a</run_address>
         <size>0x22f</size>
         <input_file_ref idref="fl-e"/>
      </object_component>
      <object_component id="oc-20d">
         <name>.debug_info</name>
         <load_address>0x9189</load_address>
         <run_address>0x9189</run_address>
         <size>0x298</size>
         <input_file_ref idref="fl-e"/>
      </object_component>
      <object_component id="oc-117">
         <name>.debug_info</name>
         <load_address>0x9421</load_address>
         <run_address>0x9421</run_address>
         <size>0x35e</size>
         <input_file_ref idref="fl-e"/>
      </object_component>
      <object_component id="oc-1be">
         <name>.debug_info</name>
         <load_address>0x977f</load_address>
         <run_address>0x977f</run_address>
         <size>0x2b2</size>
         <input_file_ref idref="fl-e"/>
      </object_component>
      <object_component id="oc-207">
         <name>.debug_info</name>
         <load_address>0x9a31</load_address>
         <run_address>0x9a31</run_address>
         <size>0x230</size>
         <input_file_ref idref="fl-e"/>
      </object_component>
      <object_component id="oc-f0">
         <name>.debug_info</name>
         <load_address>0x9c61</load_address>
         <run_address>0x9c61</run_address>
         <size>0x4cb</size>
         <input_file_ref idref="fl-e"/>
      </object_component>
      <object_component id="oc-431">
         <name>.debug_info</name>
         <load_address>0xa12c</load_address>
         <run_address>0xa12c</run_address>
         <size>0x2b6</size>
[...]
         <value>0x2153</value>
         <object_component_ref idref="oc-168"/>
      </symbol>
      <symbol id="sm-fc">
         <name>Timer0_Temp_Handler</name>
         <value>0x1e11</value>
         <object_component_ref idref="oc-4d"/>
      </symbol>
      <symbol id="sm-fd">
         <name>Timer1_LED_Handler</name>
         <value>0x1f85</value>
         <object_component_ref idref="oc-53"/>
      </symbol>
      <symbol id="sm-fe">
         <name>timer_init</name>
         <value>0x1521</value>
         <object_component_ref idref="oc-313"/>
      </symbol>
      <symbol id="sm-ff">
         <name>main</name>
         <value>0x201</value>
         <object_component_ref idref="oc-14b"/>
      </symbol>
      <symbol id="sm-100">
         <name>ConfigureUART</name>
         <value>0x2295</value>
         <object_component_ref idref="oc-2f5"/>
      </symbol>
      <symbol id="sm-101">
         <name>i2c_init</name>
         <value>0x2539</value>
         <object_component_ref idref="oc-2fb"/>
      </symbol>
      <symbol id="sm-137">
         <name>ResetISR</name>
         <value>0x302b</value>
         <object_component_ref idref="oc-24"/>
      </symbol>
      <symbol id="sm-138">
         <name>g_pfnVectors</name>
         <value>0x0</value>
         <object_component_ref idref="oc-f"/>
      </symbol>
      <symbol id="sm-1c4">
         <name>alert_task</name>
         <value>0x17ed</value>
         <object_component_ref idref="oc-334"/>
      </symbol>
      <symbol id="sm-1ea">
         <name>led_task</name>
         <value>0x12a9</value>
         <object_component_ref idref="oc-32d"/>
      </symbol>
      <symbol id="sm-1eb">
         <name>led_config</name>
         <value>0x2c01</value>
         <object_component_ref idref="oc-484"/>
      </symbol>
      <symbol id="sm-20f">
         <name>log_task</name>
         <value>0x751</value>
         <object_component_ref idref="oc-321"/>
      </symbol>
      <symbol id="sm-238">
         <name>temp_task</name>
         <value>0x145d</value>
         <object_component_ref idref="oc-327"/>
      </symbol>
      <symbol id="sm-239">
         <name>read_temp</name>
         <value>0x1b35</value>
         <object_component_ref idref="oc-477"/>
      </symbol>
      <symbol id="sm-269">
         <name>uxListRemove</name>
         <value>0x2dc1</value>
         <object_component_ref idref="oc-179"/>
      </symbol>
      <symbol id="sm-26a">
         <name>vListInsert</name>
         <value>0x2b95</value>
         <object_component_ref idref="oc-3b1"/>
      </symbol>
      <symbol id="sm-26b">
         <name>vListInitialiseItem</name>
         <value>0x3037</value>
         <object_component_ref idref="oc-52e"/>
      </symbol>
      <symbol id="sm-26c">
         <name>vListInsertEnd</name>
         <value>0x2ed5</value>
         <object_component_ref idref="oc-17f"/>
      </symbol>
      <symbol id="sm-26d">
         <name>vListInitialise</name>
         <value>0x2f1d</value>
         <object_component_ref idref="oc-437"/>
      </symbol>
      <symbol id="sm-31f">
         <name>xQueueRegistry</name>
         <value>0x20010624</value>
      </symbol>
      <symbol id="sm-320">
         <name>xQueueGenericSendFromISR</name>
         <value>0x24dd</value>
         <object_component_ref idref="oc-116"/>
      </symbol>
      <symbol id="sm-321">
         <name>vQueueAddToRegistry</name>
         <value>0x2de1</value>
         <object_component_ref idref="oc-5db"/>
      </symbol>
      <symbol id="sm-322">
         <name>xQueueGenericCreate</name>
         <value>0x2aad</value>
         <object_component_ref idref="oc-301"/>
      </symbol>
      <symbol id="sm-323">
         <name>xQueueCreateMutex</name>
         <value>0x277d</value>
         <object_component_ref idref="oc-307"/>
      </symbol>
      <symbol id="sm-324">
         <name>xQueueGenericSend</name>
         <value>0x10dd</value>
         <object_component_ref idref="oc-ef"/>
      </symbol>
      <symbol id="sm-325">
         <name>xQueueGenericReset</name>
         <value>0x1d8d</value>
         <object_component_ref idref="oc-430"/>
      </symbol>
      <symbol id="sm-326">
         <name>xQueueGenericReceive</name>
         <value>0xdc1</value>
         <object_component_ref idref="oc-e3"/>
      </symbol>
      <symbol id="sm-327">
         <name>vQueueWaitForMessageRestricted</name>
         <value>0x29f1</value>
         <object_component_ref idref="oc-632"/>
      </symbol>
      <symbol id="sm-524">
         <name>vTaskSuspendAll</name>
         <value>0x2fa5</value>
         <object_component_ref idref="oc-1ab"/>
      </symbol>
      <symbol id="sm-525">
         <name>vTaskPriorityInherit</name>
         <value>0x1c71</value>
         <object_component_ref idref="oc-1cf"/>
      </symbol>
      <symbol id="sm-526">
         <name>vTaskPlaceOnEventList</name>
         <value>0x22f9</value>
         <object_component_ref idref="oc-1d5"/>
      </symbol>
      <symbol id="sm-527">
         <name>ulTaskNotifyTake</name>
         <value>0x1a91</value>
         <object_component_ref idref="oc-491"/>
      </symbol>
      <symbol id="sm-528">
         <name>xTaskCheckForTimeOut</name>
         <value>0x2641</value>
         <object_component_ref idref="oc-1b7"/>
      </symbol>
      <symbol id="sm-529">
         <name>xTaskPriorityDisinherit</name>
         <value>0x1f0d</value>
         <object_component_ref idref="oc-3d2"/>
      </symbol>
      <symbol id="sm-52a">
         <name>vTaskStartScheduler</name>
         <value>0x1ff9</value>
         <object_component_ref idref="oc-319"/>
      </symbol>
      <symbol id="sm-52b">
         <name>pvTaskIncrementMutexHeldCount</name>
         <value>0x2ebd</value>
         <object_component_ref idref="oc-1e1"/>
      </symbol>
      <symbol id="sm-52c">
         <name>xTaskGenericNotify</name>
         <value>0x1899</value>
         <object_component_ref idref="oc-47d"/>
      </symbol>
      <symbol id="sm-52d">
         <name>vTaskMissedYield</name>
         <value>0x2fdd</value>
         <object_component_ref idref="oc-3a4"/>
      </symbol>
      <symbol id="sm-52e">
         <name>xTaskResumeAll</name>
         <value>0x11c5</value>
         <object_component_ref idref="oc-1c3"/>
      </symbol>
      <symbol id="sm-52f">
         <name>xTaskGetTickCount</name>
         <value>0x2fe9</value>
         <object_component_ref idref="oc-471"/>
      </symbol>
      <symbol id="sm-530">
         <name>xTaskGenericCreate</name>
         <value>0xfdd</value>
         <object_component_ref idref="oc-30d"/>
      </symbol>
      <symbol id="sm-531">
         <name>pxCurrentTCB</name>
         <value>0x20014740</value>
         <object_component_ref idref="oc-a3"/>
      </symbol>
      <symbol id="sm-532">
         <name>vTaskPlaceOnEventListRestricted</name>
         <value>0x222d</value>
         <object_component_ref idref="oc-655"/>
      </symbol>
      <symbol id="sm-533">
         <name>vTaskSetTimeOutState</name>
         <value>0x2f05</value>
         <object_component_ref idref="oc-19f"/>
      </symbol>
      <symbol id="sm-534">
         <name>xTaskIncrementTick</name>
         <value>0xed9</value>
         <object_component_ref idref="oc-b0"/>
      </symbol>
      <symbol id="sm-535">
         <name>vTaskSwitchContext</name>
         <value>0x15d9</value>
         <object_component_ref idref="oc-a9"/>
      </symbol>
      <symbol id="sm-536">
         <name>xTaskGetSchedulerState</name>
         <value>0x2e01</value>
         <object_component_ref idref="oc-65d"/>
      </symbol>
      <symbol id="sm-537">
         <name>xTaskRemoveFromEventList</name>
         <value>0x206d</value>
         <object_component_ref idref="oc-1e7"/>
      </symbol>
      <symbol id="sm-5fa">
         <name>xTimerCreateTimerTask</name>
         <value>0x2929</value>
         <object_component_ref idref="oc-458"/>
      </symbol>
      <symbol id="sm-5fb">
         <name>xTimerGenericCommand</name>
         <value>0x296d</value>
         <object_component_ref idref="oc-63f"/>
      </symbol>
      <symbol id="sm-656">
         <name>ulMaxSyscallInterruptPriority</name>
         <value>0x3358</value>
         <object_component_ref idref="oc-a6"/>
      </symbol>
      <symbol id="sm-657">
         <name>vPortSetupTimerInterrupt</name>
         <value>0x2f49</value>
         <object_component_ref idref="oc-559"/>
      </symbol>
      <symbol id="sm-658">
         <name>xPortSysTickHandler</name>
         <value>0x2c89</value>
         <object_component_ref idref="oc-41"/>
      </symbol>
      <symbol id="sm-659">
         <name>pxPortInitialiseStack</name>
         <value>0x2d31</value>
         <object_component_ref idref="oc-44a"/>
      </symbol>
      <symbol id="sm-65a">
         <name>vPortExitCritical</name>
         <value>0x2eed</value>
         <object_component_ref idref="oc-1a5"/>
      </symbol>
      <symbol id="sm-65b">
         <name>xPortStartScheduler</name>
         <value>0x2a31</value>
         <object_component_ref idref="oc-45e"/>
      </symbol>
      <symbol id="sm-65c">
         <name>vPortEnterCritical</name>
         <value>0x2e3d</value>
         <object_component_ref idref="oc-1b1"/>
      </symbol>
      <symbol id="sm-66b">
         <name>vPortStartFirstTask</name>
         <value>0x1431</value>
         <object_component_ref idref="oc-3c"/>
      </symbol>
      <symbol id="sm-66c">
         <name>ulPortGetIPSR</name>
         <value>0x1399</value>
         <object_component_ref idref="oc-3c"/>
      </symbol>
      <symbol id="sm-66d">
         <name>vPortEnableVFP</name>
         <value>0x144d</value>
         <object_component_ref idref="oc-3c"/>
      </symbol>
      <symbol id="sm-66e">
         <name>xPortPendSVHandler</name>
         <value>0x13b1</value>
         <object_component_ref idref="oc-3c"/>
      </symbol>
      <symbol id="sm-66f">
         <name>vPortSVCHandler</name>
         <value>0x1411</value>
         <object_component_ref idref="oc-3c"/>
      </symbol>
      <symbol id="sm-699">
         <name>pvPortMalloc</name>
         <value>0x2695</value>
         <object_component_ref idref="oc-42a"/>
      </symbol>
      <symbol id="sm-69a">
         <name>vPortFree</name>
         <value>0x23bf</value>
         <object_component_ref idref="oc-527"/>
      </symbol>
      <symbol id="sm-71a">
         <name>g_pfnTimerHandler</name>
         <value>0x20010728</value>
      </symbol>
      <symbol id="sm-71b">
         <name>lwIPEthernetIntHandler</name>
         <value>0x173d</value>
         <object_component_ref idref="oc-59"/>
      </symbol>
      <symbol id="sm-80a">
         <name>UARTFlushRx</name>
         <value>0x2c5d</value>
         <object_component_ref idref="oc-4ee"/>
      </symbol>
      <symbol id="sm-80b">
         <name>UARTFlushTx</name>
         <value>0x2a71</value>
         <object_component_ref idref="oc-4f4"/>
      </symbol>
      <symbol id="sm-80c">
         <name>UARTStdioConfig</name>
         <value>0x168d</value>
         <object_component_ref idref="oc-404"/>
      </symbol>
      <symbol id="sm-80d">
         <name>UARTStdioIntHandler</name>
         <value>0xb2d</value>
         <object_component_ref idref="oc-47"/>
      </symbol>
      <symbol id="sm-80e">
         <name>UARTwrite</name>
         <value>0x1945</value>
         <object_component_ref idref="oc-c3"/>
      </symbol>
      <symbol id="sm-80f">
         <name>UARTprintf</name>
         <value>0x2e59</value>
         <object_component_ref idref="oc-e9"/>
      </symbol>
      <symbol id="sm-810">
         <name>UARTvprintf</name>
         <value>0x941</value>
         <object_component_ref idref="oc-1fa"/>
      </symbol>
      <symbol id="sm-820">
         <name>__aeabi_uidivmod</name>
         <value>0x29b1</value>
         <object_component_ref idref="oc-3cb"/>
      </symbol>
      <symbol id="sm-821">
         <name>__aeabi_uidiv</name>
         <value>0x29b1</value>
         <object_component_ref idref="oc-3cb"/>
      </symbol>
      <symbol id="sm-83c">
         <name>memcpy</name>
         <value>0x1bd5</value>
         <object_component_ref idref="oc-6d"/>
      </symbol>
      <symbol id="sm-83d">
         <name>__aeabi_memcpy</name>
         <value>0x1bd5</value>
         <object_component_ref idref="oc-6d"/>
      </symbol>
      <symbol id="sm-83e">
         <name>__aeabi_memcpy8</name>
         <value>0x1bd5</value>
         <object_component_ref idref="oc-6d"/>
      </symbol>
      <symbol id="sm-83f">
         <name>__aeabi_memcpy4</name>
         <value>0x1bd5</value>
         <object_component_ref idref="oc-6d"/>
      </symbol>
      <symbol id="sm-84e">
         <name>__aeabi_memset</name>
         <value>0x1e93</value>
         <object_component_ref idref="oc-13f"/>
      </symbol>
      <symbol id="sm-84f">
         <name>memset</name>
         <value>0x1e99</value>
         <object_component_ref idref="oc-13f"/>
      </symbol>
      <symbol id="sm-850">
         <name>__aeabi_memset8</name>
         <value>0x1e93</value>
         <object_component_ref idref="oc-13f"/>
      </symbol>
      <symbol id="sm-851">
         <name>__aeabi_memset4</name>
         <value>0x1e93</value>
         <object_component_ref idref="oc-13f"/>
      </symbol>
      <symbol id="sm-852">
         <name>__aeabi_memclr8</name>
         <value>0x1e91</value>
         <object_component_ref idref="oc-13f"/>
      </symbol>
      <symbol id="sm-853">
         <name>__aeabi_memclr4</name>
         <value>0x1e91</value>
         <object_component_ref idref="oc-13f"/>
      </symbol>
      <symbol id="sm-854">
         <name>__aeabi_memclr</name>
         <value>0x1e91</value>
         <object_component_ref idref="oc-13f"/>
      </symbol>
      <symbol id="sm-866">
         <name>__TI_zero_init</name>
         <value>0x2fd1</value>
         <object_component_ref idref="oc-7f"/>
      </symbol>
      <symbol id="sm-87d">
         <name>__TI_decompress_none</name>
         <value>0x2fc3</value>
         <object_component_ref idref="oc-18"/>
      </symbol>
      <symbol id="sm-8a0">
         <name>__TI_decompress_lzss</name>
         <value>0x21c5</value>
         <object_component_ref idref="oc-12"/>
      </symbol>
      <symbol id="sm-8b3">
         <name>__stack</name>
         <value>0x20010740</value>
         <object_component_ref idref="oc-21"/>
      </symbol>
      <symbol id="sm-8b4">
         <name>_c_int00_noargs</name>
         <value>0x2b5d</value>
         <object_component_ref idref="oc-8b"/>
      </symbol>
      <symbol id="sm-8bf">
         <name>C$$EXIT</name>
         <value>0x304d</value>
         <object_component_ref idref="oc-33c"/>
      </symbol>
      <symbol id="sm-8c0">
         <name>abort</name>
         <value>0x304d</value>
         <object_component_ref idref="oc-33c"/>
      </symbol>
      <symbol id="sm-8d2">
         <name>__aeabi_idiv0</name>
         <value>0x1f0b</value>
         <object_component_ref idref="oc-4c3"/>
      </symbol>
      <symbol id="sm-8d3">
         <name>__aeabi_ldiv0</name>
         <value>0x1f0b</value>
         <object_component_ref idref="oc-4c3"/>
      </symbol>
      <symbol id="sm-8fb">
         <name>__TI_auto_init_nobinit_nopinit</name>
         <value>0x28a1</value>
         <object_component_ref idref="oc-348"/>
      </symbol>
      <symbol id="sm-905">
         <name>_system_pre_init</name>
         <value>0x3049</value>
         <object_component_ref idref="oc-145"/>
      </symbol>
      <symbol id="sm-934">
         <name>EMACTimestampIntStatus</name>
         <value>0x301f</value>
         <object_component_ref idref="oc-110"/>
      </symbol>
      <symbol id="sm-935">
         <name>EMACPowerManagementStatusGet</name>
         <value>0x2fff</value>
         <object_component_ref idref="oc-10a"/>
      </symbol>
      <symbol id="sm-936">
         <name>EMACIntStatus</name>
         <value>0x2c31</value>
         <object_component_ref idref="oc-104"/>
      </symbol>
      <symbol id="sm-981">
         <name>GPIOPinConfigure</name>
         <value>0x27c9</value>
         <object_component_ref idref="oc-411"/>
      </symbol>
      <symbol id="sm-982">
         <name>GPIOPinTypeI2CSCL</name>
         <value>0x2f6f</value>
         <object_component_ref idref="oc-417"/>
      </symbol>
      <symbol id="sm-983">
         <name>GPIOPinTypeI2C</name>
         <value>0x2f5d</value>
         <object_component_ref idref="oc-41d"/>
      </symbol>
      <symbol id="sm-984">
         <name>GPIOPinTypeGPIOOutput</name>
         <value>0x2e8d</value>
         <object_component_ref idref="oc-58e"/>
      </symbol>
      <symbol id="sm-985">
         <name>GPIODirModeSet</name>
         <value>0x2cb5</value>
         <object_component_ref idref="oc-507"/>
      </symbol>
      <symbol id="sm-986">
         <name>GPIOPinWrite</name>
         <value>0x3025</value>
         <object_component_ref idref="oc-48a"/>
      </symbol>
      <symbol id="sm-987">
         <name>GPIOPadConfigSet</name>
         <value>0xc8d</value>
         <object_component_ref idref="oc-50d"/>
      </symbol>
      <symbol id="sm-9c8">
         <name>I2CMasterDataPut</name>
         <value>0x3045</value>
         <object_component_ref idref="oc-56e"/>
      </symbol>
      <symbol id="sm-9c9">
         <name>I2CMasterInitExpClk</name>
         <value>0x26e5</value>
         <object_component_ref idref="oc-423"/>
      </symbol>
      <symbol id="sm-9ca">
         <name>I2CMasterSlaveAddrSet</name>
         <value>0x300f</value>
         <object_component_ref idref="oc-568"/>
      </symbol>
      <symbol id="sm-9cb">
         <name>I2CMasterDataGet</name>
         <value>0x3041</value>
         <object_component_ref idref="oc-580"/>
      </symbol>
      <symbol id="sm-9cc">
         <name>I2CMasterControl</name>
         <value>0x303d</value>
         <object_component_ref idref="oc-574"/>
      </symbol>
      <symbol id="sm-9cd">
         <name>I2CMasterBusy</name>
         <value>0x3007</value>
         <object_component_ref idref="oc-57a"/>
      </symbol>
      <symbol id="sm-9ce">
         <name>I2CMasterEnable</name>
         <value>0x2ff5</value>
         <object_component_ref idref="oc-515"/>
      </symbol>
      <symbol id="sm-a4a">
         <name>SysCtlPeripheralEnable</name>
         <value>0x2bcd</value>
         <object_component_ref idref="oc-40b"/>
      </symbol>
      <symbol id="sm-a4b">
         <name>SysCtlPeripheralReady</name>
         <value>0x2b25</value>
         <object_component_ref idref="oc-588"/>
      </symbol>
      <symbol id="sm-a4c">
         <name>SysCtlClockFreqSet</name>
         <value>0x551</value>
         <object_component_ref idref="oc-2ef"/>
      </symbol>
      <symbol id="sm-a5a">
         <name>UARTClockSourceSet</name>
         <value>0x3031</value>
         <object_component_ref idref="oc-3fe"/>
      </symbol>
      <symbol id="sm-a5d">
         <name>__TI_static_base__</name>
         <value>0x0</value>
      </symbol>
      <symbol id="sm-a60">
         <name>__mpu_init</name>
         <value>0x0</value>
      </symbol>
      <symbol id="sm-a61">
         <name>_system_post_cinit</name>
         <value>0x0</value>
      </symbol>
   </symbol_table>
   <title>Link successful</title>
</link_info>
